Mon Sep 21 10:26:39 2026       
+-----------------------------------------------------------------------------------------+
| NVIDIA-SMI 595.58.03              Driver Version: 595.58.03      CUDA Version: 13.2     |
+-----------------------------------------+------------------------+----------------------+
| GPU  Name                 Persistence-M | Bus-Id          Disp.A | Volatile Uncorr. ECC |
| Fan  Temp   Perf          Pwr:Usage/Cap |           Memory-Usage | GPU-Util  Compute M. |
|                                         |                        |               MIG M. |
|=========================================+========================+======================|
|   0  NVIDIA A40                     On  |   00000000:44:00.0 Off |                    0 |
|  0%   30C    P8             22W /  300W |       0MiB /  46068MiB |      0%      Default |
|                                         |                        |                  N/A |
+-----------------------------------------+------------------------+----------------------+

+-----------------------------------------------------------------------------------------+
| Processes:                                                                              |
|  GPU   GI   CI              PID   Type   Process name                        GPU Memory |
|        ID   ID                                                               Usage      |
|=========================================================================================|
|  No running processes found                                                             |
+-----------------------------------------------------------------------------------------+
Saved new best model at epoch 1 with validation loss 0.641139
Epoch 001 | Train Loss: 0.7851 | Val Loss: 0.6411 | Acc: 0.9826 | Prec: 0.3685 | Rec: 0.4075 | F1: 0.3870 | Hamming: 3.50 | Exact: 0.0978 | Time: 20.04s
Saved new best model at epoch 2 with validation loss 0.557567
Epoch 002 | Train Loss: 0.6116 | Val Loss: 0.5576 | Acc: 0.9838 | Prec: 0.4100 | Rec: 0.4533 | F1: 0.4306 | Hamming: 3.25 | Exact: 0.1256 | Time: 18.88s
Saved new best model at epoch 3 with validation loss 0.537842
Epoch 003 | Train Loss: 0.5399 | Val Loss: 0.5378 | Acc: 0.9843 | Prec: 0.4263 | Rec: 0.4713 | F1: 0.4477 | Hamming: 3.16 | Exact: 0.1378 | Time: 19.01s
Saved new best model at epoch 4 with validation loss 0.518783
Epoch 004 | Train Loss: 0.5168 | Val Loss: 0.5188 | Acc: 0.9845 | Prec: 0.4315 | Rec: 0.4771 | F1: 0.4531 | Hamming: 3.12 | Exact: 0.1422 | Time: 18.98s
Saved new best model at epoch 5 with validation loss 0.515975
Epoch 005 | Train Loss: 0.5010 | Val Loss: 0.5160 | Acc: 0.9844 | Prec: 0.4300 | Rec: 0.4754 | F1: 0.4516 | Hamming: 3.13 | Exact: 0.1378 | Time: 18.84s
Saved new best model at epoch 6 with validation loss 0.507727
Epoch 006 | Train Loss: 0.4926 | Val Loss: 0.5077 | Acc: 0.9846 | Prec: 0.4370 | Rec: 0.4832 | F1: 0.4590 | Hamming: 3.09 | Exact: 0.1500 | Time: 19.01s
Saved new best model at epoch 7 with validation loss 0.505552
Epoch 007 | Train Loss: 0.4824 | Val Loss: 0.5056 | Acc: 0.9848 | Prec: 0.4419 | Rec: 0.4885 | F1: 0.4640 | Hamming: 3.06 | Exact: 0.1456 | Time: 18.99s
Saved new best model at epoch 8 with validation loss 0.501027
Epoch 008 | Train Loss: 0.4784 | Val Loss: 0.5010 | Acc: 0.9850 | Prec: 0.4481 | Rec: 0.4955 | F1: 0.4706 | Hamming: 3.02 | Exact: 0.1556 | Time: 18.88s
Saved new best model at epoch 9 with validation loss 0.498249
Epoch 009 | Train Loss: 0.4736 | Val Loss: 0.4982 | Acc: 0.9849 | Prec: 0.4478 | Rec: 0.4951 | F1: 0.4702 | Hamming: 3.03 | Exact: 0.1500 | Time: 18.94s
Saved new best model at epoch 10 with validation loss 0.494005
Epoch 010 | Train Loss: 0.4654 | Val Loss: 0.4940 | Acc: 0.9850 | Prec: 0.4504 | Rec: 0.4980 | F1: 0.4730 | Hamming: 3.01 | Exact: 0.1578 | Time: 18.76s
Epoch 011 | Train Loss: 0.4600 | Val Loss: 0.4954 | Acc: 0.9851 | Prec: 0.4541 | Rec: 0.5020 | F1: 0.4769 | Hamming: 2.99 | Exact: 0.1589 | Time: 19.05s
Epoch 012 | Train Loss: 0.4580 | Val Loss: 0.5009 | Acc: 0.9850 | Prec: 0.4500 | Rec: 0.4975 | F1: 0.4726 | Hamming: 3.01 | Exact: 0.1578 | Time: 18.79s
Epoch 013 | Train Loss: 0.4543 | Val Loss: 0.5027 | Acc: 0.9850 | Prec: 0.4511 | Rec: 0.4988 | F1: 0.4737 | Hamming: 3.01 | Exact: 0.1578 | Time: 18.93s
Epoch 014 | Train Loss: 0.4477 | Val Loss: 0.5039 | Acc: 0.9851 | Prec: 0.4526 | Rec: 0.5004 | F1: 0.4753 | Hamming: 3.00 | Exact: 0.1600 | Time: 19.04s
Epoch 015 | Train Loss: 0.4401 | Val Loss: 0.5045 | Acc: 0.9851 | Prec: 0.4541 | Rec: 0.5020 | F1: 0.4769 | Hamming: 2.99 | Exact: 0.1556 | Time: 18.97s
Epoch 016 | Train Loss: 0.4359 | Val Loss: 0.5067 | Acc: 0.9853 | Prec: 0.4611 | Rec: 0.5098 | F1: 0.4842 | Hamming: 2.95 | Exact: 0.1589 | Time: 19.02s
Epoch 017 | Train Loss: 0.4336 | Val Loss: 0.5134 | Acc: 0.9854 | Prec: 0.4619 | Rec: 0.5106 | F1: 0.4850 | Hamming: 2.94 | Exact: 0.1633 | Time: 18.95s
Epoch 018 | Train Loss: 0.4267 | Val Loss: 0.5210 | Acc: 0.9853 | Prec: 0.4607 | Rec: 0.5094 | F1: 0.4839 | Hamming: 2.95 | Exact: 0.1611 | Time: 18.96s
Epoch 019 | Train Loss: 0.4204 | Val Loss: 0.5274 | Acc: 0.9853 | Prec: 0.4600 | Rec: 0.5086 | F1: 0.4831 | Hamming: 2.95 | Exact: 0.1611 | Time: 18.96s
Epoch 020 | Train Loss: 0.4151 | Val Loss: 0.5343 | Acc: 0.9854 | Prec: 0.4619 | Rec: 0.5106 | F1: 0.4850 | Hamming: 2.94 | Exact: 0.1644 | Time: 18.98s
Epoch 021 | Train Loss: 0.4140 | Val Loss: 0.5455 | Acc: 0.9853 | Prec: 0.4600 | Rec: 0.5086 | F1: 0.4831 | Hamming: 2.95 | Exact: 0.1622 | Time: 18.90s
Epoch 022 | Train Loss: 0.4059 | Val Loss: 0.5538 | Acc: 0.9854 | Prec: 0.4633 | Rec: 0.5123 | F1: 0.4866 | Hamming: 2.93 | Exact: 0.1644 | Time: 18.85s
Epoch 023 | Train Loss: 0.4019 | Val Loss: 0.5628 | Acc: 0.9854 | Prec: 0.4648 | Rec: 0.5139 | F1: 0.4881 | Hamming: 2.92 | Exact: 0.1644 | Time: 19.08s
Epoch 024 | Train Loss: 0.3969 | Val Loss: 0.5714 | Acc: 0.9855 | Prec: 0.4663 | Rec: 0.5156 | F1: 0.4897 | Hamming: 2.92 | Exact: 0.1644 | Time: 19.04s
Epoch 025 | Train Loss: 0.3912 | Val Loss: 0.5851 | Acc: 0.9855 | Prec: 0.4670 | Rec: 0.5164 | F1: 0.4905 | Hamming: 2.91 | Exact: 0.1656 | Time: 18.99s
Epoch 026 | Train Loss: 0.3851 | Val Loss: 0.5952 | Acc: 0.9855 | Prec: 0.4652 | Rec: 0.5143 | F1: 0.4885 | Hamming: 2.92 | Exact: 0.1678 | Time: 18.93s
Epoch 027 | Train Loss: 0.3830 | Val Loss: 0.6054 | Acc: 0.9855 | Prec: 0.4652 | Rec: 0.5143 | F1: 0.4885 | Hamming: 2.92 | Exact: 0.1644 | Time: 19.00s
Epoch 028 | Train Loss: 0.3797 | Val Loss: 0.6185 | Acc: 0.9855 | Prec: 0.4652 | Rec: 0.5143 | F1: 0.4885 | Hamming: 2.92 | Exact: 0.1644 | Time: 19.04s
Epoch 029 | Train Loss: 0.3715 | Val Loss: 0.6240 | Acc: 0.9855 | Prec: 0.4659 | Rec: 0.5152 | F1: 0.4893 | Hamming: 2.92 | Exact: 0.1622 | Time: 18.88s
Epoch 030 | Train Loss: 0.3678 | Val Loss: 0.6325 | Acc: 0.9853 | Prec: 0.4604 | Rec: 0.5090 | F1: 0.4835 | Hamming: 2.95 | Exact: 0.1544 | Time: 18.92s
Epoch 031 | Train Loss: 0.3613 | Val Loss: 0.6470 | Acc: 0.9853 | Prec: 0.4604 | Rec: 0.5090 | F1: 0.4835 | Hamming: 2.95 | Exact: 0.1544 | Time: 18.86s
Epoch 032 | Train Loss: 0.3600 | Val Loss: 0.6542 | Acc: 0.9853 | Prec: 0.4604 | Rec: 0.5090 | F1: 0.4835 | Hamming: 2.95 | Exact: 0.1567 | Time: 18.89s
Epoch 033 | Train Loss: 0.3537 | Val Loss: 0.6680 | Acc: 0.9853 | Prec: 0.4585 | Rec: 0.5070 | F1: 0.4815 | Hamming: 2.96 | Exact: 0.1600 | Time: 19.04s
Epoch 034 | Train Loss: 0.3454 | Val Loss: 0.6840 | Acc: 0.9853 | Prec: 0.4593 | Rec: 0.5078 | F1: 0.4823 | Hamming: 2.96 | Exact: 0.1622 | Time: 18.94s
Epoch 035 | Train Loss: 0.3499 | Val Loss: 0.7006 | Acc: 0.9853 | Prec: 0.4600 | Rec: 0.5086 | F1: 0.4831 | Hamming: 2.95 | Exact: 0.1667 | Time: 19.00s
Epoch 036 | Train Loss: 0.3444 | Val Loss: 0.7152 | Acc: 0.9853 | Prec: 0.4596 | Rec: 0.5082 | F1: 0.4827 | Hamming: 2.96 | Exact: 0.1711 | Time: 19.02s
Epoch 037 | Train Loss: 0.3368 | Val Loss: 0.7265 | Acc: 0.9853 | Prec: 0.4593 | Rec: 0.5078 | F1: 0.4823 | Hamming: 2.96 | Exact: 0.1700 | Time: 18.92s
Epoch 038 | Train Loss: 0.3375 | Val Loss: 0.7406 | Acc: 0.9854 | Prec: 0.4622 | Rec: 0.5111 | F1: 0.4854 | Hamming: 2.94 | Exact: 0.1722 | Time: 18.89s
Epoch 039 | Train Loss: 0.3324 | Val Loss: 0.7541 | Acc: 0.9854 | Prec: 0.4619 | Rec: 0.5106 | F1: 0.4850 | Hamming: 2.94 | Exact: 0.1678 | Time: 19.03s
Epoch 040 | Train Loss: 0.3275 | Val Loss: 0.7691 | Acc: 0.9853 | Prec: 0.4611 | Rec: 0.5098 | F1: 0.4842 | Hamming: 2.95 | Exact: 0.1644 | Time: 19.00s
Epoch 041 | Train Loss: 0.3211 | Val Loss: 0.7856 | Acc: 0.9854 | Prec: 0.4622 | Rec: 0.5111 | F1: 0.4854 | Hamming: 2.94 | Exact: 0.1656 | Time: 19.08s
Epoch 042 | Train Loss: 0.3237 | Val Loss: 0.7990 | Acc: 0.9853 | Prec: 0.4607 | Rec: 0.5094 | F1: 0.4839 | Hamming: 2.95 | Exact: 0.1600 | Time: 18.97s
Epoch 043 | Train Loss: 0.3204 | Val Loss: 0.8095 | Acc: 0.9854 | Prec: 0.4622 | Rec: 0.5111 | F1: 0.4854 | Hamming: 2.94 | Exact: 0.1622 | Time: 18.82s
Epoch 044 | Train Loss: 0.3100 | Val Loss: 0.8224 | Acc: 0.9854 | Prec: 0.4622 | Rec: 0.5111 | F1: 0.4854 | Hamming: 2.94 | Exact: 0.1600 | Time: 18.94s
Epoch 045 | Train Loss: 0.3128 | Val Loss: 0.8358 | Acc: 0.9854 | Prec: 0.4626 | Rec: 0.5115 | F1: 0.4858 | Hamming: 2.94 | Exact: 0.1589 | Time: 18.94s
Epoch 046 | Train Loss: 0.3089 | Val Loss: 0.8480 | Acc: 0.9854 | Prec: 0.4626 | Rec: 0.5115 | F1: 0.4858 | Hamming: 2.94 | Exact: 0.1544 | Time: 19.00s
Epoch 047 | Train Loss: 0.3024 | Val Loss: 0.8588 | Acc: 0.9854 | Prec: 0.4626 | Rec: 0.5115 | F1: 0.4858 | Hamming: 2.94 | Exact: 0.1556 | Time: 18.96s
Epoch 048 | Train Loss: 0.2968 | Val Loss: 0.8746 | Acc: 0.9853 | Prec: 0.4607 | Rec: 0.5094 | F1: 0.4839 | Hamming: 2.95 | Exact: 0.1578 | Time: 18.98s
Epoch 049 | Train Loss: 0.3007 | Val Loss: 0.8912 | Acc: 0.9853 | Prec: 0.4604 | Rec: 0.5090 | F1: 0.4835 | Hamming: 2.95 | Exact: 0.1567 | Time: 18.92s
Epoch 050 | Train Loss: 0.2913 | Val Loss: 0.9088 | Acc: 0.9853 | Prec: 0.4615 | Rec: 0.5102 | F1: 0.4846 | Hamming: 2.94 | Exact: 0.1578 | Time: 18.91s

Total training time for tropical_shortest_path_mixed_55_15_reps100: 948.87 seconds
Average epoch time: 18.98 seconds
Best epoch: 10 | Best validation loss: 0.494005
Best model saved to: saved_models/tropical_shortest_path_mixed_55_15_reps100_best_model.pt
Final model saved to: saved_models/tropical_shortest_path_mixed_55_15_reps100_final_model.pt
Saved new best model at epoch 1 with validation loss 0.646646
Epoch 001 | Train Loss: 0.7859 | Val Loss: 0.6466 | Acc: 0.9823 | Prec: 0.3600 | Rec: 0.3980 | F1: 0.3781 | Hamming: 3.55 | Exact: 0.0911 | Time: 18.00s
Saved new best model at epoch 2 with validation loss 0.598969
Epoch 002 | Train Loss: 0.6333 | Val Loss: 0.5990 | Acc: 0.9838 | Prec: 0.4089 | Rec: 0.4521 | F1: 0.4294 | Hamming: 3.26 | Exact: 0.1211 | Time: 17.33s
Saved new best model at epoch 3 with validation loss 0.545345
Epoch 003 | Train Loss: 0.5555 | Val Loss: 0.5453 | Acc: 0.9843 | Prec: 0.4274 | Rec: 0.4726 | F1: 0.4489 | Hamming: 3.15 | Exact: 0.1422 | Time: 17.45s
Saved new best model at epoch 4 with validation loss 0.524835
Epoch 004 | Train Loss: 0.5246 | Val Loss: 0.5248 | Acc: 0.9846 | Prec: 0.4374 | Rec: 0.4836 | F1: 0.4594 | Hamming: 3.09 | Exact: 0.1378 | Time: 16.92s
Saved new best model at epoch 5 with validation loss 0.519498
Epoch 005 | Train Loss: 0.5129 | Val Loss: 0.5195 | Acc: 0.9848 | Prec: 0.4444 | Rec: 0.4914 | F1: 0.4667 | Hamming: 3.05 | Exact: 0.1533 | Time: 17.27s
Saved new best model at epoch 6 with validation loss 0.508958
Epoch 006 | Train Loss: 0.4984 | Val Loss: 0.5090 | Acc: 0.9849 | Prec: 0.4448 | Rec: 0.4918 | F1: 0.4671 | Hamming: 3.04 | Exact: 0.1544 | Time: 17.26s
Saved new best model at epoch 7 with validation loss 0.502527
Epoch 007 | Train Loss: 0.4892 | Val Loss: 0.5025 | Acc: 0.9849 | Prec: 0.4474 | Rec: 0.4947 | F1: 0.4699 | Hamming: 3.03 | Exact: 0.1633 | Time: 17.31s
Saved new best model at epoch 8 with validation loss 0.495662
Epoch 008 | Train Loss: 0.4869 | Val Loss: 0.4957 | Acc: 0.9850 | Prec: 0.4504 | Rec: 0.4980 | F1: 0.4730 | Hamming: 3.01 | Exact: 0.1611 | Time: 16.95s
Epoch 009 | Train Loss: 0.4809 | Val Loss: 0.4972 | Acc: 0.9850 | Prec: 0.4507 | Rec: 0.4984 | F1: 0.4734 | Hamming: 3.01 | Exact: 0.1578 | Time: 17.48s
Saved new best model at epoch 10 with validation loss 0.493562
Epoch 010 | Train Loss: 0.4721 | Val Loss: 0.4936 | Acc: 0.9852 | Prec: 0.4581 | Rec: 0.5066 | F1: 0.4811 | Hamming: 2.96 | Exact: 0.1656 | Time: 17.36s
Saved new best model at epoch 11 with validation loss 0.490540
Epoch 011 | Train Loss: 0.4632 | Val Loss: 0.4905 | Acc: 0.9852 | Prec: 0.4574 | Rec: 0.5057 | F1: 0.4804 | Hamming: 2.97 | Exact: 0.1656 | Time: 17.32s
Epoch 012 | Train Loss: 0.4630 | Val Loss: 0.4916 | Acc: 0.9853 | Prec: 0.4596 | Rec: 0.5082 | F1: 0.4827 | Hamming: 2.96 | Exact: 0.1622 | Time: 17.40s
Epoch 013 | Train Loss: 0.4597 | Val Loss: 0.4988 | Acc: 0.9854 | Prec: 0.4637 | Rec: 0.5127 | F1: 0.4870 | Hamming: 2.93 | Exact: 0.1622 | Time: 17.37s
Epoch 014 | Train Loss: 0.4536 | Val Loss: 0.4987 | Acc: 0.9855 | Prec: 0.4652 | Rec: 0.5143 | F1: 0.4885 | Hamming: 2.92 | Exact: 0.1589 | Time: 17.34s
Epoch 015 | Train Loss: 0.4506 | Val Loss: 0.4965 | Acc: 0.9854 | Prec: 0.4637 | Rec: 0.5127 | F1: 0.4870 | Hamming: 2.93 | Exact: 0.1589 | Time: 16.96s
Epoch 016 | Train Loss: 0.4457 | Val Loss: 0.4924 | Acc: 0.9854 | Prec: 0.4622 | Rec: 0.5111 | F1: 0.4854 | Hamming: 2.94 | Exact: 0.1556 | Time: 17.33s
Epoch 017 | Train Loss: 0.4381 | Val Loss: 0.4938 | Acc: 0.9855 | Prec: 0.4656 | Rec: 0.5147 | F1: 0.4889 | Hamming: 2.92 | Exact: 0.1578 | Time: 17.39s
Epoch 018 | Train Loss: 0.4387 | Val Loss: 0.4982 | Acc: 0.9855 | Prec: 0.4663 | Rec: 0.5156 | F1: 0.4897 | Hamming: 2.92 | Exact: 0.1589 | Time: 17.35s
Epoch 019 | Train Loss: 0.4343 | Val Loss: 0.5011 | Acc: 0.9854 | Prec: 0.4622 | Rec: 0.5111 | F1: 0.4854 | Hamming: 2.94 | Exact: 0.1600 | Time: 17.43s
Epoch 020 | Train Loss: 0.4269 | Val Loss: 0.5052 | Acc: 0.9854 | Prec: 0.4637 | Rec: 0.5127 | F1: 0.4870 | Hamming: 2.93 | Exact: 0.1622 | Time: 17.26s
Epoch 021 | Train Loss: 0.4246 | Val Loss: 0.5121 | Acc: 0.9854 | Prec: 0.4626 | Rec: 0.5115 | F1: 0.4858 | Hamming: 2.94 | Exact: 0.1622 | Time: 17.31s
Epoch 022 | Train Loss: 0.4200 | Val Loss: 0.5194 | Acc: 0.9854 | Prec: 0.4641 | Rec: 0.5131 | F1: 0.4874 | Hamming: 2.93 | Exact: 0.1589 | Time: 17.30s
Epoch 023 | Train Loss: 0.4168 | Val Loss: 0.5233 | Acc: 0.9855 | Prec: 0.4652 | Rec: 0.5143 | F1: 0.4885 | Hamming: 2.92 | Exact: 0.1611 | Time: 17.25s
Epoch 024 | Train Loss: 0.4127 | Val Loss: 0.5310 | Acc: 0.9853 | Prec: 0.4607 | Rec: 0.5094 | F1: 0.4839 | Hamming: 2.95 | Exact: 0.1600 | Time: 17.35s
Epoch 025 | Train Loss: 0.4059 | Val Loss: 0.5386 | Acc: 0.9853 | Prec: 0.4593 | Rec: 0.5078 | F1: 0.4823 | Hamming: 2.96 | Exact: 0.1589 | Time: 17.28s
Epoch 026 | Train Loss: 0.4057 | Val Loss: 0.5437 | Acc: 0.9853 | Prec: 0.4589 | Rec: 0.5074 | F1: 0.4819 | Hamming: 2.96 | Exact: 0.1567 | Time: 17.37s
Epoch 027 | Train Loss: 0.3980 | Val Loss: 0.5484 | Acc: 0.9853 | Prec: 0.4607 | Rec: 0.5094 | F1: 0.4839 | Hamming: 2.95 | Exact: 0.1589 | Time: 17.23s
Epoch 028 | Train Loss: 0.3931 | Val Loss: 0.5594 | Acc: 0.9853 | Prec: 0.4607 | Rec: 0.5094 | F1: 0.4839 | Hamming: 2.95 | Exact: 0.1544 | Time: 17.22s
Epoch 029 | Train Loss: 0.3883 | Val Loss: 0.5692 | Acc: 0.9853 | Prec: 0.4611 | Rec: 0.5098 | F1: 0.4842 | Hamming: 2.95 | Exact: 0.1522 | Time: 17.21s
Epoch 030 | Train Loss: 0.3841 | Val Loss: 0.5813 | Acc: 0.9854 | Prec: 0.4622 | Rec: 0.5111 | F1: 0.4854 | Hamming: 2.94 | Exact: 0.1556 | Time: 17.14s
Epoch 031 | Train Loss: 0.3837 | Val Loss: 0.5938 | Acc: 0.9854 | Prec: 0.4630 | Rec: 0.5119 | F1: 0.4862 | Hamming: 2.94 | Exact: 0.1589 | Time: 17.26s
Epoch 032 | Train Loss: 0.3788 | Val Loss: 0.6069 | Acc: 0.9853 | Prec: 0.4607 | Rec: 0.5094 | F1: 0.4839 | Hamming: 2.95 | Exact: 0.1589 | Time: 17.21s
Epoch 033 | Train Loss: 0.3748 | Val Loss: 0.6179 | Acc: 0.9853 | Prec: 0.4596 | Rec: 0.5082 | F1: 0.4827 | Hamming: 2.96 | Exact: 0.1600 | Time: 17.31s
Epoch 034 | Train Loss: 0.3700 | Val Loss: 0.6284 | Acc: 0.9853 | Prec: 0.4585 | Rec: 0.5070 | F1: 0.4815 | Hamming: 2.96 | Exact: 0.1600 | Time: 17.19s
Epoch 035 | Train Loss: 0.3705 | Val Loss: 0.6375 | Acc: 0.9853 | Prec: 0.4585 | Rec: 0.5070 | F1: 0.4815 | Hamming: 2.96 | Exact: 0.1611 | Time: 17.26s
Epoch 036 | Train Loss: 0.3688 | Val Loss: 0.6485 | Acc: 0.9853 | Prec: 0.4585 | Rec: 0.5070 | F1: 0.4815 | Hamming: 2.96 | Exact: 0.1600 | Time: 17.25s
Epoch 037 | Train Loss: 0.3600 | Val Loss: 0.6597 | Acc: 0.9853 | Prec: 0.4596 | Rec: 0.5082 | F1: 0.4827 | Hamming: 2.96 | Exact: 0.1611 | Time: 17.16s
Epoch 038 | Train Loss: 0.3602 | Val Loss: 0.6772 | Acc: 0.9853 | Prec: 0.4596 | Rec: 0.5082 | F1: 0.4827 | Hamming: 2.96 | Exact: 0.1622 | Time: 17.25s
Epoch 039 | Train Loss: 0.3555 | Val Loss: 0.6929 | Acc: 0.9853 | Prec: 0.4593 | Rec: 0.5078 | F1: 0.4823 | Hamming: 2.96 | Exact: 0.1600 | Time: 17.26s
Epoch 040 | Train Loss: 0.3513 | Val Loss: 0.7032 | Acc: 0.9853 | Prec: 0.4593 | Rec: 0.5078 | F1: 0.4823 | Hamming: 2.96 | Exact: 0.1622 | Time: 17.27s
Epoch 041 | Train Loss: 0.3467 | Val Loss: 0.7174 | Acc: 0.9852 | Prec: 0.4574 | Rec: 0.5057 | F1: 0.4804 | Hamming: 2.97 | Exact: 0.1600 | Time: 17.26s
Epoch 042 | Train Loss: 0.3478 | Val Loss: 0.7252 | Acc: 0.9852 | Prec: 0.4581 | Rec: 0.5066 | F1: 0.4811 | Hamming: 2.96 | Exact: 0.1578 | Time: 17.22s
Epoch 043 | Train Loss: 0.3428 | Val Loss: 0.7354 | Acc: 0.9852 | Prec: 0.4581 | Rec: 0.5066 | F1: 0.4811 | Hamming: 2.96 | Exact: 0.1544 | Time: 17.30s
Epoch 044 | Train Loss: 0.3416 | Val Loss: 0.7486 | Acc: 0.9853 | Prec: 0.4593 | Rec: 0.5078 | F1: 0.4823 | Hamming: 2.96 | Exact: 0.1533 | Time: 17.24s
Epoch 045 | Train Loss: 0.3417 | Val Loss: 0.7595 | Acc: 0.9853 | Prec: 0.4593 | Rec: 0.5078 | F1: 0.4823 | Hamming: 2.96 | Exact: 0.1544 | Time: 17.28s
Epoch 046 | Train Loss: 0.3312 | Val Loss: 0.7698 | Acc: 0.9852 | Prec: 0.4578 | Rec: 0.5061 | F1: 0.4807 | Hamming: 2.97 | Exact: 0.1522 | Time: 17.23s
Epoch 047 | Train Loss: 0.3280 | Val Loss: 0.7822 | Acc: 0.9852 | Prec: 0.4581 | Rec: 0.5066 | F1: 0.4811 | Hamming: 2.96 | Exact: 0.1533 | Time: 17.32s
Epoch 048 | Train Loss: 0.3261 | Val Loss: 0.7969 | Acc: 0.9852 | Prec: 0.4574 | Rec: 0.5057 | F1: 0.4804 | Hamming: 2.97 | Exact: 0.1533 | Time: 17.27s
Epoch 049 | Train Loss: 0.3244 | Val Loss: 0.8103 | Acc: 0.9852 | Prec: 0.4581 | Rec: 0.5066 | F1: 0.4811 | Hamming: 2.96 | Exact: 0.1556 | Time: 17.11s
Epoch 050 | Train Loss: 0.3209 | Val Loss: 0.8233 | Acc: 0.9853 | Prec: 0.4589 | Rec: 0.5074 | F1: 0.4819 | Hamming: 2.96 | Exact: 0.1556 | Time: 16.88s

Total training time for tropical_v2_shortest_path_mixed_55_15_reps100: 863.79 seconds
Average epoch time: 17.28 seconds
Best epoch: 11 | Best validation loss: 0.490540
Best model saved to: saved_models/tropical_v2_shortest_path_mixed_55_15_reps100_best_model.pt
Final model saved to: saved_models/tropical_v2_shortest_path_mixed_55_15_reps100_final_model.pt
Saved new best model at epoch 1 with validation loss 0.723988
Epoch 001 | Train Loss: 0.8065 | Val Loss: 0.7240 | Acc: 0.9833 | Prec: 0.3937 | Rec: 0.4353 | F1: 0.4135 | Hamming: 3.35 | Exact: 0.1100 | Time: 11.63s
Saved new best model at epoch 2 with validation loss 0.706485
Epoch 002 | Train Loss: 0.7042 | Val Loss: 0.7065 | Acc: 0.9843 | Prec: 0.4267 | Rec: 0.4717 | F1: 0.4481 | Hamming: 3.15 | Exact: 0.1400 | Time: 11.11s
Saved new best model at epoch 3 with validation loss 0.695272
Epoch 003 | Train Loss: 0.6817 | Val Loss: 0.6953 | Acc: 0.9843 | Prec: 0.4270 | Rec: 0.4722 | F1: 0.4485 | Hamming: 3.15 | Exact: 0.1400 | Time: 11.33s
Saved new best model at epoch 4 with validation loss 0.690087
Epoch 004 | Train Loss: 0.6666 | Val Loss: 0.6901 | Acc: 0.9843 | Prec: 0.4263 | Rec: 0.4713 | F1: 0.4477 | Hamming: 3.16 | Exact: 0.1422 | Time: 10.97s
Saved new best model at epoch 5 with validation loss 0.684568
Epoch 005 | Train Loss: 0.6553 | Val Loss: 0.6846 | Acc: 0.9843 | Prec: 0.4270 | Rec: 0.4722 | F1: 0.4485 | Hamming: 3.15 | Exact: 0.1333 | Time: 11.14s
Epoch 006 | Train Loss: 0.6465 | Val Loss: 0.6877 | Acc: 0.9843 | Prec: 0.4263 | Rec: 0.4713 | F1: 0.4477 | Hamming: 3.16 | Exact: 0.1378 | Time: 11.02s
Epoch 007 | Train Loss: 0.6387 | Val Loss: 0.6912 | Acc: 0.9845 | Prec: 0.4322 | Rec: 0.4779 | F1: 0.4539 | Hamming: 3.12 | Exact: 0.1433 | Time: 11.05s
Epoch 008 | Train Loss: 0.6350 | Val Loss: 0.6913 | Acc: 0.9844 | Prec: 0.4300 | Rec: 0.4754 | F1: 0.4516 | Hamming: 3.13 | Exact: 0.1422 | Time: 10.95s
Epoch 009 | Train Loss: 0.6284 | Val Loss: 0.6855 | Acc: 0.9845 | Prec: 0.4333 | Rec: 0.4791 | F1: 0.4551 | Hamming: 3.11 | Exact: 0.1444 | Time: 11.15s
Epoch 010 | Train Loss: 0.6221 | Val Loss: 0.6870 | Acc: 0.9844 | Prec: 0.4311 | Rec: 0.4767 | F1: 0.4527 | Hamming: 3.13 | Exact: 0.1467 | Time: 11.19s
Epoch 011 | Train Loss: 0.6083 | Val Loss: 0.6915 | Acc: 0.9844 | Prec: 0.4300 | Rec: 0.4754 | F1: 0.4516 | Hamming: 3.13 | Exact: 0.1444 | Time: 10.57s
Epoch 012 | Train Loss: 0.6076 | Val Loss: 0.6902 | Acc: 0.9845 | Prec: 0.4326 | Rec: 0.4783 | F1: 0.4543 | Hamming: 3.12 | Exact: 0.1456 | Time: 11.02s
Epoch 013 | Train Loss: 0.6004 | Val Loss: 0.6952 | Acc: 0.9845 | Prec: 0.4315 | Rec: 0.4771 | F1: 0.4531 | Hamming: 3.12 | Exact: 0.1478 | Time: 10.94s
Epoch 014 | Train Loss: 0.5949 | Val Loss: 0.7022 | Acc: 0.9844 | Prec: 0.4304 | Rec: 0.4758 | F1: 0.4520 | Hamming: 3.13 | Exact: 0.1411 | Time: 10.94s
Epoch 015 | Train Loss: 0.5895 | Val Loss: 0.7060 | Acc: 0.9844 | Prec: 0.4289 | Rec: 0.4742 | F1: 0.4504 | Hamming: 3.14 | Exact: 0.1422 | Time: 10.96s
Epoch 016 | Train Loss: 0.5791 | Val Loss: 0.7095 | Acc: 0.9845 | Prec: 0.4330 | Rec: 0.4787 | F1: 0.4547 | Hamming: 3.12 | Exact: 0.1433 | Time: 11.08s
Epoch 017 | Train Loss: 0.5809 | Val Loss: 0.7158 | Acc: 0.9844 | Prec: 0.4311 | Rec: 0.4767 | F1: 0.4527 | Hamming: 3.13 | Exact: 0.1400 | Time: 11.23s
Epoch 018 | Train Loss: 0.5765 | Val Loss: 0.7243 | Acc: 0.9844 | Prec: 0.4296 | Rec: 0.4750 | F1: 0.4512 | Hamming: 3.14 | Exact: 0.1378 | Time: 10.99s
Epoch 019 | Train Loss: 0.5680 | Val Loss: 0.7249 | Acc: 0.9843 | Prec: 0.4267 | Rec: 0.4717 | F1: 0.4481 | Hamming: 3.15 | Exact: 0.1344 | Time: 11.19s
Epoch 020 | Train Loss: 0.5634 | Val Loss: 0.7288 | Acc: 0.9844 | Prec: 0.4285 | Rec: 0.4738 | F1: 0.4500 | Hamming: 3.14 | Exact: 0.1356 | Time: 11.00s
Epoch 021 | Train Loss: 0.5598 | Val Loss: 0.7370 | Acc: 0.9843 | Prec: 0.4274 | Rec: 0.4726 | F1: 0.4489 | Hamming: 3.15 | Exact: 0.1367 | Time: 11.09s
Epoch 022 | Train Loss: 0.5560 | Val Loss: 0.7410 | Acc: 0.9844 | Prec: 0.4285 | Rec: 0.4738 | F1: 0.4500 | Hamming: 3.14 | Exact: 0.1356 | Time: 11.00s
Epoch 023 | Train Loss: 0.5465 | Val Loss: 0.7451 | Acc: 0.9844 | Prec: 0.4289 | Rec: 0.4742 | F1: 0.4504 | Hamming: 3.14 | Exact: 0.1378 | Time: 11.00s
Epoch 024 | Train Loss: 0.5397 | Val Loss: 0.7498 | Acc: 0.9844 | Prec: 0.4296 | Rec: 0.4750 | F1: 0.4512 | Hamming: 3.14 | Exact: 0.1378 | Time: 10.82s
Epoch 025 | Train Loss: 0.5362 | Val Loss: 0.7586 | Acc: 0.9843 | Prec: 0.4278 | Rec: 0.4730 | F1: 0.4492 | Hamming: 3.15 | Exact: 0.1367 | Time: 10.91s
Epoch 026 | Train Loss: 0.5323 | Val Loss: 0.7677 | Acc: 0.9843 | Prec: 0.4274 | Rec: 0.4726 | F1: 0.4489 | Hamming: 3.15 | Exact: 0.1356 | Time: 11.09s
Epoch 027 | Train Loss: 0.5279 | Val Loss: 0.7751 | Acc: 0.9843 | Prec: 0.4270 | Rec: 0.4722 | F1: 0.4485 | Hamming: 3.15 | Exact: 0.1367 | Time: 11.13s
Epoch 028 | Train Loss: 0.5242 | Val Loss: 0.7825 | Acc: 0.9843 | Prec: 0.4270 | Rec: 0.4722 | F1: 0.4485 | Hamming: 3.15 | Exact: 0.1356 | Time: 11.04s
Epoch 029 | Train Loss: 0.5134 | Val Loss: 0.7899 | Acc: 0.9843 | Prec: 0.4267 | Rec: 0.4717 | F1: 0.4481 | Hamming: 3.15 | Exact: 0.1356 | Time: 11.00s
Epoch 030 | Train Loss: 0.5087 | Val Loss: 0.7981 | Acc: 0.9843 | Prec: 0.4278 | Rec: 0.4730 | F1: 0.4492 | Hamming: 3.15 | Exact: 0.1378 | Time: 11.04s
Epoch 031 | Train Loss: 0.5119 | Val Loss: 0.8085 | Acc: 0.9844 | Prec: 0.4281 | Rec: 0.4734 | F1: 0.4496 | Hamming: 3.14 | Exact: 0.1378 | Time: 11.06s
Epoch 032 | Train Loss: 0.5102 | Val Loss: 0.8145 | Acc: 0.9843 | Prec: 0.4267 | Rec: 0.4717 | F1: 0.4481 | Hamming: 3.15 | Exact: 0.1378 | Time: 11.30s
Epoch 033 | Train Loss: 0.5016 | Val Loss: 0.8218 | Acc: 0.9844 | Prec: 0.4296 | Rec: 0.4750 | F1: 0.4512 | Hamming: 3.14 | Exact: 0.1422 | Time: 10.81s
Epoch 034 | Train Loss: 0.4983 | Val Loss: 0.8299 | Acc: 0.9844 | Prec: 0.4296 | Rec: 0.4750 | F1: 0.4512 | Hamming: 3.14 | Exact: 0.1422 | Time: 11.19s
Epoch 035 | Train Loss: 0.4903 | Val Loss: 0.8399 | Acc: 0.9844 | Prec: 0.4300 | Rec: 0.4754 | F1: 0.4516 | Hamming: 3.13 | Exact: 0.1433 | Time: 11.02s
Epoch 036 | Train Loss: 0.4859 | Val Loss: 0.8493 | Acc: 0.9843 | Prec: 0.4274 | Rec: 0.4726 | F1: 0.4489 | Hamming: 3.15 | Exact: 0.1400 | Time: 11.04s
Epoch 037 | Train Loss: 0.4857 | Val Loss: 0.8598 | Acc: 0.9843 | Prec: 0.4267 | Rec: 0.4717 | F1: 0.4481 | Hamming: 3.15 | Exact: 0.1400 | Time: 11.20s
Epoch 038 | Train Loss: 0.4826 | Val Loss: 0.8703 | Acc: 0.9843 | Prec: 0.4267 | Rec: 0.4717 | F1: 0.4481 | Hamming: 3.15 | Exact: 0.1389 | Time: 10.92s
Epoch 039 | Train Loss: 0.4803 | Val Loss: 0.8844 | Acc: 0.9843 | Prec: 0.4256 | Rec: 0.4705 | F1: 0.4469 | Hamming: 3.16 | Exact: 0.1356 | Time: 11.16s
Epoch 040 | Train Loss: 0.4777 | Val Loss: 0.8957 | Acc: 0.9843 | Prec: 0.4274 | Rec: 0.4726 | F1: 0.4489 | Hamming: 3.15 | Exact: 0.1367 | Time: 10.97s
Epoch 041 | Train Loss: 0.4688 | Val Loss: 0.9041 | Acc: 0.9843 | Prec: 0.4256 | Rec: 0.4705 | F1: 0.4469 | Hamming: 3.16 | Exact: 0.1367 | Time: 11.02s
Epoch 042 | Train Loss: 0.4708 | Val Loss: 0.9119 | Acc: 0.9842 | Prec: 0.4237 | Rec: 0.4685 | F1: 0.4450 | Hamming: 3.17 | Exact: 0.1344 | Time: 11.09s
Epoch 043 | Train Loss: 0.4672 | Val Loss: 0.9211 | Acc: 0.9843 | Prec: 0.4248 | Rec: 0.4697 | F1: 0.4461 | Hamming: 3.16 | Exact: 0.1367 | Time: 11.29s
Epoch 044 | Train Loss: 0.4633 | Val Loss: 0.9300 | Acc: 0.9843 | Prec: 0.4259 | Rec: 0.4709 | F1: 0.4473 | Hamming: 3.16 | Exact: 0.1367 | Time: 11.02s
Epoch 045 | Train Loss: 0.4551 | Val Loss: 0.9405 | Acc: 0.9842 | Prec: 0.4244 | Rec: 0.4693 | F1: 0.4457 | Hamming: 3.17 | Exact: 0.1344 | Time: 10.96s
Epoch 046 | Train Loss: 0.4519 | Val Loss: 0.9508 | Acc: 0.9842 | Prec: 0.4215 | Rec: 0.4660 | F1: 0.4426 | Hamming: 3.18 | Exact: 0.1300 | Time: 11.06s
Epoch 047 | Train Loss: 0.4492 | Val Loss: 0.9607 | Acc: 0.9842 | Prec: 0.4215 | Rec: 0.4660 | F1: 0.4426 | Hamming: 3.18 | Exact: 0.1278 | Time: 11.05s
Epoch 048 | Train Loss: 0.4496 | Val Loss: 0.9673 | Acc: 0.9842 | Prec: 0.4230 | Rec: 0.4676 | F1: 0.4442 | Hamming: 3.18 | Exact: 0.1311 | Time: 11.24s
Epoch 049 | Train Loss: 0.4525 | Val Loss: 0.9744 | Acc: 0.9842 | Prec: 0.4219 | Rec: 0.4664 | F1: 0.4430 | Hamming: 3.18 | Exact: 0.1311 | Time: 11.08s
Epoch 050 | Train Loss: 0.4420 | Val Loss: 0.9856 | Acc: 0.9841 | Prec: 0.4211 | Rec: 0.4656 | F1: 0.4422 | Hamming: 3.19 | Exact: 0.1300 | Time: 11.12s

Total training time for transformer_shortest_path_mixed_55_15_reps100: 553.21 seconds
Average epoch time: 11.06 seconds
Best epoch: 5 | Best validation loss: 0.684568
Best model saved to: saved_models/transformer_shortest_path_mixed_55_15_reps100_best_model.pt
Final model saved to: saved_models/transformer_shortest_path_mixed_55_15_reps100_final_model.pt
Saved new best model at epoch 1 with validation loss 0.715878
Epoch 001 | Train Loss: 0.8060 | Val Loss: 0.7159 | Acc: 0.9835 | Prec: 0.3996 | Rec: 0.4419 | F1: 0.4197 | Hamming: 3.32 | Exact: 0.1189 | Time: 11.99s
Saved new best model at epoch 2 with validation loss 0.694621
Epoch 002 | Train Loss: 0.6881 | Val Loss: 0.6946 | Acc: 0.9839 | Prec: 0.4137 | Rec: 0.4574 | F1: 0.4345 | Hamming: 3.23 | Exact: 0.1222 | Time: 11.03s
Saved new best model at epoch 3 with validation loss 0.676461
Epoch 003 | Train Loss: 0.6600 | Val Loss: 0.6765 | Acc: 0.9843 | Prec: 0.4278 | Rec: 0.4730 | F1: 0.4492 | Hamming: 3.15 | Exact: 0.1389 | Time: 11.07s
Saved new best model at epoch 4 with validation loss 0.651037
Epoch 004 | Train Loss: 0.6355 | Val Loss: 0.6510 | Acc: 0.9843 | Prec: 0.4274 | Rec: 0.4726 | F1: 0.4489 | Hamming: 3.15 | Exact: 0.1356 | Time: 11.12s
Saved new best model at epoch 5 with validation loss 0.637558
Epoch 005 | Train Loss: 0.6132 | Val Loss: 0.6376 | Acc: 0.9844 | Prec: 0.4304 | Rec: 0.4758 | F1: 0.4520 | Hamming: 3.13 | Exact: 0.1378 | Time: 11.36s
Saved new best model at epoch 6 with validation loss 0.622684
Epoch 006 | Train Loss: 0.5939 | Val Loss: 0.6227 | Acc: 0.9845 | Prec: 0.4322 | Rec: 0.4779 | F1: 0.4539 | Hamming: 3.12 | Exact: 0.1411 | Time: 11.28s
Saved new best model at epoch 7 with validation loss 0.616448
Epoch 007 | Train Loss: 0.5817 | Val Loss: 0.6164 | Acc: 0.9847 | Prec: 0.4396 | Rec: 0.4861 | F1: 0.4617 | Hamming: 3.08 | Exact: 0.1478 | Time: 11.21s
Saved new best model at epoch 8 with validation loss 0.615771
Epoch 008 | Train Loss: 0.5709 | Val Loss: 0.6158 | Acc: 0.9846 | Prec: 0.4374 | Rec: 0.4836 | F1: 0.4594 | Hamming: 3.09 | Exact: 0.1433 | Time: 11.07s
Epoch 009 | Train Loss: 0.5626 | Val Loss: 0.6175 | Acc: 0.9847 | Prec: 0.4381 | Rec: 0.4844 | F1: 0.4601 | Hamming: 3.08 | Exact: 0.1411 | Time: 11.41s
Saved new best model at epoch 10 with validation loss 0.614227
Epoch 010 | Train Loss: 0.5530 | Val Loss: 0.6142 | Acc: 0.9848 | Prec: 0.4419 | Rec: 0.4885 | F1: 0.4640 | Hamming: 3.06 | Exact: 0.1422 | Time: 11.22s
Epoch 011 | Train Loss: 0.5423 | Val Loss: 0.6218 | Acc: 0.9849 | Prec: 0.4459 | Rec: 0.4930 | F1: 0.4683 | Hamming: 3.04 | Exact: 0.1456 | Time: 10.97s
Epoch 012 | Train Loss: 0.5389 | Val Loss: 0.6263 | Acc: 0.9850 | Prec: 0.4485 | Rec: 0.4959 | F1: 0.4710 | Hamming: 3.02 | Exact: 0.1489 | Time: 11.07s
Epoch 013 | Train Loss: 0.5305 | Val Loss: 0.6310 | Acc: 0.9850 | Prec: 0.4496 | Rec: 0.4971 | F1: 0.4722 | Hamming: 3.02 | Exact: 0.1511 | Time: 11.35s
Epoch 014 | Train Loss: 0.5219 | Val Loss: 0.6362 | Acc: 0.9849 | Prec: 0.4478 | Rec: 0.4951 | F1: 0.4702 | Hamming: 3.03 | Exact: 0.1500 | Time: 11.09s
Epoch 015 | Train Loss: 0.5215 | Val Loss: 0.6379 | Acc: 0.9849 | Prec: 0.4459 | Rec: 0.4930 | F1: 0.4683 | Hamming: 3.04 | Exact: 0.1444 | Time: 11.12s
Epoch 016 | Train Loss: 0.5140 | Val Loss: 0.6436 | Acc: 0.9848 | Prec: 0.4441 | Rec: 0.4910 | F1: 0.4664 | Hamming: 3.05 | Exact: 0.1444 | Time: 11.28s
Epoch 017 | Train Loss: 0.5089 | Val Loss: 0.6530 | Acc: 0.9848 | Prec: 0.4415 | Rec: 0.4881 | F1: 0.4636 | Hamming: 3.06 | Exact: 0.1467 | Time: 11.23s
Epoch 018 | Train Loss: 0.5071 | Val Loss: 0.6614 | Acc: 0.9848 | Prec: 0.4415 | Rec: 0.4881 | F1: 0.4636 | Hamming: 3.06 | Exact: 0.1433 | Time: 11.12s
Epoch 019 | Train Loss: 0.4990 | Val Loss: 0.6737 | Acc: 0.9847 | Prec: 0.4411 | Rec: 0.4877 | F1: 0.4632 | Hamming: 3.07 | Exact: 0.1411 | Time: 10.89s
Epoch 020 | Train Loss: 0.4903 | Val Loss: 0.6845 | Acc: 0.9848 | Prec: 0.4415 | Rec: 0.4881 | F1: 0.4636 | Hamming: 3.06 | Exact: 0.1389 | Time: 11.15s
Epoch 021 | Train Loss: 0.4870 | Val Loss: 0.6988 | Acc: 0.9848 | Prec: 0.4419 | Rec: 0.4885 | F1: 0.4640 | Hamming: 3.06 | Exact: 0.1400 | Time: 11.36s
Epoch 022 | Train Loss: 0.4874 | Val Loss: 0.7139 | Acc: 0.9848 | Prec: 0.4415 | Rec: 0.4881 | F1: 0.4636 | Hamming: 3.06 | Exact: 0.1400 | Time: 11.19s
Epoch 023 | Train Loss: 0.4786 | Val Loss: 0.7253 | Acc: 0.9848 | Prec: 0.4426 | Rec: 0.4894 | F1: 0.4648 | Hamming: 3.06 | Exact: 0.1411 | Time: 11.14s
Epoch 024 | Train Loss: 0.4675 | Val Loss: 0.7394 | Acc: 0.9847 | Prec: 0.4411 | Rec: 0.4877 | F1: 0.4632 | Hamming: 3.07 | Exact: 0.1411 | Time: 10.91s
Epoch 025 | Train Loss: 0.4668 | Val Loss: 0.7553 | Acc: 0.9847 | Prec: 0.4407 | Rec: 0.4873 | F1: 0.4629 | Hamming: 3.07 | Exact: 0.1422 | Time: 10.99s
Epoch 026 | Train Loss: 0.4635 | Val Loss: 0.7706 | Acc: 0.9847 | Prec: 0.4381 | Rec: 0.4844 | F1: 0.4601 | Hamming: 3.08 | Exact: 0.1411 | Time: 11.24s
Epoch 027 | Train Loss: 0.4547 | Val Loss: 0.7807 | Acc: 0.9847 | Prec: 0.4389 | Rec: 0.4853 | F1: 0.4609 | Hamming: 3.08 | Exact: 0.1411 | Time: 11.16s
Epoch 028 | Train Loss: 0.4516 | Val Loss: 0.7960 | Acc: 0.9847 | Prec: 0.4385 | Rec: 0.4848 | F1: 0.4605 | Hamming: 3.08 | Exact: 0.1378 | Time: 11.18s
Epoch 029 | Train Loss: 0.4500 | Val Loss: 0.8106 | Acc: 0.9847 | Prec: 0.4393 | Rec: 0.4857 | F1: 0.4613 | Hamming: 3.08 | Exact: 0.1389 | Time: 11.22s
Epoch 030 | Train Loss: 0.4451 | Val Loss: 0.8236 | Acc: 0.9847 | Prec: 0.4389 | Rec: 0.4853 | F1: 0.4609 | Hamming: 3.08 | Exact: 0.1378 | Time: 11.08s
Epoch 031 | Train Loss: 0.4450 | Val Loss: 0.8384 | Acc: 0.9846 | Prec: 0.4363 | Rec: 0.4824 | F1: 0.4582 | Hamming: 3.10 | Exact: 0.1389 | Time: 11.21s
Epoch 032 | Train Loss: 0.4382 | Val Loss: 0.8501 | Acc: 0.9846 | Prec: 0.4367 | Rec: 0.4828 | F1: 0.4586 | Hamming: 3.09 | Exact: 0.1400 | Time: 11.15s
Epoch 033 | Train Loss: 0.4356 | Val Loss: 0.8592 | Acc: 0.9846 | Prec: 0.4367 | Rec: 0.4828 | F1: 0.4586 | Hamming: 3.09 | Exact: 0.1389 | Time: 11.16s
Epoch 034 | Train Loss: 0.4304 | Val Loss: 0.8696 | Acc: 0.9847 | Prec: 0.4393 | Rec: 0.4857 | F1: 0.4613 | Hamming: 3.08 | Exact: 0.1378 | Time: 11.27s
Epoch 035 | Train Loss: 0.4312 | Val Loss: 0.8794 | Acc: 0.9847 | Prec: 0.4381 | Rec: 0.4844 | F1: 0.4601 | Hamming: 3.08 | Exact: 0.1367 | Time: 10.99s
Epoch 036 | Train Loss: 0.4211 | Val Loss: 0.8917 | Acc: 0.9846 | Prec: 0.4352 | Rec: 0.4812 | F1: 0.4570 | Hamming: 3.10 | Exact: 0.1367 | Time: 11.21s
Epoch 037 | Train Loss: 0.4121 | Val Loss: 0.9070 | Acc: 0.9846 | Prec: 0.4359 | Rec: 0.4820 | F1: 0.4578 | Hamming: 3.10 | Exact: 0.1356 | Time: 11.03s
Epoch 038 | Train Loss: 0.4147 | Val Loss: 0.9224 | Acc: 0.9846 | Prec: 0.4363 | Rec: 0.4824 | F1: 0.4582 | Hamming: 3.10 | Exact: 0.1367 | Time: 11.01s
Epoch 039 | Train Loss: 0.4092 | Val Loss: 0.9386 | Acc: 0.9846 | Prec: 0.4363 | Rec: 0.4824 | F1: 0.4582 | Hamming: 3.10 | Exact: 0.1400 | Time: 11.09s
Epoch 040 | Train Loss: 0.4094 | Val Loss: 0.9534 | Acc: 0.9846 | Prec: 0.4363 | Rec: 0.4824 | F1: 0.4582 | Hamming: 3.10 | Exact: 0.1389 | Time: 10.95s
Epoch 041 | Train Loss: 0.4034 | Val Loss: 0.9685 | Acc: 0.9846 | Prec: 0.4374 | Rec: 0.4836 | F1: 0.4594 | Hamming: 3.09 | Exact: 0.1400 | Time: 11.11s
Epoch 042 | Train Loss: 0.3961 | Val Loss: 0.9855 | Acc: 0.9847 | Prec: 0.4396 | Rec: 0.4861 | F1: 0.4617 | Hamming: 3.08 | Exact: 0.1400 | Time: 11.05s
Epoch 043 | Train Loss: 0.3931 | Val Loss: 1.0003 | Acc: 0.9846 | Prec: 0.4370 | Rec: 0.4832 | F1: 0.4590 | Hamming: 3.09 | Exact: 0.1400 | Time: 11.31s
Epoch 044 | Train Loss: 0.3849 | Val Loss: 1.0203 | Acc: 0.9847 | Prec: 0.4393 | Rec: 0.4857 | F1: 0.4613 | Hamming: 3.08 | Exact: 0.1400 | Time: 11.21s
Epoch 045 | Train Loss: 0.3891 | Val Loss: 1.0385 | Acc: 0.9846 | Prec: 0.4370 | Rec: 0.4832 | F1: 0.4590 | Hamming: 3.09 | Exact: 0.1367 | Time: 11.20s
Epoch 046 | Train Loss: 0.3829 | Val Loss: 1.0610 | Acc: 0.9847 | Prec: 0.4385 | Rec: 0.4848 | F1: 0.4605 | Hamming: 3.08 | Exact: 0.1356 | Time: 11.22s
Epoch 047 | Train Loss: 0.3752 | Val Loss: 1.0785 | Acc: 0.9846 | Prec: 0.4356 | Rec: 0.4816 | F1: 0.4574 | Hamming: 3.10 | Exact: 0.1356 | Time: 11.31s
Epoch 048 | Train Loss: 0.3741 | Val Loss: 1.1061 | Acc: 0.9846 | Prec: 0.4356 | Rec: 0.4816 | F1: 0.4574 | Hamming: 3.10 | Exact: 0.1344 | Time: 11.17s
Epoch 049 | Train Loss: 0.3740 | Val Loss: 1.1284 | Acc: 0.9845 | Prec: 0.4344 | Rec: 0.4803 | F1: 0.4562 | Hamming: 3.11 | Exact: 0.1356 | Time: 11.29s
Epoch 050 | Train Loss: 0.3707 | Val Loss: 1.1410 | Acc: 0.9845 | Prec: 0.4330 | Rec: 0.4787 | F1: 0.4547 | Hamming: 3.12 | Exact: 0.1344 | Time: 11.09s

Total training time for edge_transformer_shortest_path_mixed_55_15_reps100: 558.65 seconds
Average epoch time: 11.17 seconds
Best epoch: 10 | Best validation loss: 0.614227
Best model saved to: saved_models/edge_transformer_shortest_path_mixed_55_15_reps100_best_model.pt
Final model saved to: saved_models/edge_transformer_shortest_path_mixed_55_15_reps100_final_model.pt
Saved new best model at epoch 1 with validation loss 0.671562
Epoch 001 | Train Loss: 0.8268 | Val Loss: 0.6716 | Acc: 0.9826 | Prec: 0.3693 | Rec: 0.4083 | F1: 0.3878 | Hamming: 3.50 | Exact: 0.0978 | Time: 7.46s
Saved new best model at epoch 2 with validation loss 0.648020
Epoch 002 | Train Loss: 0.6666 | Val Loss: 0.6480 | Acc: 0.9832 | Prec: 0.3881 | Rec: 0.4292 | F1: 0.4076 | Hamming: 3.38 | Exact: 0.1111 | Time: 6.71s
Saved new best model at epoch 3 with validation loss 0.626525
Epoch 003 | Train Loss: 0.6344 | Val Loss: 0.6265 | Acc: 0.9839 | Prec: 0.4133 | Rec: 0.4570 | F1: 0.4341 | Hamming: 3.23 | Exact: 0.1256 | Time: 6.63s
Saved new best model at epoch 4 with validation loss 0.609684
Epoch 004 | Train Loss: 0.6121 | Val Loss: 0.6097 | Acc: 0.9840 | Prec: 0.4159 | Rec: 0.4599 | F1: 0.4368 | Hamming: 3.22 | Exact: 0.1189 | Time: 6.67s
Saved new best model at epoch 5 with validation loss 0.607867
Epoch 005 | Train Loss: 0.6019 | Val Loss: 0.6079 | Acc: 0.9841 | Prec: 0.4181 | Rec: 0.4623 | F1: 0.4391 | Hamming: 3.20 | Exact: 0.1278 | Time: 6.66s
Saved new best model at epoch 6 with validation loss 0.606784
Epoch 006 | Train Loss: 0.5926 | Val Loss: 0.6068 | Acc: 0.9841 | Prec: 0.4181 | Rec: 0.4623 | F1: 0.4391 | Hamming: 3.20 | Exact: 0.1300 | Time: 6.67s
Epoch 007 | Train Loss: 0.5866 | Val Loss: 0.6072 | Acc: 0.9842 | Prec: 0.4222 | Rec: 0.4668 | F1: 0.4434 | Hamming: 3.18 | Exact: 0.1356 | Time: 6.61s
Saved new best model at epoch 8 with validation loss 0.605765
Epoch 008 | Train Loss: 0.5806 | Val Loss: 0.6058 | Acc: 0.9841 | Prec: 0.4207 | Rec: 0.4652 | F1: 0.4419 | Hamming: 3.19 | Exact: 0.1333 | Time: 6.61s
Epoch 009 | Train Loss: 0.5784 | Val Loss: 0.6058 | Acc: 0.9841 | Prec: 0.4181 | Rec: 0.4623 | F1: 0.4391 | Hamming: 3.20 | Exact: 0.1322 | Time: 6.62s
Epoch 010 | Train Loss: 0.5719 | Val Loss: 0.6064 | Acc: 0.9839 | Prec: 0.4137 | Rec: 0.4574 | F1: 0.4345 | Hamming: 3.23 | Exact: 0.1311 | Time: 6.59s
Epoch 011 | Train Loss: 0.5677 | Val Loss: 0.6063 | Acc: 0.9839 | Prec: 0.4137 | Rec: 0.4574 | F1: 0.4345 | Hamming: 3.23 | Exact: 0.1300 | Time: 6.59s
Saved new best model at epoch 12 with validation loss 0.605681
Epoch 012 | Train Loss: 0.5642 | Val Loss: 0.6057 | Acc: 0.9839 | Prec: 0.4122 | Rec: 0.4558 | F1: 0.4329 | Hamming: 3.24 | Exact: 0.1289 | Time: 6.69s
Epoch 013 | Train Loss: 0.5616 | Val Loss: 0.6073 | Acc: 0.9839 | Prec: 0.4122 | Rec: 0.4558 | F1: 0.4329 | Hamming: 3.24 | Exact: 0.1333 | Time: 6.56s
Epoch 014 | Train Loss: 0.5605 | Val Loss: 0.6083 | Acc: 0.9839 | Prec: 0.4144 | Rec: 0.4582 | F1: 0.4352 | Hamming: 3.23 | Exact: 0.1344 | Time: 6.62s
Epoch 015 | Train Loss: 0.5559 | Val Loss: 0.6083 | Acc: 0.9840 | Prec: 0.4163 | Rec: 0.4603 | F1: 0.4372 | Hamming: 3.22 | Exact: 0.1367 | Time: 6.60s
Epoch 016 | Train Loss: 0.5543 | Val Loss: 0.6074 | Acc: 0.9840 | Prec: 0.4178 | Rec: 0.4619 | F1: 0.4387 | Hamming: 3.21 | Exact: 0.1311 | Time: 6.59s
Epoch 017 | Train Loss: 0.5489 | Val Loss: 0.6074 | Acc: 0.9840 | Prec: 0.4163 | Rec: 0.4603 | F1: 0.4372 | Hamming: 3.22 | Exact: 0.1300 | Time: 6.58s
Epoch 018 | Train Loss: 0.5506 | Val Loss: 0.6098 | Acc: 0.9842 | Prec: 0.4215 | Rec: 0.4660 | F1: 0.4426 | Hamming: 3.18 | Exact: 0.1333 | Time: 6.67s
Epoch 019 | Train Loss: 0.5482 | Val Loss: 0.6111 | Acc: 0.9841 | Prec: 0.4207 | Rec: 0.4652 | F1: 0.4419 | Hamming: 3.19 | Exact: 0.1322 | Time: 6.69s
Epoch 020 | Train Loss: 0.5458 | Val Loss: 0.6125 | Acc: 0.9843 | Prec: 0.4252 | Rec: 0.4701 | F1: 0.4465 | Hamming: 3.16 | Exact: 0.1344 | Time: 6.77s
Epoch 021 | Train Loss: 0.5443 | Val Loss: 0.6146 | Acc: 0.9843 | Prec: 0.4259 | Rec: 0.4709 | F1: 0.4473 | Hamming: 3.16 | Exact: 0.1356 | Time: 6.65s
Epoch 022 | Train Loss: 0.5411 | Val Loss: 0.6174 | Acc: 0.9842 | Prec: 0.4233 | Rec: 0.4681 | F1: 0.4446 | Hamming: 3.17 | Exact: 0.1333 | Time: 6.69s
Epoch 023 | Train Loss: 0.5372 | Val Loss: 0.6180 | Acc: 0.9842 | Prec: 0.4222 | Rec: 0.4668 | F1: 0.4434 | Hamming: 3.18 | Exact: 0.1333 | Time: 6.67s
Epoch 024 | Train Loss: 0.5380 | Val Loss: 0.6202 | Acc: 0.9842 | Prec: 0.4226 | Rec: 0.4672 | F1: 0.4438 | Hamming: 3.18 | Exact: 0.1322 | Time: 6.81s
Epoch 025 | Train Loss: 0.5355 | Val Loss: 0.6213 | Acc: 0.9841 | Prec: 0.4207 | Rec: 0.4652 | F1: 0.4419 | Hamming: 3.19 | Exact: 0.1311 | Time: 6.69s
Epoch 026 | Train Loss: 0.5360 | Val Loss: 0.6249 | Acc: 0.9841 | Prec: 0.4200 | Rec: 0.4644 | F1: 0.4411 | Hamming: 3.19 | Exact: 0.1300 | Time: 6.73s
Epoch 027 | Train Loss: 0.5321 | Val Loss: 0.6266 | Acc: 0.9841 | Prec: 0.4200 | Rec: 0.4644 | F1: 0.4411 | Hamming: 3.19 | Exact: 0.1278 | Time: 6.60s
Epoch 028 | Train Loss: 0.5312 | Val Loss: 0.6290 | Acc: 0.9841 | Prec: 0.4204 | Rec: 0.4648 | F1: 0.4415 | Hamming: 3.19 | Exact: 0.1289 | Time: 6.60s
Epoch 029 | Train Loss: 0.5282 | Val Loss: 0.6307 | Acc: 0.9841 | Prec: 0.4204 | Rec: 0.4648 | F1: 0.4415 | Hamming: 3.19 | Exact: 0.1311 | Time: 6.57s
Epoch 030 | Train Loss: 0.5256 | Val Loss: 0.6320 | Acc: 0.9841 | Prec: 0.4200 | Rec: 0.4644 | F1: 0.4411 | Hamming: 3.19 | Exact: 0.1300 | Time: 6.58s
Epoch 031 | Train Loss: 0.5270 | Val Loss: 0.6335 | Acc: 0.9841 | Prec: 0.4207 | Rec: 0.4652 | F1: 0.4419 | Hamming: 3.19 | Exact: 0.1300 | Time: 6.62s
Epoch 032 | Train Loss: 0.5234 | Val Loss: 0.6341 | Acc: 0.9841 | Prec: 0.4189 | Rec: 0.4631 | F1: 0.4399 | Hamming: 3.20 | Exact: 0.1311 | Time: 6.61s
Epoch 033 | Train Loss: 0.5217 | Val Loss: 0.6368 | Acc: 0.9840 | Prec: 0.4178 | Rec: 0.4619 | F1: 0.4387 | Hamming: 3.21 | Exact: 0.1278 | Time: 6.60s
Epoch 034 | Train Loss: 0.5210 | Val Loss: 0.6379 | Acc: 0.9841 | Prec: 0.4181 | Rec: 0.4623 | F1: 0.4391 | Hamming: 3.20 | Exact: 0.1256 | Time: 6.61s
Epoch 035 | Train Loss: 0.5173 | Val Loss: 0.6397 | Acc: 0.9841 | Prec: 0.4185 | Rec: 0.4627 | F1: 0.4395 | Hamming: 3.20 | Exact: 0.1278 | Time: 6.66s
Epoch 036 | Train Loss: 0.5157 | Val Loss: 0.6408 | Acc: 0.9841 | Prec: 0.4189 | Rec: 0.4631 | F1: 0.4399 | Hamming: 3.20 | Exact: 0.1289 | Time: 6.64s
Epoch 037 | Train Loss: 0.5151 | Val Loss: 0.6425 | Acc: 0.9841 | Prec: 0.4200 | Rec: 0.4644 | F1: 0.4411 | Hamming: 3.19 | Exact: 0.1311 | Time: 6.74s
Epoch 038 | Train Loss: 0.5129 | Val Loss: 0.6444 | Acc: 0.9841 | Prec: 0.4185 | Rec: 0.4627 | F1: 0.4395 | Hamming: 3.20 | Exact: 0.1322 | Time: 6.60s
Epoch 039 | Train Loss: 0.5110 | Val Loss: 0.6465 | Acc: 0.9841 | Prec: 0.4181 | Rec: 0.4623 | F1: 0.4391 | Hamming: 3.20 | Exact: 0.1333 | Time: 6.65s
Epoch 040 | Train Loss: 0.5088 | Val Loss: 0.6488 | Acc: 0.9840 | Prec: 0.4174 | Rec: 0.4615 | F1: 0.4384 | Hamming: 3.21 | Exact: 0.1311 | Time: 6.64s
Epoch 041 | Train Loss: 0.5076 | Val Loss: 0.6513 | Acc: 0.9840 | Prec: 0.4178 | Rec: 0.4619 | F1: 0.4387 | Hamming: 3.21 | Exact: 0.1344 | Time: 6.65s
Epoch 042 | Train Loss: 0.5061 | Val Loss: 0.6530 | Acc: 0.9841 | Prec: 0.4181 | Rec: 0.4623 | F1: 0.4391 | Hamming: 3.20 | Exact: 0.1322 | Time: 6.60s
Epoch 043 | Train Loss: 0.5044 | Val Loss: 0.6553 | Acc: 0.9840 | Prec: 0.4178 | Rec: 0.4619 | F1: 0.4387 | Hamming: 3.21 | Exact: 0.1322 | Time: 6.66s
Epoch 044 | Train Loss: 0.5021 | Val Loss: 0.6569 | Acc: 0.9841 | Prec: 0.4181 | Rec: 0.4623 | F1: 0.4391 | Hamming: 3.20 | Exact: 0.1300 | Time: 6.67s
Epoch 045 | Train Loss: 0.5014 | Val Loss: 0.6598 | Acc: 0.9840 | Prec: 0.4163 | Rec: 0.4603 | F1: 0.4372 | Hamming: 3.22 | Exact: 0.1300 | Time: 6.60s
Epoch 046 | Train Loss: 0.4977 | Val Loss: 0.6615 | Acc: 0.9840 | Prec: 0.4152 | Rec: 0.4590 | F1: 0.4360 | Hamming: 3.22 | Exact: 0.1289 | Time: 6.68s
Epoch 047 | Train Loss: 0.4977 | Val Loss: 0.6632 | Acc: 0.9840 | Prec: 0.4148 | Rec: 0.4586 | F1: 0.4356 | Hamming: 3.22 | Exact: 0.1300 | Time: 6.62s
Epoch 048 | Train Loss: 0.4955 | Val Loss: 0.6649 | Acc: 0.9840 | Prec: 0.4163 | Rec: 0.4603 | F1: 0.4372 | Hamming: 3.22 | Exact: 0.1289 | Time: 6.60s
Epoch 049 | Train Loss: 0.4964 | Val Loss: 0.6671 | Acc: 0.9840 | Prec: 0.4159 | Rec: 0.4599 | F1: 0.4368 | Hamming: 3.22 | Exact: 0.1267 | Time: 6.58s
Epoch 050 | Train Loss: 0.4925 | Val Loss: 0.6683 | Acc: 0.9840 | Prec: 0.4167 | Rec: 0.4607 | F1: 0.4376 | Hamming: 3.21 | Exact: 0.1267 | Time: 6.60s

Total training time for gnn_shortest_path_mixed_55_15_reps100: 332.83 seconds
Average epoch time: 6.66 seconds
Best epoch: 12 | Best validation loss: 0.605681
Best model saved to: saved_models/gnn_shortest_path_mixed_55_15_reps100_best_model.pt
Final model saved to: saved_models/gnn_shortest_path_mixed_55_15_reps100_final_model.pt
