Mon Sep 21 10:26:37 2026       
+-----------------------------------------------------------------------------------------+
| NVIDIA-SMI 595.58.03              Driver Version: 595.58.03      CUDA Version: 13.2     |
+-----------------------------------------+------------------------+----------------------+
| GPU  Name                 Persistence-M | Bus-Id          Disp.A | Volatile Uncorr. ECC |
| Fan  Temp   Perf          Pwr:Usage/Cap |           Memory-Usage | GPU-Util  Compute M. |
|                                         |                        |               MIG M. |
|=========================================+========================+======================|
|   0  NVIDIA A40                     On  |   00000000:43:00.0 Off |                    0 |
|  0%   31C    P8             29W /  300W |       0MiB /  46068MiB |      0%      Default |
|                                         |                        |                  N/A |
+-----------------------------------------+------------------------+----------------------+

+-----------------------------------------------------------------------------------------+
| Processes:                                                                              |
|  GPU   GI   CI              PID   Type   Process name                        GPU Memory |
|        ID   ID                                                               Usage      |
|=========================================================================================|
|  No running processes found                                                             |
+-----------------------------------------------------------------------------------------+
Saved new best model at epoch 1 with validation loss 0.632427
Epoch 001 | Train Loss: 0.7590 | Val Loss: 0.6324 | Acc: 0.9834 | Prec: 0.4015 | Rec: 0.4387 | F1: 0.4193 | Hamming: 3.34 | Exact: 0.1111 | Time: 20.06s
Saved new best model at epoch 2 with validation loss 0.575574
Epoch 002 | Train Loss: 0.6112 | Val Loss: 0.5756 | Acc: 0.9840 | Prec: 0.4219 | Rec: 0.4609 | F1: 0.4405 | Hamming: 3.21 | Exact: 0.1189 | Time: 19.27s
Saved new best model at epoch 3 with validation loss 0.545340
Epoch 003 | Train Loss: 0.5485 | Val Loss: 0.5453 | Acc: 0.9844 | Prec: 0.4344 | Rec: 0.4747 | F1: 0.4537 | Hamming: 3.14 | Exact: 0.1422 | Time: 19.41s
Saved new best model at epoch 4 with validation loss 0.528947
Epoch 004 | Train Loss: 0.5227 | Val Loss: 0.5289 | Acc: 0.9846 | Prec: 0.4430 | Rec: 0.4840 | F1: 0.4626 | Hamming: 3.09 | Exact: 0.1489 | Time: 19.39s
Saved new best model at epoch 5 with validation loss 0.524689
Epoch 005 | Train Loss: 0.5047 | Val Loss: 0.5247 | Acc: 0.9849 | Prec: 0.4515 | Rec: 0.4933 | F1: 0.4715 | Hamming: 3.04 | Exact: 0.1567 | Time: 19.08s
Saved new best model at epoch 6 with validation loss 0.510998
Epoch 006 | Train Loss: 0.4893 | Val Loss: 0.5110 | Acc: 0.9849 | Prec: 0.4511 | Rec: 0.4929 | F1: 0.4711 | Hamming: 3.04 | Exact: 0.1578 | Time: 19.43s
Epoch 007 | Train Loss: 0.4835 | Val Loss: 0.5126 | Acc: 0.9850 | Prec: 0.4541 | Rec: 0.4962 | F1: 0.4742 | Hamming: 3.02 | Exact: 0.1556 | Time: 19.29s
Saved new best model at epoch 8 with validation loss 0.508976
Epoch 008 | Train Loss: 0.4807 | Val Loss: 0.5090 | Acc: 0.9851 | Prec: 0.4574 | Rec: 0.4998 | F1: 0.4777 | Hamming: 3.00 | Exact: 0.1589 | Time: 19.20s
Saved new best model at epoch 9 with validation loss 0.501412
Epoch 009 | Train Loss: 0.4724 | Val Loss: 0.5014 | Acc: 0.9852 | Prec: 0.4619 | Rec: 0.5047 | F1: 0.4823 | Hamming: 2.97 | Exact: 0.1578 | Time: 19.38s
Saved new best model at epoch 10 with validation loss 0.496170
Epoch 010 | Train Loss: 0.4641 | Val Loss: 0.4962 | Acc: 0.9854 | Prec: 0.4674 | Rec: 0.5107 | F1: 0.4881 | Hamming: 2.94 | Exact: 0.1589 | Time: 19.18s
Epoch 011 | Train Loss: 0.4638 | Val Loss: 0.5009 | Acc: 0.9853 | Prec: 0.4663 | Rec: 0.5095 | F1: 0.4869 | Hamming: 2.95 | Exact: 0.1556 | Time: 19.40s
Epoch 012 | Train Loss: 0.4570 | Val Loss: 0.5023 | Acc: 0.9853 | Prec: 0.4652 | Rec: 0.5083 | F1: 0.4858 | Hamming: 2.95 | Exact: 0.1567 | Time: 19.27s
Epoch 013 | Train Loss: 0.4512 | Val Loss: 0.5045 | Acc: 0.9854 | Prec: 0.4670 | Rec: 0.5103 | F1: 0.4877 | Hamming: 2.94 | Exact: 0.1578 | Time: 19.34s
Epoch 014 | Train Loss: 0.4472 | Val Loss: 0.5006 | Acc: 0.9855 | Prec: 0.4733 | Rec: 0.5172 | F1: 0.4943 | Hamming: 2.91 | Exact: 0.1611 | Time: 19.13s
Epoch 015 | Train Loss: 0.4365 | Val Loss: 0.4965 | Acc: 0.9856 | Prec: 0.4741 | Rec: 0.5180 | F1: 0.4951 | Hamming: 2.90 | Exact: 0.1644 | Time: 19.36s
Epoch 016 | Train Loss: 0.4331 | Val Loss: 0.4979 | Acc: 0.9856 | Prec: 0.4748 | Rec: 0.5188 | F1: 0.4958 | Hamming: 2.90 | Exact: 0.1622 | Time: 19.42s
Epoch 017 | Train Loss: 0.4264 | Val Loss: 0.5033 | Acc: 0.9855 | Prec: 0.4726 | Rec: 0.5164 | F1: 0.4935 | Hamming: 2.91 | Exact: 0.1589 | Time: 19.30s
Epoch 018 | Train Loss: 0.4232 | Val Loss: 0.5087 | Acc: 0.9856 | Prec: 0.4737 | Rec: 0.5176 | F1: 0.4947 | Hamming: 2.90 | Exact: 0.1600 | Time: 19.27s
Epoch 019 | Train Loss: 0.4189 | Val Loss: 0.5127 | Acc: 0.9856 | Prec: 0.4737 | Rec: 0.5176 | F1: 0.4947 | Hamming: 2.90 | Exact: 0.1589 | Time: 19.41s
Epoch 020 | Train Loss: 0.4139 | Val Loss: 0.5195 | Acc: 0.9856 | Prec: 0.4748 | Rec: 0.5188 | F1: 0.4958 | Hamming: 2.90 | Exact: 0.1633 | Time: 19.40s
Epoch 021 | Train Loss: 0.4109 | Val Loss: 0.5254 | Acc: 0.9855 | Prec: 0.4715 | Rec: 0.5152 | F1: 0.4924 | Hamming: 2.92 | Exact: 0.1633 | Time: 19.21s
Epoch 022 | Train Loss: 0.4026 | Val Loss: 0.5286 | Acc: 0.9855 | Prec: 0.4715 | Rec: 0.5152 | F1: 0.4924 | Hamming: 2.92 | Exact: 0.1622 | Time: 19.25s
Epoch 023 | Train Loss: 0.3980 | Val Loss: 0.5358 | Acc: 0.9856 | Prec: 0.4763 | Rec: 0.5204 | F1: 0.4974 | Hamming: 2.89 | Exact: 0.1633 | Time: 19.44s
Epoch 024 | Train Loss: 0.3932 | Val Loss: 0.5411 | Acc: 0.9856 | Prec: 0.4767 | Rec: 0.5208 | F1: 0.4978 | Hamming: 2.89 | Exact: 0.1622 | Time: 19.38s
Epoch 025 | Train Loss: 0.3895 | Val Loss: 0.5481 | Acc: 0.9856 | Prec: 0.4756 | Rec: 0.5196 | F1: 0.4966 | Hamming: 2.89 | Exact: 0.1622 | Time: 19.34s
Epoch 026 | Train Loss: 0.3855 | Val Loss: 0.5560 | Acc: 0.9856 | Prec: 0.4741 | Rec: 0.5180 | F1: 0.4951 | Hamming: 2.90 | Exact: 0.1656 | Time: 19.22s
Epoch 027 | Train Loss: 0.3765 | Val Loss: 0.5634 | Acc: 0.9856 | Prec: 0.4744 | Rec: 0.5184 | F1: 0.4955 | Hamming: 2.90 | Exact: 0.1644 | Time: 19.38s
Epoch 028 | Train Loss: 0.3801 | Val Loss: 0.5750 | Acc: 0.9856 | Prec: 0.4756 | Rec: 0.5196 | F1: 0.4966 | Hamming: 2.89 | Exact: 0.1656 | Time: 19.40s
Epoch 029 | Train Loss: 0.3669 | Val Loss: 0.5850 | Acc: 0.9856 | Prec: 0.4737 | Rec: 0.5176 | F1: 0.4947 | Hamming: 2.90 | Exact: 0.1622 | Time: 19.23s
Epoch 030 | Train Loss: 0.3648 | Val Loss: 0.5958 | Acc: 0.9855 | Prec: 0.4733 | Rec: 0.5172 | F1: 0.4943 | Hamming: 2.91 | Exact: 0.1589 | Time: 19.24s
Epoch 031 | Train Loss: 0.3636 | Val Loss: 0.6046 | Acc: 0.9856 | Prec: 0.4737 | Rec: 0.5176 | F1: 0.4947 | Hamming: 2.90 | Exact: 0.1600 | Time: 19.31s
Epoch 032 | Train Loss: 0.3584 | Val Loss: 0.6141 | Acc: 0.9855 | Prec: 0.4715 | Rec: 0.5152 | F1: 0.4924 | Hamming: 2.92 | Exact: 0.1578 | Time: 19.22s
Epoch 033 | Train Loss: 0.3508 | Val Loss: 0.6241 | Acc: 0.9855 | Prec: 0.4711 | Rec: 0.5148 | F1: 0.4920 | Hamming: 2.92 | Exact: 0.1622 | Time: 19.33s
Epoch 034 | Train Loss: 0.3463 | Val Loss: 0.6402 | Acc: 0.9855 | Prec: 0.4715 | Rec: 0.5152 | F1: 0.4924 | Hamming: 2.92 | Exact: 0.1611 | Time: 19.26s
Epoch 035 | Train Loss: 0.3487 | Val Loss: 0.6545 | Acc: 0.9855 | Prec: 0.4711 | Rec: 0.5148 | F1: 0.4920 | Hamming: 2.92 | Exact: 0.1633 | Time: 19.37s
Epoch 036 | Train Loss: 0.3447 | Val Loss: 0.6698 | Acc: 0.9854 | Prec: 0.4700 | Rec: 0.5136 | F1: 0.4908 | Hamming: 2.93 | Exact: 0.1633 | Time: 19.35s
Epoch 037 | Train Loss: 0.3371 | Val Loss: 0.6795 | Acc: 0.9855 | Prec: 0.4704 | Rec: 0.5140 | F1: 0.4912 | Hamming: 2.92 | Exact: 0.1633 | Time: 19.30s
Epoch 038 | Train Loss: 0.3370 | Val Loss: 0.6938 | Acc: 0.9854 | Prec: 0.4689 | Rec: 0.5123 | F1: 0.4897 | Hamming: 2.93 | Exact: 0.1611 | Time: 19.24s
Epoch 039 | Train Loss: 0.3279 | Val Loss: 0.7052 | Acc: 0.9854 | Prec: 0.4693 | Rec: 0.5127 | F1: 0.4900 | Hamming: 2.93 | Exact: 0.1622 | Time: 19.33s
Epoch 040 | Train Loss: 0.3254 | Val Loss: 0.7203 | Acc: 0.9853 | Prec: 0.4659 | Rec: 0.5091 | F1: 0.4866 | Hamming: 2.95 | Exact: 0.1600 | Time: 19.37s
Epoch 041 | Train Loss: 0.3201 | Val Loss: 0.7376 | Acc: 0.9853 | Prec: 0.4648 | Rec: 0.5079 | F1: 0.4854 | Hamming: 2.96 | Exact: 0.1589 | Time: 19.29s
Epoch 042 | Train Loss: 0.3217 | Val Loss: 0.7546 | Acc: 0.9853 | Prec: 0.4659 | Rec: 0.5091 | F1: 0.4866 | Hamming: 2.95 | Exact: 0.1578 | Time: 19.28s
Epoch 043 | Train Loss: 0.3170 | Val Loss: 0.7707 | Acc: 0.9852 | Prec: 0.4615 | Rec: 0.5042 | F1: 0.4819 | Hamming: 2.98 | Exact: 0.1567 | Time: 19.21s
Epoch 044 | Train Loss: 0.3178 | Val Loss: 0.7869 | Acc: 0.9851 | Prec: 0.4581 | Rec: 0.5006 | F1: 0.4784 | Hamming: 3.00 | Exact: 0.1567 | Time: 19.29s
Epoch 045 | Train Loss: 0.3107 | Val Loss: 0.8032 | Acc: 0.9851 | Prec: 0.4596 | Rec: 0.5022 | F1: 0.4800 | Hamming: 2.99 | Exact: 0.1578 | Time: 19.29s
Epoch 046 | Train Loss: 0.3098 | Val Loss: 0.8192 | Acc: 0.9851 | Prec: 0.4570 | Rec: 0.4994 | F1: 0.4773 | Hamming: 3.00 | Exact: 0.1589 | Time: 19.42s
Epoch 047 | Train Loss: 0.3061 | Val Loss: 0.8358 | Acc: 0.9851 | Prec: 0.4574 | Rec: 0.4998 | F1: 0.4777 | Hamming: 3.00 | Exact: 0.1600 | Time: 19.32s
Epoch 048 | Train Loss: 0.3038 | Val Loss: 0.8520 | Acc: 0.9851 | Prec: 0.4578 | Rec: 0.5002 | F1: 0.4781 | Hamming: 3.00 | Exact: 0.1556 | Time: 19.44s
Epoch 049 | Train Loss: 0.2994 | Val Loss: 0.8748 | Acc: 0.9850 | Prec: 0.4567 | Rec: 0.4990 | F1: 0.4769 | Hamming: 3.01 | Exact: 0.1522 | Time: 19.32s
Epoch 050 | Train Loss: 0.2985 | Val Loss: 0.8926 | Acc: 0.9851 | Prec: 0.4574 | Rec: 0.4998 | F1: 0.4777 | Hamming: 3.00 | Exact: 0.1589 | Time: 19.26s

Total training time for tropical_shortest_path_mixed_60_10_reps100: 966.40 seconds
Average epoch time: 19.33 seconds
Best epoch: 10 | Best validation loss: 0.496170
Best model saved to: saved_models/tropical_shortest_path_mixed_60_10_reps100_best_model.pt
Final model saved to: saved_models/tropical_shortest_path_mixed_60_10_reps100_final_model.pt
Saved new best model at epoch 1 with validation loss 0.624009
Epoch 001 | Train Loss: 0.7584 | Val Loss: 0.6240 | Acc: 0.9834 | Prec: 0.4022 | Rec: 0.4395 | F1: 0.4200 | Hamming: 3.33 | Exact: 0.1100 | Time: 18.08s
Saved new best model at epoch 2 with validation loss 0.570746
Epoch 002 | Train Loss: 0.6061 | Val Loss: 0.5707 | Acc: 0.9840 | Prec: 0.4207 | Rec: 0.4597 | F1: 0.4394 | Hamming: 3.22 | Exact: 0.1200 | Time: 17.65s
Saved new best model at epoch 3 with validation loss 0.540215
Epoch 003 | Train Loss: 0.5437 | Val Loss: 0.5402 | Acc: 0.9845 | Prec: 0.4393 | Rec: 0.4800 | F1: 0.4587 | Hamming: 3.11 | Exact: 0.1422 | Time: 17.55s
Saved new best model at epoch 4 with validation loss 0.532602
Epoch 004 | Train Loss: 0.5211 | Val Loss: 0.5326 | Acc: 0.9848 | Prec: 0.4470 | Rec: 0.4885 | F1: 0.4668 | Hamming: 3.06 | Exact: 0.1433 | Time: 17.59s
Saved new best model at epoch 5 with validation loss 0.526040
Epoch 005 | Train Loss: 0.5051 | Val Loss: 0.5260 | Acc: 0.9850 | Prec: 0.4567 | Rec: 0.4990 | F1: 0.4769 | Hamming: 3.01 | Exact: 0.1556 | Time: 17.57s
Saved new best model at epoch 6 with validation loss 0.519151
Epoch 006 | Train Loss: 0.4886 | Val Loss: 0.5192 | Acc: 0.9851 | Prec: 0.4581 | Rec: 0.5006 | F1: 0.4784 | Hamming: 3.00 | Exact: 0.1544 | Time: 17.70s
Saved new best model at epoch 7 with validation loss 0.513854
Epoch 007 | Train Loss: 0.4794 | Val Loss: 0.5139 | Acc: 0.9852 | Prec: 0.4630 | Rec: 0.5059 | F1: 0.4835 | Hamming: 2.97 | Exact: 0.1556 | Time: 17.67s
Saved new best model at epoch 8 with validation loss 0.508822
Epoch 008 | Train Loss: 0.4746 | Val Loss: 0.5088 | Acc: 0.9853 | Prec: 0.4652 | Rec: 0.5083 | F1: 0.4858 | Hamming: 2.95 | Exact: 0.1567 | Time: 17.58s
Epoch 009 | Train Loss: 0.4683 | Val Loss: 0.5103 | Acc: 0.9853 | Prec: 0.4656 | Rec: 0.5087 | F1: 0.4862 | Hamming: 2.95 | Exact: 0.1567 | Time: 17.68s
Epoch 010 | Train Loss: 0.4577 | Val Loss: 0.5100 | Acc: 0.9854 | Prec: 0.4689 | Rec: 0.5123 | F1: 0.4897 | Hamming: 2.93 | Exact: 0.1544 | Time: 17.64s
Epoch 011 | Train Loss: 0.4554 | Val Loss: 0.5116 | Acc: 0.9852 | Prec: 0.4630 | Rec: 0.5059 | F1: 0.4835 | Hamming: 2.97 | Exact: 0.1533 | Time: 17.69s
Epoch 012 | Train Loss: 0.4521 | Val Loss: 0.5103 | Acc: 0.9852 | Prec: 0.4615 | Rec: 0.5042 | F1: 0.4819 | Hamming: 2.98 | Exact: 0.1511 | Time: 17.70s
Epoch 013 | Train Loss: 0.4464 | Val Loss: 0.5137 | Acc: 0.9852 | Prec: 0.4630 | Rec: 0.5059 | F1: 0.4835 | Hamming: 2.97 | Exact: 0.1544 | Time: 17.64s
Epoch 014 | Train Loss: 0.4470 | Val Loss: 0.5178 | Acc: 0.9853 | Prec: 0.4659 | Rec: 0.5091 | F1: 0.4866 | Hamming: 2.95 | Exact: 0.1567 | Time: 17.67s
Epoch 015 | Train Loss: 0.4378 | Val Loss: 0.5176 | Acc: 0.9855 | Prec: 0.4707 | Rec: 0.5144 | F1: 0.4916 | Hamming: 2.92 | Exact: 0.1611 | Time: 17.64s
Epoch 016 | Train Loss: 0.4348 | Val Loss: 0.5211 | Acc: 0.9855 | Prec: 0.4726 | Rec: 0.5164 | F1: 0.4935 | Hamming: 2.91 | Exact: 0.1633 | Time: 17.66s
Epoch 017 | Train Loss: 0.4324 | Val Loss: 0.5245 | Acc: 0.9856 | Prec: 0.4759 | Rec: 0.5200 | F1: 0.4970 | Hamming: 2.89 | Exact: 0.1600 | Time: 17.64s
Epoch 018 | Train Loss: 0.4272 | Val Loss: 0.5284 | Acc: 0.9856 | Prec: 0.4737 | Rec: 0.5176 | F1: 0.4947 | Hamming: 2.90 | Exact: 0.1556 | Time: 17.72s
Epoch 019 | Train Loss: 0.4224 | Val Loss: 0.5356 | Acc: 0.9856 | Prec: 0.4744 | Rec: 0.5184 | F1: 0.4955 | Hamming: 2.90 | Exact: 0.1611 | Time: 17.75s
Epoch 020 | Train Loss: 0.4176 | Val Loss: 0.5426 | Acc: 0.9855 | Prec: 0.4719 | Rec: 0.5156 | F1: 0.4927 | Hamming: 2.91 | Exact: 0.1544 | Time: 17.70s
Epoch 021 | Train Loss: 0.4154 | Val Loss: 0.5517 | Acc: 0.9855 | Prec: 0.4722 | Rec: 0.5160 | F1: 0.4931 | Hamming: 2.91 | Exact: 0.1511 | Time: 17.75s
Epoch 022 | Train Loss: 0.4135 | Val Loss: 0.5580 | Acc: 0.9856 | Prec: 0.4748 | Rec: 0.5188 | F1: 0.4958 | Hamming: 2.90 | Exact: 0.1567 | Time: 17.69s
Epoch 023 | Train Loss: 0.4108 | Val Loss: 0.5686 | Acc: 0.9856 | Prec: 0.4737 | Rec: 0.5176 | F1: 0.4947 | Hamming: 2.90 | Exact: 0.1544 | Time: 17.77s
Epoch 024 | Train Loss: 0.3993 | Val Loss: 0.5794 | Acc: 0.9855 | Prec: 0.4704 | Rec: 0.5140 | F1: 0.4912 | Hamming: 2.92 | Exact: 0.1533 | Time: 17.73s
Epoch 025 | Train Loss: 0.3948 | Val Loss: 0.5893 | Acc: 0.9854 | Prec: 0.4696 | Rec: 0.5132 | F1: 0.4904 | Hamming: 2.93 | Exact: 0.1500 | Time: 17.67s
Epoch 026 | Train Loss: 0.3937 | Val Loss: 0.6002 | Acc: 0.9855 | Prec: 0.4711 | Rec: 0.5148 | F1: 0.4920 | Hamming: 2.92 | Exact: 0.1533 | Time: 17.78s
Epoch 027 | Train Loss: 0.3851 | Val Loss: 0.6071 | Acc: 0.9854 | Prec: 0.4689 | Rec: 0.5123 | F1: 0.4897 | Hamming: 2.93 | Exact: 0.1511 | Time: 17.71s
Epoch 028 | Train Loss: 0.3853 | Val Loss: 0.6157 | Acc: 0.9854 | Prec: 0.4689 | Rec: 0.5123 | F1: 0.4897 | Hamming: 2.93 | Exact: 0.1511 | Time: 17.75s
Epoch 029 | Train Loss: 0.3736 | Val Loss: 0.6230 | Acc: 0.9854 | Prec: 0.4696 | Rec: 0.5132 | F1: 0.4904 | Hamming: 2.93 | Exact: 0.1567 | Time: 17.78s
Epoch 030 | Train Loss: 0.3732 | Val Loss: 0.6368 | Acc: 0.9854 | Prec: 0.4696 | Rec: 0.5132 | F1: 0.4904 | Hamming: 2.93 | Exact: 0.1578 | Time: 17.75s
Epoch 031 | Train Loss: 0.3623 | Val Loss: 0.6466 | Acc: 0.9853 | Prec: 0.4659 | Rec: 0.5091 | F1: 0.4866 | Hamming: 2.95 | Exact: 0.1544 | Time: 17.81s
Epoch 032 | Train Loss: 0.3604 | Val Loss: 0.6643 | Acc: 0.9853 | Prec: 0.4637 | Rec: 0.5067 | F1: 0.4842 | Hamming: 2.96 | Exact: 0.1522 | Time: 17.72s
Epoch 033 | Train Loss: 0.3552 | Val Loss: 0.6810 | Acc: 0.9853 | Prec: 0.4637 | Rec: 0.5067 | F1: 0.4842 | Hamming: 2.96 | Exact: 0.1522 | Time: 17.78s
Epoch 034 | Train Loss: 0.3531 | Val Loss: 0.6966 | Acc: 0.9853 | Prec: 0.4667 | Rec: 0.5099 | F1: 0.4873 | Hamming: 2.95 | Exact: 0.1556 | Time: 17.72s
Epoch 035 | Train Loss: 0.3502 | Val Loss: 0.7168 | Acc: 0.9854 | Prec: 0.4670 | Rec: 0.5103 | F1: 0.4877 | Hamming: 2.94 | Exact: 0.1589 | Time: 17.79s
Epoch 036 | Train Loss: 0.3436 | Val Loss: 0.7319 | Acc: 0.9854 | Prec: 0.4700 | Rec: 0.5136 | F1: 0.4908 | Hamming: 2.93 | Exact: 0.1600 | Time: 17.82s
Epoch 037 | Train Loss: 0.3455 | Val Loss: 0.7419 | Acc: 0.9854 | Prec: 0.4693 | Rec: 0.5127 | F1: 0.4900 | Hamming: 2.93 | Exact: 0.1611 | Time: 17.69s
Epoch 038 | Train Loss: 0.3360 | Val Loss: 0.7538 | Acc: 0.9854 | Prec: 0.4681 | Rec: 0.5115 | F1: 0.4889 | Hamming: 2.94 | Exact: 0.1589 | Time: 17.74s
Epoch 039 | Train Loss: 0.3344 | Val Loss: 0.7591 | Acc: 0.9854 | Prec: 0.4693 | Rec: 0.5127 | F1: 0.4900 | Hamming: 2.93 | Exact: 0.1600 | Time: 17.73s
Epoch 040 | Train Loss: 0.3259 | Val Loss: 0.7648 | Acc: 0.9855 | Prec: 0.4719 | Rec: 0.5156 | F1: 0.4927 | Hamming: 2.91 | Exact: 0.1633 | Time: 17.80s
Epoch 041 | Train Loss: 0.3287 | Val Loss: 0.7796 | Acc: 0.9855 | Prec: 0.4730 | Rec: 0.5168 | F1: 0.4939 | Hamming: 2.91 | Exact: 0.1656 | Time: 17.79s
Epoch 042 | Train Loss: 0.3232 | Val Loss: 0.7930 | Acc: 0.9855 | Prec: 0.4730 | Rec: 0.5168 | F1: 0.4939 | Hamming: 2.91 | Exact: 0.1600 | Time: 17.75s
Epoch 043 | Train Loss: 0.3219 | Val Loss: 0.8067 | Acc: 0.9855 | Prec: 0.4707 | Rec: 0.5144 | F1: 0.4916 | Hamming: 2.92 | Exact: 0.1589 | Time: 17.75s
Epoch 044 | Train Loss: 0.3180 | Val Loss: 0.8192 | Acc: 0.9854 | Prec: 0.4700 | Rec: 0.5136 | F1: 0.4908 | Hamming: 2.93 | Exact: 0.1611 | Time: 17.72s
Epoch 045 | Train Loss: 0.3157 | Val Loss: 0.8349 | Acc: 0.9855 | Prec: 0.4715 | Rec: 0.5152 | F1: 0.4924 | Hamming: 2.92 | Exact: 0.1578 | Time: 17.82s
Epoch 046 | Train Loss: 0.3149 | Val Loss: 0.8496 | Acc: 0.9855 | Prec: 0.4730 | Rec: 0.5168 | F1: 0.4939 | Hamming: 2.91 | Exact: 0.1611 | Time: 17.83s
Epoch 047 | Train Loss: 0.3086 | Val Loss: 0.8628 | Acc: 0.9856 | Prec: 0.4737 | Rec: 0.5176 | F1: 0.4947 | Hamming: 2.90 | Exact: 0.1644 | Time: 17.73s
Epoch 048 | Train Loss: 0.3053 | Val Loss: 0.8783 | Acc: 0.9854 | Prec: 0.4700 | Rec: 0.5136 | F1: 0.4908 | Hamming: 2.93 | Exact: 0.1644 | Time: 17.95s
Epoch 049 | Train Loss: 0.3032 | Val Loss: 0.8961 | Acc: 0.9855 | Prec: 0.4707 | Rec: 0.5144 | F1: 0.4916 | Hamming: 2.92 | Exact: 0.1633 | Time: 17.82s
Epoch 050 | Train Loss: 0.3010 | Val Loss: 0.9129 | Acc: 0.9855 | Prec: 0.4719 | Rec: 0.5156 | F1: 0.4927 | Hamming: 2.91 | Exact: 0.1644 | Time: 17.71s

Total training time for tropical_v2_shortest_path_mixed_60_10_reps100: 886.44 seconds
Average epoch time: 17.73 seconds
Best epoch: 8 | Best validation loss: 0.508822
Best model saved to: saved_models/tropical_v2_shortest_path_mixed_60_10_reps100_best_model.pt
Final model saved to: saved_models/tropical_v2_shortest_path_mixed_60_10_reps100_final_model.pt
Saved new best model at epoch 1 with validation loss 0.715701
Epoch 001 | Train Loss: 0.7949 | Val Loss: 0.7157 | Acc: 0.9834 | Prec: 0.4015 | Rec: 0.4387 | F1: 0.4193 | Hamming: 3.34 | Exact: 0.1144 | Time: 11.97s
Saved new best model at epoch 2 with validation loss 0.696780
Epoch 002 | Train Loss: 0.6998 | Val Loss: 0.6968 | Acc: 0.9844 | Prec: 0.4344 | Rec: 0.4747 | F1: 0.4537 | Hamming: 3.14 | Exact: 0.1422 | Time: 11.21s
Saved new best model at epoch 3 with validation loss 0.685569
Epoch 003 | Train Loss: 0.6778 | Val Loss: 0.6856 | Acc: 0.9844 | Prec: 0.4359 | Rec: 0.4763 | F1: 0.4552 | Hamming: 3.13 | Exact: 0.1389 | Time: 11.46s
Saved new best model at epoch 4 with validation loss 0.676115
Epoch 004 | Train Loss: 0.6648 | Val Loss: 0.6761 | Acc: 0.9843 | Prec: 0.4307 | Rec: 0.4707 | F1: 0.4498 | Hamming: 3.16 | Exact: 0.1311 | Time: 11.27s
Saved new best model at epoch 5 with validation loss 0.672616
Epoch 005 | Train Loss: 0.6523 | Val Loss: 0.6726 | Acc: 0.9845 | Prec: 0.4385 | Rec: 0.4792 | F1: 0.4579 | Hamming: 3.11 | Exact: 0.1411 | Time: 11.43s
Epoch 006 | Train Loss: 0.6435 | Val Loss: 0.6747 | Acc: 0.9845 | Prec: 0.4396 | Rec: 0.4804 | F1: 0.4591 | Hamming: 3.11 | Exact: 0.1444 | Time: 11.34s
Epoch 007 | Train Loss: 0.6359 | Val Loss: 0.6755 | Acc: 0.9845 | Prec: 0.4370 | Rec: 0.4775 | F1: 0.4564 | Hamming: 3.12 | Exact: 0.1422 | Time: 11.21s
Epoch 008 | Train Loss: 0.6281 | Val Loss: 0.6764 | Acc: 0.9845 | Prec: 0.4400 | Rec: 0.4808 | F1: 0.4595 | Hamming: 3.11 | Exact: 0.1478 | Time: 11.36s
Epoch 009 | Train Loss: 0.6196 | Val Loss: 0.6784 | Acc: 0.9845 | Prec: 0.4389 | Rec: 0.4796 | F1: 0.4583 | Hamming: 3.11 | Exact: 0.1456 | Time: 11.44s
Epoch 010 | Train Loss: 0.6144 | Val Loss: 0.6798 | Acc: 0.9845 | Prec: 0.4370 | Rec: 0.4775 | F1: 0.4564 | Hamming: 3.12 | Exact: 0.1433 | Time: 11.26s
Epoch 011 | Train Loss: 0.6032 | Val Loss: 0.6820 | Acc: 0.9846 | Prec: 0.4404 | Rec: 0.4812 | F1: 0.4599 | Hamming: 3.10 | Exact: 0.1478 | Time: 11.20s
Epoch 012 | Train Loss: 0.5982 | Val Loss: 0.6838 | Acc: 0.9845 | Prec: 0.4393 | Rec: 0.4800 | F1: 0.4587 | Hamming: 3.11 | Exact: 0.1422 | Time: 11.10s
Epoch 013 | Train Loss: 0.5919 | Val Loss: 0.6906 | Acc: 0.9845 | Prec: 0.4381 | Rec: 0.4788 | F1: 0.4576 | Hamming: 3.12 | Exact: 0.1456 | Time: 11.14s
Epoch 014 | Train Loss: 0.5876 | Val Loss: 0.6983 | Acc: 0.9844 | Prec: 0.4367 | Rec: 0.4771 | F1: 0.4560 | Hamming: 3.13 | Exact: 0.1444 | Time: 11.31s
Epoch 015 | Train Loss: 0.5811 | Val Loss: 0.6992 | Acc: 0.9844 | Prec: 0.4352 | Rec: 0.4755 | F1: 0.4545 | Hamming: 3.13 | Exact: 0.1433 | Time: 11.39s
Epoch 016 | Train Loss: 0.5774 | Val Loss: 0.7009 | Acc: 0.9844 | Prec: 0.4352 | Rec: 0.4755 | F1: 0.4545 | Hamming: 3.13 | Exact: 0.1400 | Time: 11.34s
Epoch 017 | Train Loss: 0.5667 | Val Loss: 0.7068 | Acc: 0.9845 | Prec: 0.4381 | Rec: 0.4788 | F1: 0.4576 | Hamming: 3.12 | Exact: 0.1433 | Time: 11.49s
Epoch 018 | Train Loss: 0.5626 | Val Loss: 0.7147 | Acc: 0.9845 | Prec: 0.4370 | Rec: 0.4775 | F1: 0.4564 | Hamming: 3.12 | Exact: 0.1422 | Time: 11.23s
Epoch 019 | Train Loss: 0.5605 | Val Loss: 0.7237 | Acc: 0.9845 | Prec: 0.4385 | Rec: 0.4792 | F1: 0.4579 | Hamming: 3.11 | Exact: 0.1444 | Time: 11.27s
Epoch 020 | Train Loss: 0.5500 | Val Loss: 0.7358 | Acc: 0.9846 | Prec: 0.4407 | Rec: 0.4816 | F1: 0.4603 | Hamming: 3.10 | Exact: 0.1478 | Time: 11.15s
Epoch 021 | Train Loss: 0.5454 | Val Loss: 0.7498 | Acc: 0.9845 | Prec: 0.4400 | Rec: 0.4808 | F1: 0.4595 | Hamming: 3.11 | Exact: 0.1489 | Time: 11.20s
Epoch 022 | Train Loss: 0.5451 | Val Loss: 0.7570 | Acc: 0.9845 | Prec: 0.4396 | Rec: 0.4804 | F1: 0.4591 | Hamming: 3.11 | Exact: 0.1478 | Time: 11.39s
Epoch 023 | Train Loss: 0.5369 | Val Loss: 0.7641 | Acc: 0.9845 | Prec: 0.4381 | Rec: 0.4788 | F1: 0.4576 | Hamming: 3.12 | Exact: 0.1467 | Time: 11.30s
Epoch 024 | Train Loss: 0.5291 | Val Loss: 0.7745 | Acc: 0.9844 | Prec: 0.4356 | Rec: 0.4759 | F1: 0.4548 | Hamming: 3.13 | Exact: 0.1444 | Time: 11.14s
Epoch 025 | Train Loss: 0.5248 | Val Loss: 0.7842 | Acc: 0.9844 | Prec: 0.4367 | Rec: 0.4771 | F1: 0.4560 | Hamming: 3.13 | Exact: 0.1444 | Time: 11.26s
Epoch 026 | Train Loss: 0.5231 | Val Loss: 0.7938 | Acc: 0.9844 | Prec: 0.4367 | Rec: 0.4771 | F1: 0.4560 | Hamming: 3.13 | Exact: 0.1444 | Time: 11.36s
Epoch 027 | Train Loss: 0.5170 | Val Loss: 0.8037 | Acc: 0.9844 | Prec: 0.4359 | Rec: 0.4763 | F1: 0.4552 | Hamming: 3.13 | Exact: 0.1433 | Time: 11.41s
Epoch 028 | Train Loss: 0.5177 | Val Loss: 0.8126 | Acc: 0.9844 | Prec: 0.4356 | Rec: 0.4759 | F1: 0.4548 | Hamming: 3.13 | Exact: 0.1422 | Time: 11.32s
Epoch 029 | Train Loss: 0.5065 | Val Loss: 0.8193 | Acc: 0.9844 | Prec: 0.4341 | Rec: 0.4743 | F1: 0.4533 | Hamming: 3.14 | Exact: 0.1422 | Time: 11.28s
Epoch 030 | Train Loss: 0.5059 | Val Loss: 0.8290 | Acc: 0.9844 | Prec: 0.4341 | Rec: 0.4743 | F1: 0.4533 | Hamming: 3.14 | Exact: 0.1389 | Time: 11.24s
Epoch 031 | Train Loss: 0.4980 | Val Loss: 0.8420 | Acc: 0.9843 | Prec: 0.4330 | Rec: 0.4731 | F1: 0.4521 | Hamming: 3.15 | Exact: 0.1400 | Time: 11.23s
Epoch 032 | Train Loss: 0.4985 | Val Loss: 0.8517 | Acc: 0.9844 | Prec: 0.4344 | Rec: 0.4747 | F1: 0.4537 | Hamming: 3.14 | Exact: 0.1422 | Time: 11.30s
Epoch 033 | Train Loss: 0.4927 | Val Loss: 0.8618 | Acc: 0.9844 | Prec: 0.4356 | Rec: 0.4759 | F1: 0.4548 | Hamming: 3.13 | Exact: 0.1433 | Time: 11.24s
Epoch 034 | Train Loss: 0.4860 | Val Loss: 0.8729 | Acc: 0.9845 | Prec: 0.4389 | Rec: 0.4796 | F1: 0.4583 | Hamming: 3.11 | Exact: 0.1444 | Time: 11.22s
Epoch 035 | Train Loss: 0.4859 | Val Loss: 0.8839 | Acc: 0.9845 | Prec: 0.4385 | Rec: 0.4792 | F1: 0.4579 | Hamming: 3.11 | Exact: 0.1433 | Time: 11.21s
Epoch 036 | Train Loss: 0.4819 | Val Loss: 0.8924 | Acc: 0.9845 | Prec: 0.4385 | Rec: 0.4792 | F1: 0.4579 | Hamming: 3.11 | Exact: 0.1456 | Time: 11.37s
Epoch 037 | Train Loss: 0.4792 | Val Loss: 0.9014 | Acc: 0.9845 | Prec: 0.4381 | Rec: 0.4788 | F1: 0.4576 | Hamming: 3.12 | Exact: 0.1456 | Time: 11.18s
Epoch 038 | Train Loss: 0.4775 | Val Loss: 0.9128 | Acc: 0.9845 | Prec: 0.4378 | Rec: 0.4783 | F1: 0.4572 | Hamming: 3.12 | Exact: 0.1433 | Time: 11.18s
Epoch 039 | Train Loss: 0.4681 | Val Loss: 0.9232 | Acc: 0.9845 | Prec: 0.4370 | Rec: 0.4775 | F1: 0.4564 | Hamming: 3.12 | Exact: 0.1467 | Time: 11.20s
Epoch 040 | Train Loss: 0.4680 | Val Loss: 0.9323 | Acc: 0.9844 | Prec: 0.4367 | Rec: 0.4771 | F1: 0.4560 | Hamming: 3.13 | Exact: 0.1444 | Time: 11.10s
Epoch 041 | Train Loss: 0.4657 | Val Loss: 0.9390 | Acc: 0.9844 | Prec: 0.4367 | Rec: 0.4771 | F1: 0.4560 | Hamming: 3.13 | Exact: 0.1422 | Time: 11.29s
Epoch 042 | Train Loss: 0.4602 | Val Loss: 0.9509 | Acc: 0.9844 | Prec: 0.4363 | Rec: 0.4767 | F1: 0.4556 | Hamming: 3.13 | Exact: 0.1422 | Time: 11.19s
Epoch 043 | Train Loss: 0.4564 | Val Loss: 0.9625 | Acc: 0.9844 | Prec: 0.4367 | Rec: 0.4771 | F1: 0.4560 | Hamming: 3.13 | Exact: 0.1433 | Time: 11.34s
Epoch 044 | Train Loss: 0.4563 | Val Loss: 0.9743 | Acc: 0.9844 | Prec: 0.4367 | Rec: 0.4771 | F1: 0.4560 | Hamming: 3.13 | Exact: 0.1467 | Time: 11.16s
Epoch 045 | Train Loss: 0.4501 | Val Loss: 0.9888 | Acc: 0.9845 | Prec: 0.4378 | Rec: 0.4783 | F1: 0.4572 | Hamming: 3.12 | Exact: 0.1456 | Time: 11.44s
Epoch 046 | Train Loss: 0.4472 | Val Loss: 0.9979 | Acc: 0.9845 | Prec: 0.4378 | Rec: 0.4783 | F1: 0.4572 | Hamming: 3.12 | Exact: 0.1433 | Time: 11.14s
Epoch 047 | Train Loss: 0.4420 | Val Loss: 1.0096 | Acc: 0.9845 | Prec: 0.4378 | Rec: 0.4783 | F1: 0.4572 | Hamming: 3.12 | Exact: 0.1456 | Time: 11.02s
Epoch 048 | Train Loss: 0.4466 | Val Loss: 1.0158 | Acc: 0.9845 | Prec: 0.4378 | Rec: 0.4783 | F1: 0.4572 | Hamming: 3.12 | Exact: 0.1456 | Time: 10.94s
Epoch 049 | Train Loss: 0.4415 | Val Loss: 1.0253 | Acc: 0.9845 | Prec: 0.4385 | Rec: 0.4792 | F1: 0.4579 | Hamming: 3.11 | Exact: 0.1444 | Time: 11.02s
Epoch 050 | Train Loss: 0.4337 | Val Loss: 1.0355 | Acc: 0.9845 | Prec: 0.4381 | Rec: 0.4788 | F1: 0.4576 | Hamming: 3.12 | Exact: 0.1444 | Time: 11.01s

Total training time for transformer_shortest_path_mixed_60_10_reps100: 563.36 seconds
Average epoch time: 11.27 seconds
Best epoch: 5 | Best validation loss: 0.672616
Best model saved to: saved_models/transformer_shortest_path_mixed_60_10_reps100_best_model.pt
Final model saved to: saved_models/transformer_shortest_path_mixed_60_10_reps100_final_model.pt
Saved new best model at epoch 1 with validation loss 0.709808
Epoch 001 | Train Loss: 0.7957 | Val Loss: 0.7098 | Acc: 0.9832 | Prec: 0.3952 | Rec: 0.4318 | F1: 0.4127 | Hamming: 3.37 | Exact: 0.1167 | Time: 11.95s
Saved new best model at epoch 2 with validation loss 0.686548
Epoch 002 | Train Loss: 0.6829 | Val Loss: 0.6865 | Acc: 0.9841 | Prec: 0.4248 | Rec: 0.4642 | F1: 0.4436 | Hamming: 3.20 | Exact: 0.1289 | Time: 11.25s
Saved new best model at epoch 3 with validation loss 0.657734
Epoch 003 | Train Loss: 0.6530 | Val Loss: 0.6577 | Acc: 0.9845 | Prec: 0.4389 | Rec: 0.4796 | F1: 0.4583 | Hamming: 3.11 | Exact: 0.1456 | Time: 11.31s
Saved new best model at epoch 4 with validation loss 0.639135
Epoch 004 | Train Loss: 0.6293 | Val Loss: 0.6391 | Acc: 0.9845 | Prec: 0.4396 | Rec: 0.4804 | F1: 0.4591 | Hamming: 3.11 | Exact: 0.1467 | Time: 11.32s
Saved new best model at epoch 5 with validation loss 0.625527
Epoch 005 | Train Loss: 0.6101 | Val Loss: 0.6255 | Acc: 0.9846 | Prec: 0.4407 | Rec: 0.4816 | F1: 0.4603 | Hamming: 3.10 | Exact: 0.1456 | Time: 11.40s
Saved new best model at epoch 6 with validation loss 0.611635
Epoch 006 | Train Loss: 0.5924 | Val Loss: 0.6116 | Acc: 0.9847 | Prec: 0.4444 | Rec: 0.4856 | F1: 0.4641 | Hamming: 3.08 | Exact: 0.1500 | Time: 11.37s
Saved new best model at epoch 7 with validation loss 0.608742
Epoch 007 | Train Loss: 0.5772 | Val Loss: 0.6087 | Acc: 0.9847 | Prec: 0.4452 | Rec: 0.4864 | F1: 0.4649 | Hamming: 3.07 | Exact: 0.1456 | Time: 11.38s
Saved new best model at epoch 8 with validation loss 0.608543
Epoch 008 | Train Loss: 0.5672 | Val Loss: 0.6085 | Acc: 0.9847 | Prec: 0.4448 | Rec: 0.4860 | F1: 0.4645 | Hamming: 3.08 | Exact: 0.1400 | Time: 11.26s
Saved new best model at epoch 9 with validation loss 0.607995
Epoch 009 | Train Loss: 0.5573 | Val Loss: 0.6080 | Acc: 0.9847 | Prec: 0.4437 | Rec: 0.4848 | F1: 0.4634 | Hamming: 3.08 | Exact: 0.1411 | Time: 11.31s
Saved new best model at epoch 10 with validation loss 0.606197
Epoch 010 | Train Loss: 0.5452 | Val Loss: 0.6062 | Acc: 0.9847 | Prec: 0.4444 | Rec: 0.4856 | F1: 0.4641 | Hamming: 3.08 | Exact: 0.1422 | Time: 11.17s
Epoch 011 | Train Loss: 0.5388 | Val Loss: 0.6102 | Acc: 0.9847 | Prec: 0.4444 | Rec: 0.4856 | F1: 0.4641 | Hamming: 3.08 | Exact: 0.1433 | Time: 11.37s
Epoch 012 | Train Loss: 0.5338 | Val Loss: 0.6149 | Acc: 0.9847 | Prec: 0.4459 | Rec: 0.4873 | F1: 0.4657 | Hamming: 3.07 | Exact: 0.1422 | Time: 11.32s
Epoch 013 | Train Loss: 0.5280 | Val Loss: 0.6201 | Acc: 0.9848 | Prec: 0.4493 | Rec: 0.4909 | F1: 0.4692 | Hamming: 3.05 | Exact: 0.1456 | Time: 11.54s
Epoch 014 | Train Loss: 0.5206 | Val Loss: 0.6250 | Acc: 0.9848 | Prec: 0.4485 | Rec: 0.4901 | F1: 0.4684 | Hamming: 3.05 | Exact: 0.1456 | Time: 11.22s
Epoch 015 | Train Loss: 0.5146 | Val Loss: 0.6297 | Acc: 0.9848 | Prec: 0.4500 | Rec: 0.4917 | F1: 0.4699 | Hamming: 3.05 | Exact: 0.1433 | Time: 11.37s
Epoch 016 | Train Loss: 0.5102 | Val Loss: 0.6354 | Acc: 0.9849 | Prec: 0.4519 | Rec: 0.4937 | F1: 0.4719 | Hamming: 3.03 | Exact: 0.1433 | Time: 11.30s
Epoch 017 | Train Loss: 0.5032 | Val Loss: 0.6450 | Acc: 0.9851 | Prec: 0.4570 | Rec: 0.4994 | F1: 0.4773 | Hamming: 3.00 | Exact: 0.1467 | Time: 11.52s
Epoch 018 | Train Loss: 0.4958 | Val Loss: 0.6534 | Acc: 0.9850 | Prec: 0.4537 | Rec: 0.4958 | F1: 0.4738 | Hamming: 3.02 | Exact: 0.1444 | Time: 11.40s
Epoch 019 | Train Loss: 0.4942 | Val Loss: 0.6588 | Acc: 0.9850 | Prec: 0.4556 | Rec: 0.4978 | F1: 0.4757 | Hamming: 3.01 | Exact: 0.1467 | Time: 11.32s
Epoch 020 | Train Loss: 0.4864 | Val Loss: 0.6670 | Acc: 0.9850 | Prec: 0.4559 | Rec: 0.4982 | F1: 0.4761 | Hamming: 3.01 | Exact: 0.1467 | Time: 11.47s
Epoch 021 | Train Loss: 0.4870 | Val Loss: 0.6770 | Acc: 0.9850 | Prec: 0.4544 | Rec: 0.4966 | F1: 0.4746 | Hamming: 3.02 | Exact: 0.1467 | Time: 10.88s
Epoch 022 | Train Loss: 0.4798 | Val Loss: 0.6876 | Acc: 0.9849 | Prec: 0.4522 | Rec: 0.4941 | F1: 0.4722 | Hamming: 3.03 | Exact: 0.1456 | Time: 10.99s
Epoch 023 | Train Loss: 0.4773 | Val Loss: 0.6989 | Acc: 0.9849 | Prec: 0.4526 | Rec: 0.4945 | F1: 0.4726 | Hamming: 3.03 | Exact: 0.1478 | Time: 11.03s
Epoch 024 | Train Loss: 0.4660 | Val Loss: 0.7140 | Acc: 0.9849 | Prec: 0.4515 | Rec: 0.4933 | F1: 0.4715 | Hamming: 3.04 | Exact: 0.1478 | Time: 10.79s
Epoch 025 | Train Loss: 0.4643 | Val Loss: 0.7263 | Acc: 0.9850 | Prec: 0.4541 | Rec: 0.4962 | F1: 0.4742 | Hamming: 3.02 | Exact: 0.1467 | Time: 10.76s
Epoch 026 | Train Loss: 0.4597 | Val Loss: 0.7434 | Acc: 0.9849 | Prec: 0.4522 | Rec: 0.4941 | F1: 0.4722 | Hamming: 3.03 | Exact: 0.1456 | Time: 10.79s
Epoch 027 | Train Loss: 0.4556 | Val Loss: 0.7529 | Acc: 0.9850 | Prec: 0.4537 | Rec: 0.4958 | F1: 0.4738 | Hamming: 3.02 | Exact: 0.1456 | Time: 10.94s
Epoch 028 | Train Loss: 0.4467 | Val Loss: 0.7641 | Acc: 0.9849 | Prec: 0.4515 | Rec: 0.4933 | F1: 0.4715 | Hamming: 3.04 | Exact: 0.1478 | Time: 10.99s
Epoch 029 | Train Loss: 0.4444 | Val Loss: 0.7788 | Acc: 0.9849 | Prec: 0.4511 | Rec: 0.4929 | F1: 0.4711 | Hamming: 3.04 | Exact: 0.1489 | Time: 10.94s
Epoch 030 | Train Loss: 0.4402 | Val Loss: 0.7960 | Acc: 0.9849 | Prec: 0.4507 | Rec: 0.4925 | F1: 0.4707 | Hamming: 3.04 | Exact: 0.1467 | Time: 10.91s
Epoch 031 | Train Loss: 0.4363 | Val Loss: 0.8142 | Acc: 0.9849 | Prec: 0.4515 | Rec: 0.4933 | F1: 0.4715 | Hamming: 3.04 | Exact: 0.1467 | Time: 10.97s
Epoch 032 | Train Loss: 0.4358 | Val Loss: 0.8315 | Acc: 0.9849 | Prec: 0.4511 | Rec: 0.4929 | F1: 0.4711 | Hamming: 3.04 | Exact: 0.1456 | Time: 11.00s
Epoch 033 | Train Loss: 0.4274 | Val Loss: 0.8489 | Acc: 0.9848 | Prec: 0.4485 | Rec: 0.4901 | F1: 0.4684 | Hamming: 3.05 | Exact: 0.1433 | Time: 11.25s
Epoch 034 | Train Loss: 0.4265 | Val Loss: 0.8676 | Acc: 0.9847 | Prec: 0.4467 | Rec: 0.4881 | F1: 0.4664 | Hamming: 3.07 | Exact: 0.1389 | Time: 11.28s
Epoch 035 | Train Loss: 0.4202 | Val Loss: 0.8912 | Acc: 0.9847 | Prec: 0.4441 | Rec: 0.4852 | F1: 0.4637 | Hamming: 3.08 | Exact: 0.1367 | Time: 11.08s
Epoch 036 | Train Loss: 0.4175 | Val Loss: 0.9064 | Acc: 0.9846 | Prec: 0.4426 | Rec: 0.4836 | F1: 0.4622 | Hamming: 3.09 | Exact: 0.1344 | Time: 11.36s
Epoch 037 | Train Loss: 0.4144 | Val Loss: 0.9231 | Acc: 0.9846 | Prec: 0.4430 | Rec: 0.4840 | F1: 0.4626 | Hamming: 3.09 | Exact: 0.1356 | Time: 11.23s
Epoch 038 | Train Loss: 0.4115 | Val Loss: 0.9436 | Acc: 0.9846 | Prec: 0.4415 | Rec: 0.4824 | F1: 0.4610 | Hamming: 3.10 | Exact: 0.1344 | Time: 10.67s
Epoch 039 | Train Loss: 0.4100 | Val Loss: 0.9599 | Acc: 0.9846 | Prec: 0.4422 | Rec: 0.4832 | F1: 0.4618 | Hamming: 3.09 | Exact: 0.1344 | Time: 10.93s
Epoch 040 | Train Loss: 0.4069 | Val Loss: 0.9734 | Acc: 0.9846 | Prec: 0.4415 | Rec: 0.4824 | F1: 0.4610 | Hamming: 3.10 | Exact: 0.1344 | Time: 11.20s
Epoch 041 | Train Loss: 0.3960 | Val Loss: 0.9904 | Acc: 0.9846 | Prec: 0.4415 | Rec: 0.4824 | F1: 0.4610 | Hamming: 3.10 | Exact: 0.1367 | Time: 11.39s
Epoch 042 | Train Loss: 0.3936 | Val Loss: 1.0040 | Acc: 0.9846 | Prec: 0.4404 | Rec: 0.4812 | F1: 0.4599 | Hamming: 3.10 | Exact: 0.1367 | Time: 11.29s
Epoch 043 | Train Loss: 0.3978 | Val Loss: 1.0186 | Acc: 0.9846 | Prec: 0.4407 | Rec: 0.4816 | F1: 0.4603 | Hamming: 3.10 | Exact: 0.1378 | Time: 11.39s
Epoch 044 | Train Loss: 0.3861 | Val Loss: 1.0329 | Acc: 0.9845 | Prec: 0.4393 | Rec: 0.4800 | F1: 0.4587 | Hamming: 3.11 | Exact: 0.1389 | Time: 11.31s
Epoch 045 | Train Loss: 0.3862 | Val Loss: 1.0482 | Acc: 0.9845 | Prec: 0.4393 | Rec: 0.4800 | F1: 0.4587 | Hamming: 3.11 | Exact: 0.1389 | Time: 10.78s
Epoch 046 | Train Loss: 0.3817 | Val Loss: 1.0630 | Acc: 0.9845 | Prec: 0.4370 | Rec: 0.4775 | F1: 0.4564 | Hamming: 3.12 | Exact: 0.1367 | Time: 10.91s
Epoch 047 | Train Loss: 0.3759 | Val Loss: 1.0739 | Acc: 0.9844 | Prec: 0.4359 | Rec: 0.4763 | F1: 0.4552 | Hamming: 3.13 | Exact: 0.1378 | Time: 10.73s
Epoch 048 | Train Loss: 0.3749 | Val Loss: 1.0847 | Acc: 0.9844 | Prec: 0.4352 | Rec: 0.4755 | F1: 0.4545 | Hamming: 3.13 | Exact: 0.1367 | Time: 10.96s
Epoch 049 | Train Loss: 0.3712 | Val Loss: 1.0981 | Acc: 0.9844 | Prec: 0.4337 | Rec: 0.4739 | F1: 0.4529 | Hamming: 3.14 | Exact: 0.1356 | Time: 11.45s
Epoch 050 | Train Loss: 0.3707 | Val Loss: 1.1112 | Acc: 0.9844 | Prec: 0.4348 | Rec: 0.4751 | F1: 0.4541 | Hamming: 3.14 | Exact: 0.1378 | Time: 11.36s

Total training time for edge_transformer_shortest_path_mixed_60_10_reps100: 559.27 seconds
Average epoch time: 11.19 seconds
Best epoch: 10 | Best validation loss: 0.606197
Best model saved to: saved_models/edge_transformer_shortest_path_mixed_60_10_reps100_best_model.pt
Final model saved to: saved_models/edge_transformer_shortest_path_mixed_60_10_reps100_final_model.pt
Saved new best model at epoch 1 with validation loss 0.650518
Epoch 001 | Train Loss: 0.8023 | Val Loss: 0.6505 | Acc: 0.9829 | Prec: 0.3841 | Rec: 0.4197 | F1: 0.4011 | Hamming: 3.44 | Exact: 0.1044 | Time: 7.53s
Saved new best model at epoch 2 with validation loss 0.631433
Epoch 002 | Train Loss: 0.6460 | Val Loss: 0.6314 | Acc: 0.9835 | Prec: 0.4041 | Rec: 0.4415 | F1: 0.4220 | Hamming: 3.32 | Exact: 0.1200 | Time: 6.82s
Saved new best model at epoch 3 with validation loss 0.615641
Epoch 003 | Train Loss: 0.6186 | Val Loss: 0.6156 | Acc: 0.9838 | Prec: 0.4159 | Rec: 0.4545 | F1: 0.4343 | Hamming: 3.25 | Exact: 0.1333 | Time: 6.79s
Saved new best model at epoch 4 with validation loss 0.599609
Epoch 004 | Train Loss: 0.6000 | Val Loss: 0.5996 | Acc: 0.9840 | Prec: 0.4215 | Rec: 0.4605 | F1: 0.4401 | Hamming: 3.22 | Exact: 0.1289 | Time: 6.74s
Saved new best model at epoch 5 with validation loss 0.593477
Epoch 005 | Train Loss: 0.5896 | Val Loss: 0.5935 | Acc: 0.9841 | Prec: 0.4237 | Rec: 0.4630 | F1: 0.4425 | Hamming: 3.20 | Exact: 0.1300 | Time: 6.76s
Saved new best model at epoch 6 with validation loss 0.592173
Epoch 006 | Train Loss: 0.5822 | Val Loss: 0.5922 | Acc: 0.9841 | Prec: 0.4256 | Rec: 0.4650 | F1: 0.4444 | Hamming: 3.19 | Exact: 0.1311 | Time: 6.71s
Saved new best model at epoch 7 with validation loss 0.590476
Epoch 007 | Train Loss: 0.5759 | Val Loss: 0.5905 | Acc: 0.9842 | Prec: 0.4296 | Rec: 0.4694 | F1: 0.4487 | Hamming: 3.17 | Exact: 0.1300 | Time: 6.77s
Saved new best model at epoch 8 with validation loss 0.588291
Epoch 008 | Train Loss: 0.5681 | Val Loss: 0.5883 | Acc: 0.9843 | Prec: 0.4307 | Rec: 0.4707 | F1: 0.4498 | Hamming: 3.16 | Exact: 0.1311 | Time: 6.80s
Epoch 009 | Train Loss: 0.5668 | Val Loss: 0.5913 | Acc: 0.9843 | Prec: 0.4315 | Rec: 0.4715 | F1: 0.4506 | Hamming: 3.16 | Exact: 0.1289 | Time: 6.78s
Epoch 010 | Train Loss: 0.5582 | Val Loss: 0.5911 | Acc: 0.9842 | Prec: 0.4274 | Rec: 0.4670 | F1: 0.4463 | Hamming: 3.18 | Exact: 0.1278 | Time: 6.75s
Epoch 011 | Train Loss: 0.5546 | Val Loss: 0.5913 | Acc: 0.9842 | Prec: 0.4296 | Rec: 0.4694 | F1: 0.4487 | Hamming: 3.17 | Exact: 0.1311 | Time: 6.77s
Epoch 012 | Train Loss: 0.5514 | Val Loss: 0.5896 | Acc: 0.9842 | Prec: 0.4278 | Rec: 0.4674 | F1: 0.4467 | Hamming: 3.18 | Exact: 0.1311 | Time: 6.75s
Epoch 013 | Train Loss: 0.5490 | Val Loss: 0.5897 | Acc: 0.9842 | Prec: 0.4300 | Rec: 0.4699 | F1: 0.4490 | Hamming: 3.17 | Exact: 0.1300 | Time: 6.71s
Epoch 014 | Train Loss: 0.5477 | Val Loss: 0.5886 | Acc: 0.9843 | Prec: 0.4311 | Rec: 0.4711 | F1: 0.4502 | Hamming: 3.16 | Exact: 0.1300 | Time: 6.73s
Epoch 015 | Train Loss: 0.5414 | Val Loss: 0.5886 | Acc: 0.9842 | Prec: 0.4293 | Rec: 0.4690 | F1: 0.4483 | Hamming: 3.17 | Exact: 0.1267 | Time: 6.76s
Epoch 016 | Train Loss: 0.5419 | Val Loss: 0.5884 | Acc: 0.9843 | Prec: 0.4330 | Rec: 0.4731 | F1: 0.4521 | Hamming: 3.15 | Exact: 0.1233 | Time: 6.79s
Saved new best model at epoch 17 with validation loss 0.587528
Epoch 017 | Train Loss: 0.5362 | Val Loss: 0.5875 | Acc: 0.9843 | Prec: 0.4304 | Rec: 0.4703 | F1: 0.4494 | Hamming: 3.16 | Exact: 0.1267 | Time: 6.70s
Epoch 018 | Train Loss: 0.5375 | Val Loss: 0.5886 | Acc: 0.9843 | Prec: 0.4304 | Rec: 0.4703 | F1: 0.4494 | Hamming: 3.16 | Exact: 0.1311 | Time: 6.75s
Epoch 019 | Train Loss: 0.5361 | Val Loss: 0.5895 | Acc: 0.9841 | Prec: 0.4248 | Rec: 0.4642 | F1: 0.4436 | Hamming: 3.20 | Exact: 0.1233 | Time: 6.74s
Epoch 020 | Train Loss: 0.5319 | Val Loss: 0.5899 | Acc: 0.9841 | Prec: 0.4263 | Rec: 0.4658 | F1: 0.4452 | Hamming: 3.19 | Exact: 0.1233 | Time: 6.89s
Epoch 021 | Train Loss: 0.5312 | Val Loss: 0.5916 | Acc: 0.9841 | Prec: 0.4263 | Rec: 0.4658 | F1: 0.4452 | Hamming: 3.19 | Exact: 0.1222 | Time: 6.73s
Epoch 022 | Train Loss: 0.5278 | Val Loss: 0.5938 | Acc: 0.9841 | Prec: 0.4263 | Rec: 0.4658 | F1: 0.4452 | Hamming: 3.19 | Exact: 0.1256 | Time: 6.80s
Epoch 023 | Train Loss: 0.5247 | Val Loss: 0.5948 | Acc: 0.9842 | Prec: 0.4274 | Rec: 0.4670 | F1: 0.4463 | Hamming: 3.18 | Exact: 0.1278 | Time: 6.87s
Epoch 024 | Train Loss: 0.5256 | Val Loss: 0.5966 | Acc: 0.9842 | Prec: 0.4285 | Rec: 0.4682 | F1: 0.4475 | Hamming: 3.17 | Exact: 0.1300 | Time: 6.77s
Epoch 025 | Train Loss: 0.5219 | Val Loss: 0.5975 | Acc: 0.9842 | Prec: 0.4285 | Rec: 0.4682 | F1: 0.4475 | Hamming: 3.17 | Exact: 0.1267 | Time: 6.77s
Epoch 026 | Train Loss: 0.5247 | Val Loss: 0.6000 | Acc: 0.9842 | Prec: 0.4289 | Rec: 0.4686 | F1: 0.4479 | Hamming: 3.17 | Exact: 0.1278 | Time: 6.68s
Epoch 027 | Train Loss: 0.5171 | Val Loss: 0.6011 | Acc: 0.9842 | Prec: 0.4296 | Rec: 0.4694 | F1: 0.4487 | Hamming: 3.17 | Exact: 0.1278 | Time: 6.74s
Epoch 028 | Train Loss: 0.5167 | Val Loss: 0.6027 | Acc: 0.9842 | Prec: 0.4289 | Rec: 0.4686 | F1: 0.4479 | Hamming: 3.17 | Exact: 0.1267 | Time: 6.75s
Epoch 029 | Train Loss: 0.5145 | Val Loss: 0.6051 | Acc: 0.9843 | Prec: 0.4311 | Rec: 0.4711 | F1: 0.4502 | Hamming: 3.16 | Exact: 0.1300 | Time: 6.72s
Epoch 030 | Train Loss: 0.5104 | Val Loss: 0.6068 | Acc: 0.9843 | Prec: 0.4307 | Rec: 0.4707 | F1: 0.4498 | Hamming: 3.16 | Exact: 0.1300 | Time: 6.72s
Epoch 031 | Train Loss: 0.5100 | Val Loss: 0.6085 | Acc: 0.9843 | Prec: 0.4307 | Rec: 0.4707 | F1: 0.4498 | Hamming: 3.16 | Exact: 0.1300 | Time: 6.71s
Epoch 032 | Train Loss: 0.5101 | Val Loss: 0.6112 | Acc: 0.9842 | Prec: 0.4296 | Rec: 0.4694 | F1: 0.4487 | Hamming: 3.17 | Exact: 0.1300 | Time: 6.70s
Epoch 033 | Train Loss: 0.5073 | Val Loss: 0.6147 | Acc: 0.9842 | Prec: 0.4289 | Rec: 0.4686 | F1: 0.4479 | Hamming: 3.17 | Exact: 0.1311 | Time: 6.68s
Epoch 034 | Train Loss: 0.5049 | Val Loss: 0.6160 | Acc: 0.9842 | Prec: 0.4285 | Rec: 0.4682 | F1: 0.4475 | Hamming: 3.17 | Exact: 0.1311 | Time: 6.74s
Epoch 035 | Train Loss: 0.5019 | Val Loss: 0.6181 | Acc: 0.9842 | Prec: 0.4274 | Rec: 0.4670 | F1: 0.4463 | Hamming: 3.18 | Exact: 0.1289 | Time: 6.74s
Epoch 036 | Train Loss: 0.5009 | Val Loss: 0.6205 | Acc: 0.9842 | Prec: 0.4278 | Rec: 0.4674 | F1: 0.4467 | Hamming: 3.18 | Exact: 0.1267 | Time: 6.77s
Epoch 037 | Train Loss: 0.5003 | Val Loss: 0.6233 | Acc: 0.9842 | Prec: 0.4278 | Rec: 0.4674 | F1: 0.4467 | Hamming: 3.18 | Exact: 0.1267 | Time: 6.71s
Epoch 038 | Train Loss: 0.4988 | Val Loss: 0.6264 | Acc: 0.9841 | Prec: 0.4248 | Rec: 0.4642 | F1: 0.4436 | Hamming: 3.20 | Exact: 0.1233 | Time: 6.70s
Epoch 039 | Train Loss: 0.4959 | Val Loss: 0.6294 | Acc: 0.9841 | Prec: 0.4237 | Rec: 0.4630 | F1: 0.4425 | Hamming: 3.20 | Exact: 0.1256 | Time: 6.76s
Epoch 040 | Train Loss: 0.4940 | Val Loss: 0.6325 | Acc: 0.9840 | Prec: 0.4233 | Rec: 0.4626 | F1: 0.4421 | Hamming: 3.21 | Exact: 0.1256 | Time: 6.72s
Epoch 041 | Train Loss: 0.4929 | Val Loss: 0.6351 | Acc: 0.9841 | Prec: 0.4248 | Rec: 0.4642 | F1: 0.4436 | Hamming: 3.20 | Exact: 0.1278 | Time: 6.74s
Epoch 042 | Train Loss: 0.4909 | Val Loss: 0.6383 | Acc: 0.9840 | Prec: 0.4233 | Rec: 0.4626 | F1: 0.4421 | Hamming: 3.21 | Exact: 0.1244 | Time: 6.75s
Epoch 043 | Train Loss: 0.4912 | Val Loss: 0.6425 | Acc: 0.9840 | Prec: 0.4230 | Rec: 0.4622 | F1: 0.4417 | Hamming: 3.21 | Exact: 0.1256 | Time: 6.79s
Epoch 044 | Train Loss: 0.4863 | Val Loss: 0.6462 | Acc: 0.9840 | Prec: 0.4219 | Rec: 0.4609 | F1: 0.4405 | Hamming: 3.21 | Exact: 0.1233 | Time: 6.77s
Epoch 045 | Train Loss: 0.4857 | Val Loss: 0.6504 | Acc: 0.9840 | Prec: 0.4211 | Rec: 0.4601 | F1: 0.4398 | Hamming: 3.22 | Exact: 0.1233 | Time: 6.92s
Epoch 046 | Train Loss: 0.4822 | Val Loss: 0.6540 | Acc: 0.9839 | Prec: 0.4189 | Rec: 0.4577 | F1: 0.4374 | Hamming: 3.23 | Exact: 0.1211 | Time: 6.84s
Epoch 047 | Train Loss: 0.4825 | Val Loss: 0.6581 | Acc: 0.9840 | Prec: 0.4215 | Rec: 0.4605 | F1: 0.4401 | Hamming: 3.22 | Exact: 0.1256 | Time: 6.79s
Epoch 048 | Train Loss: 0.4813 | Val Loss: 0.6620 | Acc: 0.9840 | Prec: 0.4207 | Rec: 0.4597 | F1: 0.4394 | Hamming: 3.22 | Exact: 0.1244 | Time: 6.85s
Epoch 049 | Train Loss: 0.4811 | Val Loss: 0.6660 | Acc: 0.9840 | Prec: 0.4204 | Rec: 0.4593 | F1: 0.4390 | Hamming: 3.22 | Exact: 0.1233 | Time: 6.74s
Epoch 050 | Train Loss: 0.4781 | Val Loss: 0.6691 | Acc: 0.9840 | Prec: 0.4211 | Rec: 0.4601 | F1: 0.4398 | Hamming: 3.22 | Exact: 0.1244 | Time: 6.75s

Total training time for gnn_shortest_path_mixed_60_10_reps100: 338.83 seconds
Average epoch time: 6.78 seconds
Best epoch: 17 | Best validation loss: 0.587528
Best model saved to: saved_models/gnn_shortest_path_mixed_60_10_reps100_best_model.pt
Final model saved to: saved_models/gnn_shortest_path_mixed_60_10_reps100_final_model.pt
