Thu Aug 27 08:07:45 2026       
+-----------------------------------------------------------------------------------------+
| NVIDIA-SMI 595.58.03              Driver Version: 595.58.03      CUDA Version: 13.2     |
+-----------------------------------------+------------------------+----------------------+
| GPU  Name                 Persistence-M | Bus-Id          Disp.A | Volatile Uncorr. ECC |
| Fan  Temp   Perf          Pwr:Usage/Cap |           Memory-Usage | GPU-Util  Compute M. |
|                                         |                        |               MIG M. |
|=========================================+========================+======================|
|   0  NVIDIA A40                     On  |   00000000:28:00.0 Off |                    0 |
|  0%   28C    P8             22W /  300W |       0MiB /  46068MiB |      0%      Default |
|                                         |                        |                  N/A |
+-----------------------------------------+------------------------+----------------------+

+-----------------------------------------------------------------------------------------+
| Processes:                                                                              |
|  GPU   GI   CI              PID   Type   Process name                        GPU Memory |
|        ID   ID                                                               Usage      |
|=========================================================================================|
|  No running processes found                                                             |
+-----------------------------------------------------------------------------------------+
Saved new best model at epoch 1 with validation loss 0.595970
Epoch 001 | Train Loss: 0.8637 | Val Loss: 0.5960 | Acc: 0.9847 | Prec: 0.4348 | Rec: 0.4374 | F1: 0.4361 | Hamming: 3.37 | Exact: 0.0925 | Time: 6.97s
Saved new best model at epoch 2 with validation loss 0.537345
Epoch 002 | Train Loss: 0.5847 | Val Loss: 0.5373 | Acc: 0.9852 | Prec: 0.4527 | Rec: 0.4555 | F1: 0.4541 | Hamming: 3.27 | Exact: 0.1015 | Time: 6.58s
Saved new best model at epoch 3 with validation loss 0.525448
Epoch 003 | Train Loss: 0.5591 | Val Loss: 0.5254 | Acc: 0.9851 | Prec: 0.4498 | Rec: 0.4525 | F1: 0.4511 | Hamming: 3.28 | Exact: 0.0985 | Time: 6.55s
Saved new best model at epoch 4 with validation loss 0.524260
Epoch 004 | Train Loss: 0.5541 | Val Loss: 0.5243 | Acc: 0.9852 | Prec: 0.4537 | Rec: 0.4565 | F1: 0.4551 | Hamming: 3.26 | Exact: 0.1134 | Time: 6.57s
Saved new best model at epoch 5 with validation loss 0.510731
Epoch 005 | Train Loss: 0.5448 | Val Loss: 0.5107 | Acc: 0.9853 | Prec: 0.4567 | Rec: 0.4595 | F1: 0.4581 | Hamming: 3.24 | Exact: 0.1104 | Time: 6.58s
Saved new best model at epoch 6 with validation loss 0.508003
Epoch 006 | Train Loss: 0.5369 | Val Loss: 0.5080 | Acc: 0.9853 | Prec: 0.4587 | Rec: 0.4615 | F1: 0.4601 | Hamming: 3.23 | Exact: 0.1164 | Time: 6.56s
Saved new best model at epoch 7 with validation loss 0.505037
Epoch 007 | Train Loss: 0.5288 | Val Loss: 0.5050 | Acc: 0.9851 | Prec: 0.4488 | Rec: 0.4515 | F1: 0.4501 | Hamming: 3.29 | Exact: 0.1075 | Time: 6.62s
Saved new best model at epoch 8 with validation loss 0.503502
Epoch 008 | Train Loss: 0.5210 | Val Loss: 0.5035 | Acc: 0.9849 | Prec: 0.4438 | Rec: 0.4464 | F1: 0.4451 | Hamming: 3.32 | Exact: 0.1045 | Time: 6.54s
Saved new best model at epoch 9 with validation loss 0.498205
Epoch 009 | Train Loss: 0.5182 | Val Loss: 0.4982 | Acc: 0.9852 | Prec: 0.4557 | Rec: 0.4585 | F1: 0.4571 | Hamming: 3.25 | Exact: 0.1075 | Time: 6.52s
Saved new best model at epoch 10 with validation loss 0.494648
Epoch 010 | Train Loss: 0.5066 | Val Loss: 0.4946 | Acc: 0.9853 | Prec: 0.4587 | Rec: 0.4615 | F1: 0.4601 | Hamming: 3.23 | Exact: 0.1134 | Time: 6.53s
Epoch 011 | Train Loss: 0.5075 | Val Loss: 0.4976 | Acc: 0.9855 | Prec: 0.4637 | Rec: 0.4665 | F1: 0.4651 | Hamming: 3.20 | Exact: 0.1134 | Time: 6.54s
Epoch 012 | Train Loss: 0.5027 | Val Loss: 0.4967 | Acc: 0.9855 | Prec: 0.4667 | Rec: 0.4695 | F1: 0.4681 | Hamming: 3.18 | Exact: 0.1134 | Time: 6.52s
Epoch 013 | Train Loss: 0.4910 | Val Loss: 0.4963 | Acc: 0.9856 | Prec: 0.4706 | Rec: 0.4735 | F1: 0.4721 | Hamming: 3.16 | Exact: 0.1104 | Time: 6.53s
Epoch 014 | Train Loss: 0.4813 | Val Loss: 0.4953 | Acc: 0.9859 | Prec: 0.4806 | Rec: 0.4835 | F1: 0.4820 | Hamming: 3.10 | Exact: 0.1224 | Time: 6.50s
Epoch 015 | Train Loss: 0.4789 | Val Loss: 0.5006 | Acc: 0.9861 | Prec: 0.4856 | Rec: 0.4885 | F1: 0.4870 | Hamming: 3.07 | Exact: 0.1224 | Time: 6.49s
Epoch 016 | Train Loss: 0.4705 | Val Loss: 0.5018 | Acc: 0.9860 | Prec: 0.4846 | Rec: 0.4875 | F1: 0.4860 | Hamming: 3.07 | Exact: 0.1224 | Time: 6.55s
Epoch 017 | Train Loss: 0.4764 | Val Loss: 0.5053 | Acc: 0.9863 | Prec: 0.4945 | Rec: 0.4975 | F1: 0.4960 | Hamming: 3.01 | Exact: 0.1284 | Time: 6.51s
Epoch 018 | Train Loss: 0.4642 | Val Loss: 0.5071 | Acc: 0.9864 | Prec: 0.4965 | Rec: 0.4995 | F1: 0.4980 | Hamming: 3.00 | Exact: 0.1284 | Time: 6.50s
Epoch 019 | Train Loss: 0.4609 | Val Loss: 0.5110 | Acc: 0.9864 | Prec: 0.4995 | Rec: 0.5025 | F1: 0.5010 | Hamming: 2.99 | Exact: 0.1373 | Time: 6.49s
Epoch 020 | Train Loss: 0.4527 | Val Loss: 0.5166 | Acc: 0.9864 | Prec: 0.4985 | Rec: 0.5015 | F1: 0.5000 | Hamming: 2.99 | Exact: 0.1343 | Time: 6.48s
Epoch 021 | Train Loss: 0.4508 | Val Loss: 0.5236 | Acc: 0.9864 | Prec: 0.4985 | Rec: 0.5015 | F1: 0.5000 | Hamming: 2.99 | Exact: 0.1403 | Time: 6.51s
Epoch 022 | Train Loss: 0.4445 | Val Loss: 0.5285 | Acc: 0.9865 | Prec: 0.5005 | Rec: 0.5035 | F1: 0.5020 | Hamming: 2.98 | Exact: 0.1403 | Time: 6.50s
Epoch 023 | Train Loss: 0.4364 | Val Loss: 0.5339 | Acc: 0.9865 | Prec: 0.5015 | Rec: 0.5045 | F1: 0.5030 | Hamming: 2.97 | Exact: 0.1373 | Time: 6.48s
Epoch 024 | Train Loss: 0.4325 | Val Loss: 0.5412 | Acc: 0.9865 | Prec: 0.5005 | Rec: 0.5035 | F1: 0.5020 | Hamming: 2.98 | Exact: 0.1373 | Time: 6.49s
Epoch 025 | Train Loss: 0.4411 | Val Loss: 0.5443 | Acc: 0.9865 | Prec: 0.5005 | Rec: 0.5035 | F1: 0.5020 | Hamming: 2.98 | Exact: 0.1403 | Time: 6.52s
Epoch 026 | Train Loss: 0.4221 | Val Loss: 0.5489 | Acc: 0.9865 | Prec: 0.5005 | Rec: 0.5035 | F1: 0.5020 | Hamming: 2.98 | Exact: 0.1433 | Time: 6.49s
Epoch 027 | Train Loss: 0.4244 | Val Loss: 0.5542 | Acc: 0.9865 | Prec: 0.5035 | Rec: 0.5065 | F1: 0.5050 | Hamming: 2.96 | Exact: 0.1433 | Time: 6.50s
Epoch 028 | Train Loss: 0.4157 | Val Loss: 0.5562 | Acc: 0.9866 | Prec: 0.5045 | Rec: 0.5075 | F1: 0.5060 | Hamming: 2.96 | Exact: 0.1463 | Time: 6.48s
Epoch 029 | Train Loss: 0.4042 | Val Loss: 0.5695 | Acc: 0.9865 | Prec: 0.5025 | Rec: 0.5055 | F1: 0.5040 | Hamming: 2.97 | Exact: 0.1433 | Time: 6.46s
Epoch 030 | Train Loss: 0.4037 | Val Loss: 0.5771 | Acc: 0.9865 | Prec: 0.5015 | Rec: 0.5045 | F1: 0.5030 | Hamming: 2.97 | Exact: 0.1433 | Time: 6.52s
Epoch 031 | Train Loss: 0.3970 | Val Loss: 0.5848 | Acc: 0.9864 | Prec: 0.4995 | Rec: 0.5025 | F1: 0.5010 | Hamming: 2.99 | Exact: 0.1433 | Time: 6.48s
Epoch 032 | Train Loss: 0.3971 | Val Loss: 0.5958 | Acc: 0.9865 | Prec: 0.5005 | Rec: 0.5035 | F1: 0.5020 | Hamming: 2.98 | Exact: 0.1433 | Time: 6.51s
Epoch 033 | Train Loss: 0.3990 | Val Loss: 0.6032 | Acc: 0.9863 | Prec: 0.4955 | Rec: 0.4985 | F1: 0.4970 | Hamming: 3.01 | Exact: 0.1373 | Time: 6.49s
Epoch 034 | Train Loss: 0.3846 | Val Loss: 0.6079 | Acc: 0.9863 | Prec: 0.4945 | Rec: 0.4975 | F1: 0.4960 | Hamming: 3.01 | Exact: 0.1343 | Time: 6.50s
Epoch 035 | Train Loss: 0.3771 | Val Loss: 0.6142 | Acc: 0.9862 | Prec: 0.4925 | Rec: 0.4955 | F1: 0.4940 | Hamming: 3.03 | Exact: 0.1284 | Time: 6.54s
Epoch 036 | Train Loss: 0.3742 | Val Loss: 0.6271 | Acc: 0.9862 | Prec: 0.4905 | Rec: 0.4935 | F1: 0.4920 | Hamming: 3.04 | Exact: 0.1254 | Time: 6.67s
Epoch 037 | Train Loss: 0.3677 | Val Loss: 0.6362 | Acc: 0.9861 | Prec: 0.4876 | Rec: 0.4905 | F1: 0.4890 | Hamming: 3.06 | Exact: 0.1284 | Time: 6.49s
Epoch 038 | Train Loss: 0.3615 | Val Loss: 0.6447 | Acc: 0.9859 | Prec: 0.4796 | Rec: 0.4825 | F1: 0.4810 | Hamming: 3.10 | Exact: 0.1254 | Time: 6.49s
Epoch 039 | Train Loss: 0.3563 | Val Loss: 0.6499 | Acc: 0.9859 | Prec: 0.4806 | Rec: 0.4835 | F1: 0.4820 | Hamming: 3.10 | Exact: 0.1254 | Time: 6.52s
Epoch 040 | Train Loss: 0.3492 | Val Loss: 0.6584 | Acc: 0.9859 | Prec: 0.4806 | Rec: 0.4835 | F1: 0.4820 | Hamming: 3.10 | Exact: 0.1313 | Time: 6.49s
Epoch 041 | Train Loss: 0.3433 | Val Loss: 0.6676 | Acc: 0.9859 | Prec: 0.4806 | Rec: 0.4835 | F1: 0.4820 | Hamming: 3.10 | Exact: 0.1284 | Time: 6.51s
Epoch 042 | Train Loss: 0.3468 | Val Loss: 0.6821 | Acc: 0.9858 | Prec: 0.4766 | Rec: 0.4795 | F1: 0.4780 | Hamming: 3.12 | Exact: 0.1224 | Time: 6.52s
Epoch 043 | Train Loss: 0.3386 | Val Loss: 0.6935 | Acc: 0.9858 | Prec: 0.4766 | Rec: 0.4795 | F1: 0.4780 | Hamming: 3.12 | Exact: 0.1224 | Time: 6.52s
Epoch 044 | Train Loss: 0.3341 | Val Loss: 0.6993 | Acc: 0.9857 | Prec: 0.4736 | Rec: 0.4765 | F1: 0.4750 | Hamming: 3.14 | Exact: 0.1194 | Time: 6.56s
Epoch 045 | Train Loss: 0.3292 | Val Loss: 0.7144 | Acc: 0.9858 | Prec: 0.4746 | Rec: 0.4775 | F1: 0.4760 | Hamming: 3.13 | Exact: 0.1164 | Time: 6.55s
Epoch 046 | Train Loss: 0.3212 | Val Loss: 0.7381 | Acc: 0.9857 | Prec: 0.4726 | Rec: 0.4755 | F1: 0.4741 | Hamming: 3.15 | Exact: 0.1224 | Time: 6.55s
Epoch 047 | Train Loss: 0.3211 | Val Loss: 0.7543 | Acc: 0.9857 | Prec: 0.4736 | Rec: 0.4765 | F1: 0.4750 | Hamming: 3.14 | Exact: 0.1224 | Time: 6.54s
Epoch 048 | Train Loss: 0.3101 | Val Loss: 0.7760 | Acc: 0.9858 | Prec: 0.4756 | Rec: 0.4785 | F1: 0.4770 | Hamming: 3.13 | Exact: 0.1254 | Time: 6.58s
Epoch 049 | Train Loss: 0.3156 | Val Loss: 0.7948 | Acc: 0.9859 | Prec: 0.4816 | Rec: 0.4845 | F1: 0.4830 | Hamming: 3.09 | Exact: 0.1313 | Time: 6.53s
Epoch 050 | Train Loss: 0.3089 | Val Loss: 0.8152 | Acc: 0.9860 | Prec: 0.4836 | Rec: 0.4865 | F1: 0.4850 | Hamming: 3.08 | Exact: 0.1373 | Time: 6.54s

Total training time for tropical_v2_shortest_path_v2_repeat1: 326.82 seconds
Average epoch time: 6.54 seconds
Best epoch: 10 | Best validation loss: 0.494648
Best model saved to: saved_models/tropical_v2_shortest_path_v2_repeat1_best_model.pt
Final model saved to: saved_models/tropical_v2_shortest_path_v2_repeat1_final_model.pt
Saved new best model at epoch 1 with validation loss 0.592918
Epoch 001 | Train Loss: 0.8634 | Val Loss: 0.5929 | Acc: 0.9847 | Prec: 0.4348 | Rec: 0.4374 | F1: 0.4361 | Hamming: 3.37 | Exact: 0.0925 | Time: 6.93s
Saved new best model at epoch 2 with validation loss 0.530443
Epoch 002 | Train Loss: 0.5815 | Val Loss: 0.5304 | Acc: 0.9853 | Prec: 0.4577 | Rec: 0.4605 | F1: 0.4591 | Hamming: 3.24 | Exact: 0.1045 | Time: 6.57s
Saved new best model at epoch 3 with validation loss 0.523559
Epoch 003 | Train Loss: 0.5572 | Val Loss: 0.5236 | Acc: 0.9852 | Prec: 0.4537 | Rec: 0.4565 | F1: 0.4551 | Hamming: 3.26 | Exact: 0.1045 | Time: 6.55s
Epoch 004 | Train Loss: 0.5559 | Val Loss: 0.5262 | Acc: 0.9852 | Prec: 0.4547 | Rec: 0.4575 | F1: 0.4561 | Hamming: 3.25 | Exact: 0.1075 | Time: 6.55s
Saved new best model at epoch 5 with validation loss 0.514959
Epoch 005 | Train Loss: 0.5487 | Val Loss: 0.5150 | Acc: 0.9852 | Prec: 0.4527 | Rec: 0.4555 | F1: 0.4541 | Hamming: 3.27 | Exact: 0.1104 | Time: 6.56s
Saved new best model at epoch 6 with validation loss 0.512708
Epoch 006 | Train Loss: 0.5393 | Val Loss: 0.5127 | Acc: 0.9854 | Prec: 0.4597 | Rec: 0.4625 | F1: 0.4611 | Hamming: 3.22 | Exact: 0.1015 | Time: 6.54s
Epoch 007 | Train Loss: 0.5344 | Val Loss: 0.5160 | Acc: 0.9854 | Prec: 0.4617 | Rec: 0.4645 | F1: 0.4631 | Hamming: 3.21 | Exact: 0.1104 | Time: 6.58s
Saved new best model at epoch 8 with validation loss 0.508705
Epoch 008 | Train Loss: 0.5214 | Val Loss: 0.5087 | Acc: 0.9855 | Prec: 0.4647 | Rec: 0.4675 | F1: 0.4661 | Hamming: 3.19 | Exact: 0.1075 | Time: 6.55s
Saved new best model at epoch 9 with validation loss 0.506807
Epoch 009 | Train Loss: 0.5204 | Val Loss: 0.5068 | Acc: 0.9853 | Prec: 0.4567 | Rec: 0.4595 | F1: 0.4581 | Hamming: 3.24 | Exact: 0.1075 | Time: 6.54s
Saved new best model at epoch 10 with validation loss 0.506326
Epoch 010 | Train Loss: 0.5089 | Val Loss: 0.5063 | Acc: 0.9854 | Prec: 0.4597 | Rec: 0.4625 | F1: 0.4611 | Hamming: 3.22 | Exact: 0.1075 | Time: 6.53s
Saved new best model at epoch 11 with validation loss 0.504626
Epoch 011 | Train Loss: 0.5083 | Val Loss: 0.5046 | Acc: 0.9855 | Prec: 0.4637 | Rec: 0.4665 | F1: 0.4651 | Hamming: 3.20 | Exact: 0.1015 | Time: 6.55s
Saved new best model at epoch 12 with validation loss 0.503715
Epoch 012 | Train Loss: 0.5057 | Val Loss: 0.5037 | Acc: 0.9856 | Prec: 0.4677 | Rec: 0.4705 | F1: 0.4691 | Hamming: 3.18 | Exact: 0.1164 | Time: 6.52s
Saved new best model at epoch 13 with validation loss 0.500740
Epoch 013 | Train Loss: 0.4975 | Val Loss: 0.5007 | Acc: 0.9856 | Prec: 0.4697 | Rec: 0.4725 | F1: 0.4711 | Hamming: 3.16 | Exact: 0.1164 | Time: 6.55s
Saved new best model at epoch 14 with validation loss 0.498506
Epoch 014 | Train Loss: 0.4867 | Val Loss: 0.4985 | Acc: 0.9857 | Prec: 0.4736 | Rec: 0.4765 | F1: 0.4750 | Hamming: 3.14 | Exact: 0.1224 | Time: 6.53s
Saved new best model at epoch 15 with validation loss 0.497014
Epoch 015 | Train Loss: 0.4807 | Val Loss: 0.4970 | Acc: 0.9859 | Prec: 0.4786 | Rec: 0.4815 | F1: 0.4800 | Hamming: 3.11 | Exact: 0.1164 | Time: 6.51s
Epoch 016 | Train Loss: 0.4829 | Val Loss: 0.4993 | Acc: 0.9862 | Prec: 0.4915 | Rec: 0.4945 | F1: 0.4930 | Hamming: 3.03 | Exact: 0.1194 | Time: 6.58s
Saved new best model at epoch 17 with validation loss 0.496925
Epoch 017 | Train Loss: 0.4778 | Val Loss: 0.4969 | Acc: 0.9862 | Prec: 0.4905 | Rec: 0.4935 | F1: 0.4920 | Hamming: 3.04 | Exact: 0.1224 | Time: 6.53s
Epoch 018 | Train Loss: 0.4691 | Val Loss: 0.5015 | Acc: 0.9862 | Prec: 0.4915 | Rec: 0.4945 | F1: 0.4930 | Hamming: 3.03 | Exact: 0.1254 | Time: 6.56s
Epoch 019 | Train Loss: 0.4686 | Val Loss: 0.5014 | Acc: 0.9864 | Prec: 0.4965 | Rec: 0.4995 | F1: 0.4980 | Hamming: 3.00 | Exact: 0.1254 | Time: 6.54s
Epoch 020 | Train Loss: 0.4636 | Val Loss: 0.5099 | Acc: 0.9864 | Prec: 0.4975 | Rec: 0.5005 | F1: 0.4990 | Hamming: 3.00 | Exact: 0.1284 | Time: 6.58s
Epoch 021 | Train Loss: 0.4565 | Val Loss: 0.5107 | Acc: 0.9863 | Prec: 0.4935 | Rec: 0.4965 | F1: 0.4950 | Hamming: 3.02 | Exact: 0.1254 | Time: 6.53s
Epoch 022 | Train Loss: 0.4524 | Val Loss: 0.5129 | Acc: 0.9862 | Prec: 0.4925 | Rec: 0.4955 | F1: 0.4940 | Hamming: 3.03 | Exact: 0.1254 | Time: 6.54s
Epoch 023 | Train Loss: 0.4439 | Val Loss: 0.5170 | Acc: 0.9861 | Prec: 0.4856 | Rec: 0.4885 | F1: 0.4870 | Hamming: 3.07 | Exact: 0.1254 | Time: 6.55s
Epoch 024 | Train Loss: 0.4397 | Val Loss: 0.5213 | Acc: 0.9861 | Prec: 0.4856 | Rec: 0.4885 | F1: 0.4870 | Hamming: 3.07 | Exact: 0.1254 | Time: 6.54s
Epoch 025 | Train Loss: 0.4316 | Val Loss: 0.5266 | Acc: 0.9859 | Prec: 0.4816 | Rec: 0.4845 | F1: 0.4830 | Hamming: 3.09 | Exact: 0.1224 | Time: 6.59s
Epoch 026 | Train Loss: 0.4316 | Val Loss: 0.5359 | Acc: 0.9861 | Prec: 0.4856 | Rec: 0.4885 | F1: 0.4870 | Hamming: 3.07 | Exact: 0.1284 | Time: 6.55s
Epoch 027 | Train Loss: 0.4281 | Val Loss: 0.5438 | Acc: 0.9861 | Prec: 0.4856 | Rec: 0.4885 | F1: 0.4870 | Hamming: 3.07 | Exact: 0.1284 | Time: 6.55s
Epoch 028 | Train Loss: 0.4238 | Val Loss: 0.5497 | Acc: 0.9860 | Prec: 0.4846 | Rec: 0.4875 | F1: 0.4860 | Hamming: 3.07 | Exact: 0.1254 | Time: 6.55s
Epoch 029 | Train Loss: 0.4146 | Val Loss: 0.5597 | Acc: 0.9861 | Prec: 0.4856 | Rec: 0.4885 | F1: 0.4870 | Hamming: 3.07 | Exact: 0.1254 | Time: 6.53s
Epoch 030 | Train Loss: 0.4075 | Val Loss: 0.5678 | Acc: 0.9859 | Prec: 0.4806 | Rec: 0.4835 | F1: 0.4820 | Hamming: 3.10 | Exact: 0.1194 | Time: 6.57s
Epoch 031 | Train Loss: 0.4083 | Val Loss: 0.5792 | Acc: 0.9858 | Prec: 0.4756 | Rec: 0.4785 | F1: 0.4770 | Hamming: 3.13 | Exact: 0.1224 | Time: 6.56s
Epoch 032 | Train Loss: 0.3997 | Val Loss: 0.5903 | Acc: 0.9857 | Prec: 0.4726 | Rec: 0.4755 | F1: 0.4741 | Hamming: 3.15 | Exact: 0.1254 | Time: 6.53s
Epoch 033 | Train Loss: 0.4009 | Val Loss: 0.6010 | Acc: 0.9857 | Prec: 0.4726 | Rec: 0.4755 | F1: 0.4741 | Hamming: 3.15 | Exact: 0.1254 | Time: 6.51s
Epoch 034 | Train Loss: 0.3946 | Val Loss: 0.6102 | Acc: 0.9857 | Prec: 0.4716 | Rec: 0.4745 | F1: 0.4731 | Hamming: 3.15 | Exact: 0.1224 | Time: 6.60s
Epoch 035 | Train Loss: 0.3846 | Val Loss: 0.6155 | Acc: 0.9858 | Prec: 0.4756 | Rec: 0.4785 | F1: 0.4770 | Hamming: 3.13 | Exact: 0.1164 | Time: 6.55s
Epoch 036 | Train Loss: 0.3794 | Val Loss: 0.6248 | Acc: 0.9857 | Prec: 0.4736 | Rec: 0.4765 | F1: 0.4750 | Hamming: 3.14 | Exact: 0.1134 | Time: 6.57s
Epoch 037 | Train Loss: 0.3701 | Val Loss: 0.6339 | Acc: 0.9857 | Prec: 0.4736 | Rec: 0.4765 | F1: 0.4750 | Hamming: 3.14 | Exact: 0.1164 | Time: 6.52s
Epoch 038 | Train Loss: 0.3627 | Val Loss: 0.6466 | Acc: 0.9858 | Prec: 0.4746 | Rec: 0.4775 | F1: 0.4760 | Hamming: 3.13 | Exact: 0.1134 | Time: 6.52s
Epoch 039 | Train Loss: 0.3681 | Val Loss: 0.6592 | Acc: 0.9858 | Prec: 0.4746 | Rec: 0.4775 | F1: 0.4760 | Hamming: 3.13 | Exact: 0.1134 | Time: 6.58s
Epoch 040 | Train Loss: 0.3596 | Val Loss: 0.6696 | Acc: 0.9858 | Prec: 0.4756 | Rec: 0.4785 | F1: 0.4770 | Hamming: 3.13 | Exact: 0.1104 | Time: 6.55s
Epoch 041 | Train Loss: 0.3535 | Val Loss: 0.6846 | Acc: 0.9859 | Prec: 0.4786 | Rec: 0.4815 | F1: 0.4800 | Hamming: 3.11 | Exact: 0.1134 | Time: 6.51s
Epoch 042 | Train Loss: 0.3542 | Val Loss: 0.7072 | Acc: 0.9859 | Prec: 0.4786 | Rec: 0.4815 | F1: 0.4800 | Hamming: 3.11 | Exact: 0.1104 | Time: 6.53s
Epoch 043 | Train Loss: 0.3456 | Val Loss: 0.7236 | Acc: 0.9859 | Prec: 0.4786 | Rec: 0.4815 | F1: 0.4800 | Hamming: 3.11 | Exact: 0.1104 | Time: 6.57s
Epoch 044 | Train Loss: 0.3382 | Val Loss: 0.7388 | Acc: 0.9859 | Prec: 0.4786 | Rec: 0.4815 | F1: 0.4800 | Hamming: 3.11 | Exact: 0.1134 | Time: 6.54s
Epoch 045 | Train Loss: 0.3412 | Val Loss: 0.7568 | Acc: 0.9859 | Prec: 0.4786 | Rec: 0.4815 | F1: 0.4800 | Hamming: 3.11 | Exact: 0.1134 | Time: 6.56s
Epoch 046 | Train Loss: 0.3359 | Val Loss: 0.7740 | Acc: 0.9858 | Prec: 0.4776 | Rec: 0.4805 | F1: 0.4790 | Hamming: 3.12 | Exact: 0.1164 | Time: 6.53s
Epoch 047 | Train Loss: 0.3304 | Val Loss: 0.7920 | Acc: 0.9859 | Prec: 0.4786 | Rec: 0.4815 | F1: 0.4800 | Hamming: 3.11 | Exact: 0.1224 | Time: 6.52s
Epoch 048 | Train Loss: 0.3239 | Val Loss: 0.8093 | Acc: 0.9858 | Prec: 0.4756 | Rec: 0.4785 | F1: 0.4770 | Hamming: 3.13 | Exact: 0.1164 | Time: 6.59s
Epoch 049 | Train Loss: 0.3238 | Val Loss: 0.8237 | Acc: 0.9856 | Prec: 0.4706 | Rec: 0.4735 | F1: 0.4721 | Hamming: 3.16 | Exact: 0.1134 | Time: 6.53s
Epoch 050 | Train Loss: 0.3155 | Val Loss: 0.8425 | Acc: 0.9857 | Prec: 0.4716 | Rec: 0.4745 | F1: 0.4731 | Hamming: 3.15 | Exact: 0.1134 | Time: 6.59s

Total training time for tropical_v2_shortest_path_v2_repeat2: 328.01 seconds
Average epoch time: 6.56 seconds
Best epoch: 17 | Best validation loss: 0.496925
Best model saved to: saved_models/tropical_v2_shortest_path_v2_repeat2_best_model.pt
Final model saved to: saved_models/tropical_v2_shortest_path_v2_repeat2_final_model.pt
Saved new best model at epoch 1 with validation loss 0.590442
Epoch 001 | Train Loss: 0.8630 | Val Loss: 0.5904 | Acc: 0.9847 | Prec: 0.4368 | Rec: 0.4394 | F1: 0.4381 | Hamming: 3.36 | Exact: 0.0985 | Time: 6.95s
Saved new best model at epoch 2 with validation loss 0.532264
Epoch 002 | Train Loss: 0.5819 | Val Loss: 0.5323 | Acc: 0.9850 | Prec: 0.4478 | Rec: 0.4505 | F1: 0.4491 | Hamming: 3.30 | Exact: 0.0925 | Time: 6.58s
Saved new best model at epoch 3 with validation loss 0.526795
Epoch 003 | Train Loss: 0.5582 | Val Loss: 0.5268 | Acc: 0.9851 | Prec: 0.4488 | Rec: 0.4515 | F1: 0.4501 | Hamming: 3.29 | Exact: 0.0925 | Time: 6.56s
Saved new best model at epoch 4 with validation loss 0.521125
Epoch 004 | Train Loss: 0.5556 | Val Loss: 0.5211 | Acc: 0.9852 | Prec: 0.4557 | Rec: 0.4585 | F1: 0.4571 | Hamming: 3.25 | Exact: 0.1134 | Time: 6.54s
Saved new best model at epoch 5 with validation loss 0.519689
Epoch 005 | Train Loss: 0.5486 | Val Loss: 0.5197 | Acc: 0.9852 | Prec: 0.4537 | Rec: 0.4565 | F1: 0.4551 | Hamming: 3.26 | Exact: 0.1134 | Time: 6.53s
Saved new best model at epoch 6 with validation loss 0.515597
Epoch 006 | Train Loss: 0.5380 | Val Loss: 0.5156 | Acc: 0.9853 | Prec: 0.4587 | Rec: 0.4615 | F1: 0.4601 | Hamming: 3.23 | Exact: 0.1104 | Time: 6.54s
Saved new best model at epoch 7 with validation loss 0.507978
Epoch 007 | Train Loss: 0.5279 | Val Loss: 0.5080 | Acc: 0.9854 | Prec: 0.4597 | Rec: 0.4625 | F1: 0.4611 | Hamming: 3.22 | Exact: 0.1104 | Time: 6.49s
Saved new best model at epoch 8 with validation loss 0.503959
Epoch 008 | Train Loss: 0.5247 | Val Loss: 0.5040 | Acc: 0.9855 | Prec: 0.4647 | Rec: 0.4675 | F1: 0.4661 | Hamming: 3.19 | Exact: 0.1134 | Time: 6.51s
Saved new best model at epoch 9 with validation loss 0.494805
Epoch 009 | Train Loss: 0.5206 | Val Loss: 0.4948 | Acc: 0.9854 | Prec: 0.4627 | Rec: 0.4655 | F1: 0.4641 | Hamming: 3.21 | Exact: 0.1134 | Time: 6.53s
Epoch 010 | Train Loss: 0.5073 | Val Loss: 0.5007 | Acc: 0.9854 | Prec: 0.4597 | Rec: 0.4625 | F1: 0.4611 | Hamming: 3.22 | Exact: 0.1164 | Time: 6.50s
Epoch 011 | Train Loss: 0.5117 | Val Loss: 0.5136 | Acc: 0.9855 | Prec: 0.4657 | Rec: 0.4685 | F1: 0.4671 | Hamming: 3.19 | Exact: 0.1104 | Time: 6.54s
Epoch 012 | Train Loss: 0.5133 | Val Loss: 0.5096 | Acc: 0.9853 | Prec: 0.4587 | Rec: 0.4615 | F1: 0.4601 | Hamming: 3.23 | Exact: 0.0985 | Time: 6.52s
Epoch 013 | Train Loss: 0.5013 | Val Loss: 0.5062 | Acc: 0.9854 | Prec: 0.4627 | Rec: 0.4655 | F1: 0.4641 | Hamming: 3.21 | Exact: 0.1104 | Time: 6.51s
Epoch 014 | Train Loss: 0.4925 | Val Loss: 0.5022 | Acc: 0.9858 | Prec: 0.4746 | Rec: 0.4775 | F1: 0.4760 | Hamming: 3.13 | Exact: 0.1134 | Time: 6.49s
Epoch 015 | Train Loss: 0.4859 | Val Loss: 0.5000 | Acc: 0.9857 | Prec: 0.4736 | Rec: 0.4765 | F1: 0.4750 | Hamming: 3.14 | Exact: 0.1194 | Time: 6.57s
Epoch 016 | Train Loss: 0.4860 | Val Loss: 0.4994 | Acc: 0.9858 | Prec: 0.4756 | Rec: 0.4785 | F1: 0.4770 | Hamming: 3.13 | Exact: 0.1224 | Time: 6.54s
Epoch 017 | Train Loss: 0.4793 | Val Loss: 0.4965 | Acc: 0.9859 | Prec: 0.4796 | Rec: 0.4825 | F1: 0.4810 | Hamming: 3.10 | Exact: 0.1254 | Time: 6.53s
Saved new best model at epoch 18 with validation loss 0.494303
Epoch 018 | Train Loss: 0.4738 | Val Loss: 0.4943 | Acc: 0.9862 | Prec: 0.4905 | Rec: 0.4935 | F1: 0.4920 | Hamming: 3.04 | Exact: 0.1313 | Time: 6.47s
Saved new best model at epoch 19 with validation loss 0.492833
Epoch 019 | Train Loss: 0.4664 | Val Loss: 0.4928 | Acc: 0.9864 | Prec: 0.4985 | Rec: 0.5015 | F1: 0.5000 | Hamming: 2.99 | Exact: 0.1313 | Time: 6.48s
Saved new best model at epoch 20 with validation loss 0.491211
Epoch 020 | Train Loss: 0.4650 | Val Loss: 0.4912 | Acc: 0.9865 | Prec: 0.5005 | Rec: 0.5035 | F1: 0.5020 | Hamming: 2.98 | Exact: 0.1373 | Time: 6.50s
Saved new best model at epoch 21 with validation loss 0.487626
Epoch 021 | Train Loss: 0.4610 | Val Loss: 0.4876 | Acc: 0.9866 | Prec: 0.5055 | Rec: 0.5085 | F1: 0.5070 | Hamming: 2.95 | Exact: 0.1403 | Time: 6.45s
Saved new best model at epoch 22 with validation loss 0.484535
Epoch 022 | Train Loss: 0.4587 | Val Loss: 0.4845 | Acc: 0.9867 | Prec: 0.5085 | Rec: 0.5115 | F1: 0.5100 | Hamming: 2.93 | Exact: 0.1403 | Time: 6.48s
Epoch 023 | Train Loss: 0.4498 | Val Loss: 0.4875 | Acc: 0.9867 | Prec: 0.5075 | Rec: 0.5105 | F1: 0.5090 | Hamming: 2.94 | Exact: 0.1373 | Time: 6.48s
Epoch 024 | Train Loss: 0.4469 | Val Loss: 0.4942 | Acc: 0.9865 | Prec: 0.5015 | Rec: 0.5045 | F1: 0.5030 | Hamming: 2.97 | Exact: 0.1343 | Time: 6.48s
Epoch 025 | Train Loss: 0.4443 | Val Loss: 0.5004 | Acc: 0.9863 | Prec: 0.4945 | Rec: 0.4975 | F1: 0.4960 | Hamming: 3.01 | Exact: 0.1254 | Time: 6.50s
Epoch 026 | Train Loss: 0.4388 | Val Loss: 0.5070 | Acc: 0.9863 | Prec: 0.4935 | Rec: 0.4965 | F1: 0.4950 | Hamming: 3.02 | Exact: 0.1254 | Time: 6.49s
Epoch 027 | Train Loss: 0.4357 | Val Loss: 0.5156 | Acc: 0.9862 | Prec: 0.4925 | Rec: 0.4955 | F1: 0.4940 | Hamming: 3.03 | Exact: 0.1284 | Time: 6.49s
Epoch 028 | Train Loss: 0.4263 | Val Loss: 0.5218 | Acc: 0.9863 | Prec: 0.4935 | Rec: 0.4965 | F1: 0.4950 | Hamming: 3.02 | Exact: 0.1254 | Time: 6.49s
Epoch 029 | Train Loss: 0.4210 | Val Loss: 0.5317 | Acc: 0.9862 | Prec: 0.4925 | Rec: 0.4955 | F1: 0.4940 | Hamming: 3.03 | Exact: 0.1224 | Time: 6.50s
Epoch 030 | Train Loss: 0.4175 | Val Loss: 0.5372 | Acc: 0.9863 | Prec: 0.4945 | Rec: 0.4975 | F1: 0.4960 | Hamming: 3.01 | Exact: 0.1254 | Time: 6.47s
Epoch 031 | Train Loss: 0.4178 | Val Loss: 0.5483 | Acc: 0.9862 | Prec: 0.4925 | Rec: 0.4955 | F1: 0.4940 | Hamming: 3.03 | Exact: 0.1224 | Time: 6.49s
Epoch 032 | Train Loss: 0.4134 | Val Loss: 0.5576 | Acc: 0.9863 | Prec: 0.4945 | Rec: 0.4975 | F1: 0.4960 | Hamming: 3.01 | Exact: 0.1284 | Time: 6.47s
Epoch 033 | Train Loss: 0.4106 | Val Loss: 0.5665 | Acc: 0.9862 | Prec: 0.4915 | Rec: 0.4945 | F1: 0.4930 | Hamming: 3.03 | Exact: 0.1254 | Time: 6.47s
Epoch 034 | Train Loss: 0.4045 | Val Loss: 0.5774 | Acc: 0.9861 | Prec: 0.4866 | Rec: 0.4895 | F1: 0.4880 | Hamming: 3.06 | Exact: 0.1254 | Time: 6.52s
Epoch 035 | Train Loss: 0.3928 | Val Loss: 0.5867 | Acc: 0.9861 | Prec: 0.4866 | Rec: 0.4895 | F1: 0.4880 | Hamming: 3.06 | Exact: 0.1194 | Time: 6.47s
Epoch 036 | Train Loss: 0.3922 | Val Loss: 0.5945 | Acc: 0.9861 | Prec: 0.4886 | Rec: 0.4915 | F1: 0.4900 | Hamming: 3.05 | Exact: 0.1224 | Time: 6.48s
Epoch 037 | Train Loss: 0.3871 | Val Loss: 0.6006 | Acc: 0.9860 | Prec: 0.4836 | Rec: 0.4865 | F1: 0.4850 | Hamming: 3.08 | Exact: 0.1254 | Time: 6.46s
Epoch 038 | Train Loss: 0.3822 | Val Loss: 0.6072 | Acc: 0.9859 | Prec: 0.4786 | Rec: 0.4815 | F1: 0.4800 | Hamming: 3.11 | Exact: 0.1284 | Time: 6.46s
Epoch 039 | Train Loss: 0.3792 | Val Loss: 0.6142 | Acc: 0.9859 | Prec: 0.4816 | Rec: 0.4845 | F1: 0.4830 | Hamming: 3.09 | Exact: 0.1373 | Time: 6.49s
Epoch 040 | Train Loss: 0.3774 | Val Loss: 0.6202 | Acc: 0.9860 | Prec: 0.4826 | Rec: 0.4855 | F1: 0.4840 | Hamming: 3.09 | Exact: 0.1403 | Time: 6.48s
Epoch 041 | Train Loss: 0.3695 | Val Loss: 0.6244 | Acc: 0.9859 | Prec: 0.4796 | Rec: 0.4825 | F1: 0.4810 | Hamming: 3.10 | Exact: 0.1403 | Time: 6.47s
Epoch 042 | Train Loss: 0.3706 | Val Loss: 0.6398 | Acc: 0.9858 | Prec: 0.4776 | Rec: 0.4805 | F1: 0.4790 | Hamming: 3.12 | Exact: 0.1403 | Time: 6.46s
Epoch 043 | Train Loss: 0.3648 | Val Loss: 0.6463 | Acc: 0.9858 | Prec: 0.4776 | Rec: 0.4805 | F1: 0.4790 | Hamming: 3.12 | Exact: 0.1343 | Time: 6.51s
Epoch 044 | Train Loss: 0.3577 | Val Loss: 0.6590 | Acc: 0.9859 | Prec: 0.4786 | Rec: 0.4815 | F1: 0.4800 | Hamming: 3.11 | Exact: 0.1403 | Time: 6.47s
Epoch 045 | Train Loss: 0.3580 | Val Loss: 0.6714 | Acc: 0.9859 | Prec: 0.4816 | Rec: 0.4845 | F1: 0.4830 | Hamming: 3.09 | Exact: 0.1403 | Time: 6.47s
Epoch 046 | Train Loss: 0.3477 | Val Loss: 0.6816 | Acc: 0.9859 | Prec: 0.4806 | Rec: 0.4835 | F1: 0.4820 | Hamming: 3.10 | Exact: 0.1463 | Time: 6.47s
Epoch 047 | Train Loss: 0.3422 | Val Loss: 0.6933 | Acc: 0.9858 | Prec: 0.4776 | Rec: 0.4805 | F1: 0.4790 | Hamming: 3.12 | Exact: 0.1433 | Time: 6.46s
Epoch 048 | Train Loss: 0.3367 | Val Loss: 0.7122 | Acc: 0.9858 | Prec: 0.4746 | Rec: 0.4775 | F1: 0.4760 | Hamming: 3.13 | Exact: 0.1403 | Time: 6.51s
Epoch 049 | Train Loss: 0.3378 | Val Loss: 0.7296 | Acc: 0.9858 | Prec: 0.4746 | Rec: 0.4775 | F1: 0.4760 | Hamming: 3.13 | Exact: 0.1403 | Time: 6.47s
Epoch 050 | Train Loss: 0.3308 | Val Loss: 0.7435 | Acc: 0.9857 | Prec: 0.4726 | Rec: 0.4755 | F1: 0.4741 | Hamming: 3.15 | Exact: 0.1403 | Time: 6.47s

Total training time for tropical_v2_shortest_path_v2_repeat3: 325.43 seconds
Average epoch time: 6.51 seconds
Best epoch: 22 | Best validation loss: 0.484535
Best model saved to: saved_models/tropical_v2_shortest_path_v2_repeat3_best_model.pt
Final model saved to: saved_models/tropical_v2_shortest_path_v2_repeat3_final_model.pt
Saved new best model at epoch 1 with validation loss 0.591034
Epoch 001 | Train Loss: 0.8632 | Val Loss: 0.5910 | Acc: 0.9847 | Prec: 0.4368 | Rec: 0.4394 | F1: 0.4381 | Hamming: 3.36 | Exact: 0.0955 | Time: 6.95s
Saved new best model at epoch 2 with validation loss 0.531502
Epoch 002 | Train Loss: 0.5807 | Val Loss: 0.5315 | Acc: 0.9851 | Prec: 0.4498 | Rec: 0.4525 | F1: 0.4511 | Hamming: 3.28 | Exact: 0.1015 | Time: 6.57s
Saved new best model at epoch 3 with validation loss 0.523443
Epoch 003 | Train Loss: 0.5572 | Val Loss: 0.5234 | Acc: 0.9852 | Prec: 0.4527 | Rec: 0.4555 | F1: 0.4541 | Hamming: 3.27 | Exact: 0.1134 | Time: 6.59s
Epoch 004 | Train Loss: 0.5574 | Val Loss: 0.5272 | Acc: 0.9852 | Prec: 0.4537 | Rec: 0.4565 | F1: 0.4551 | Hamming: 3.26 | Exact: 0.1164 | Time: 6.54s
Saved new best model at epoch 5 with validation loss 0.519102
Epoch 005 | Train Loss: 0.5508 | Val Loss: 0.5191 | Acc: 0.9852 | Prec: 0.4527 | Rec: 0.4555 | F1: 0.4541 | Hamming: 3.27 | Exact: 0.1075 | Time: 6.55s
Saved new best model at epoch 6 with validation loss 0.515384
Epoch 006 | Train Loss: 0.5411 | Val Loss: 0.5154 | Acc: 0.9852 | Prec: 0.4547 | Rec: 0.4575 | F1: 0.4561 | Hamming: 3.25 | Exact: 0.1194 | Time: 6.56s
Saved new best model at epoch 7 with validation loss 0.507681
Epoch 007 | Train Loss: 0.5332 | Val Loss: 0.5077 | Acc: 0.9851 | Prec: 0.4517 | Rec: 0.4545 | F1: 0.4531 | Hamming: 3.27 | Exact: 0.1075 | Time: 6.53s
Saved new best model at epoch 8 with validation loss 0.507032
Epoch 008 | Train Loss: 0.5271 | Val Loss: 0.5070 | Acc: 0.9852 | Prec: 0.4547 | Rec: 0.4575 | F1: 0.4561 | Hamming: 3.25 | Exact: 0.1104 | Time: 6.55s
Saved new best model at epoch 9 with validation loss 0.501414
Epoch 009 | Train Loss: 0.5234 | Val Loss: 0.5014 | Acc: 0.9854 | Prec: 0.4607 | Rec: 0.4635 | F1: 0.4621 | Hamming: 3.22 | Exact: 0.1134 | Time: 6.56s
Epoch 010 | Train Loss: 0.5095 | Val Loss: 0.5053 | Acc: 0.9852 | Prec: 0.4547 | Rec: 0.4575 | F1: 0.4561 | Hamming: 3.25 | Exact: 0.1104 | Time: 6.55s
Epoch 011 | Train Loss: 0.5069 | Val Loss: 0.5077 | Acc: 0.9854 | Prec: 0.4597 | Rec: 0.4625 | F1: 0.4611 | Hamming: 3.22 | Exact: 0.1104 | Time: 6.58s
Epoch 012 | Train Loss: 0.4986 | Val Loss: 0.5036 | Acc: 0.9854 | Prec: 0.4617 | Rec: 0.4645 | F1: 0.4631 | Hamming: 3.21 | Exact: 0.1104 | Time: 6.55s
Saved new best model at epoch 13 with validation loss 0.496510
Epoch 013 | Train Loss: 0.4913 | Val Loss: 0.4965 | Acc: 0.9854 | Prec: 0.4617 | Rec: 0.4645 | F1: 0.4631 | Hamming: 3.21 | Exact: 0.1134 | Time: 6.55s
Epoch 014 | Train Loss: 0.4834 | Val Loss: 0.5014 | Acc: 0.9854 | Prec: 0.4617 | Rec: 0.4645 | F1: 0.4631 | Hamming: 3.21 | Exact: 0.1104 | Time: 6.52s
Epoch 015 | Train Loss: 0.4803 | Val Loss: 0.5028 | Acc: 0.9855 | Prec: 0.4657 | Rec: 0.4685 | F1: 0.4671 | Hamming: 3.19 | Exact: 0.1104 | Time: 6.55s
Epoch 016 | Train Loss: 0.4780 | Val Loss: 0.5012 | Acc: 0.9857 | Prec: 0.4726 | Rec: 0.4755 | F1: 0.4741 | Hamming: 3.15 | Exact: 0.1134 | Time: 6.55s
Epoch 017 | Train Loss: 0.4716 | Val Loss: 0.5067 | Acc: 0.9858 | Prec: 0.4746 | Rec: 0.4775 | F1: 0.4760 | Hamming: 3.13 | Exact: 0.1194 | Time: 6.54s
Epoch 018 | Train Loss: 0.4655 | Val Loss: 0.5183 | Acc: 0.9859 | Prec: 0.4796 | Rec: 0.4825 | F1: 0.4810 | Hamming: 3.10 | Exact: 0.1224 | Time: 6.53s
Epoch 019 | Train Loss: 0.4599 | Val Loss: 0.5224 | Acc: 0.9858 | Prec: 0.4776 | Rec: 0.4805 | F1: 0.4790 | Hamming: 3.12 | Exact: 0.1194 | Time: 6.54s
Epoch 020 | Train Loss: 0.4599 | Val Loss: 0.5272 | Acc: 0.9860 | Prec: 0.4826 | Rec: 0.4855 | F1: 0.4840 | Hamming: 3.09 | Exact: 0.1254 | Time: 6.56s
Epoch 021 | Train Loss: 0.4490 | Val Loss: 0.5274 | Acc: 0.9860 | Prec: 0.4846 | Rec: 0.4875 | F1: 0.4860 | Hamming: 3.07 | Exact: 0.1254 | Time: 6.52s
Epoch 022 | Train Loss: 0.4467 | Val Loss: 0.5266 | Acc: 0.9860 | Prec: 0.4846 | Rec: 0.4875 | F1: 0.4860 | Hamming: 3.07 | Exact: 0.1254 | Time: 6.56s
Epoch 023 | Train Loss: 0.4425 | Val Loss: 0.5278 | Acc: 0.9860 | Prec: 0.4826 | Rec: 0.4855 | F1: 0.4840 | Hamming: 3.09 | Exact: 0.1224 | Time: 6.53s
Epoch 024 | Train Loss: 0.4371 | Val Loss: 0.5337 | Acc: 0.9859 | Prec: 0.4796 | Rec: 0.4825 | F1: 0.4810 | Hamming: 3.10 | Exact: 0.1224 | Time: 6.54s
Epoch 025 | Train Loss: 0.4314 | Val Loss: 0.5391 | Acc: 0.9859 | Prec: 0.4786 | Rec: 0.4815 | F1: 0.4800 | Hamming: 3.11 | Exact: 0.1224 | Time: 6.57s
Epoch 026 | Train Loss: 0.4219 | Val Loss: 0.5433 | Acc: 0.9860 | Prec: 0.4826 | Rec: 0.4855 | F1: 0.4840 | Hamming: 3.09 | Exact: 0.1254 | Time: 6.55s
Epoch 027 | Train Loss: 0.4170 | Val Loss: 0.5505 | Acc: 0.9861 | Prec: 0.4876 | Rec: 0.4905 | F1: 0.4890 | Hamming: 3.06 | Exact: 0.1284 | Time: 6.53s
Epoch 028 | Train Loss: 0.4124 | Val Loss: 0.5569 | Acc: 0.9861 | Prec: 0.4866 | Rec: 0.4895 | F1: 0.4880 | Hamming: 3.06 | Exact: 0.1313 | Time: 6.52s
Epoch 029 | Train Loss: 0.4057 | Val Loss: 0.5673 | Acc: 0.9861 | Prec: 0.4856 | Rec: 0.4885 | F1: 0.4870 | Hamming: 3.07 | Exact: 0.1313 | Time: 6.56s
Epoch 030 | Train Loss: 0.4036 | Val Loss: 0.5738 | Acc: 0.9859 | Prec: 0.4806 | Rec: 0.4835 | F1: 0.4820 | Hamming: 3.10 | Exact: 0.1284 | Time: 6.56s
Epoch 031 | Train Loss: 0.4025 | Val Loss: 0.5796 | Acc: 0.9860 | Prec: 0.4826 | Rec: 0.4855 | F1: 0.4840 | Hamming: 3.09 | Exact: 0.1254 | Time: 6.54s
Epoch 032 | Train Loss: 0.3978 | Val Loss: 0.5887 | Acc: 0.9861 | Prec: 0.4876 | Rec: 0.4905 | F1: 0.4890 | Hamming: 3.06 | Exact: 0.1313 | Time: 6.54s
Epoch 033 | Train Loss: 0.3923 | Val Loss: 0.5955 | Acc: 0.9861 | Prec: 0.4886 | Rec: 0.4915 | F1: 0.4900 | Hamming: 3.05 | Exact: 0.1343 | Time: 6.51s
Epoch 034 | Train Loss: 0.3871 | Val Loss: 0.5981 | Acc: 0.9860 | Prec: 0.4846 | Rec: 0.4875 | F1: 0.4860 | Hamming: 3.07 | Exact: 0.1313 | Time: 6.57s
Epoch 035 | Train Loss: 0.3783 | Val Loss: 0.6028 | Acc: 0.9860 | Prec: 0.4826 | Rec: 0.4855 | F1: 0.4840 | Hamming: 3.09 | Exact: 0.1284 | Time: 6.55s
Epoch 036 | Train Loss: 0.3739 | Val Loss: 0.6119 | Acc: 0.9860 | Prec: 0.4836 | Rec: 0.4865 | F1: 0.4850 | Hamming: 3.08 | Exact: 0.1254 | Time: 6.54s
Epoch 037 | Train Loss: 0.3684 | Val Loss: 0.6192 | Acc: 0.9861 | Prec: 0.4876 | Rec: 0.4905 | F1: 0.4890 | Hamming: 3.06 | Exact: 0.1313 | Time: 6.51s
Epoch 038 | Train Loss: 0.3648 | Val Loss: 0.6248 | Acc: 0.9861 | Prec: 0.4876 | Rec: 0.4905 | F1: 0.4890 | Hamming: 3.06 | Exact: 0.1254 | Time: 6.53s
Epoch 039 | Train Loss: 0.3607 | Val Loss: 0.6304 | Acc: 0.9861 | Prec: 0.4866 | Rec: 0.4895 | F1: 0.4880 | Hamming: 3.06 | Exact: 0.1254 | Time: 6.53s
Epoch 040 | Train Loss: 0.3531 | Val Loss: 0.6399 | Acc: 0.9861 | Prec: 0.4856 | Rec: 0.4885 | F1: 0.4870 | Hamming: 3.07 | Exact: 0.1313 | Time: 6.60s
Epoch 041 | Train Loss: 0.3467 | Val Loss: 0.6558 | Acc: 0.9861 | Prec: 0.4876 | Rec: 0.4905 | F1: 0.4890 | Hamming: 3.06 | Exact: 0.1343 | Time: 6.57s
Epoch 042 | Train Loss: 0.3545 | Val Loss: 0.6695 | Acc: 0.9862 | Prec: 0.4905 | Rec: 0.4935 | F1: 0.4920 | Hamming: 3.04 | Exact: 0.1373 | Time: 6.58s
Epoch 043 | Train Loss: 0.3507 | Val Loss: 0.6875 | Acc: 0.9862 | Prec: 0.4925 | Rec: 0.4955 | F1: 0.4940 | Hamming: 3.03 | Exact: 0.1403 | Time: 6.58s
Epoch 044 | Train Loss: 0.3361 | Val Loss: 0.6973 | Acc: 0.9862 | Prec: 0.4905 | Rec: 0.4935 | F1: 0.4920 | Hamming: 3.04 | Exact: 0.1373 | Time: 6.53s
Epoch 045 | Train Loss: 0.3366 | Val Loss: 0.7153 | Acc: 0.9861 | Prec: 0.4876 | Rec: 0.4905 | F1: 0.4890 | Hamming: 3.06 | Exact: 0.1343 | Time: 6.54s
Epoch 046 | Train Loss: 0.3305 | Val Loss: 0.7370 | Acc: 0.9860 | Prec: 0.4846 | Rec: 0.4875 | F1: 0.4860 | Hamming: 3.07 | Exact: 0.1373 | Time: 6.52s
Epoch 047 | Train Loss: 0.3261 | Val Loss: 0.7498 | Acc: 0.9861 | Prec: 0.4856 | Rec: 0.4885 | F1: 0.4870 | Hamming: 3.07 | Exact: 0.1343 | Time: 6.51s
Epoch 048 | Train Loss: 0.3192 | Val Loss: 0.7699 | Acc: 0.9861 | Prec: 0.4866 | Rec: 0.4895 | F1: 0.4880 | Hamming: 3.06 | Exact: 0.1373 | Time: 6.58s
Epoch 049 | Train Loss: 0.3139 | Val Loss: 0.7946 | Acc: 0.9860 | Prec: 0.4846 | Rec: 0.4875 | F1: 0.4860 | Hamming: 3.07 | Exact: 0.1343 | Time: 6.55s
Epoch 050 | Train Loss: 0.3133 | Val Loss: 0.8173 | Acc: 0.9859 | Prec: 0.4816 | Rec: 0.4845 | F1: 0.4830 | Hamming: 3.09 | Exact: 0.1313 | Time: 6.52s

Total training time for tropical_v2_shortest_path_v2_repeat4: 327.85 seconds
Average epoch time: 6.56 seconds
Best epoch: 13 | Best validation loss: 0.496510
Best model saved to: saved_models/tropical_v2_shortest_path_v2_repeat4_best_model.pt
Final model saved to: saved_models/tropical_v2_shortest_path_v2_repeat4_final_model.pt
Saved new best model at epoch 1 with validation loss 0.591181
Epoch 001 | Train Loss: 0.8633 | Val Loss: 0.5912 | Acc: 0.9847 | Prec: 0.4358 | Rec: 0.4384 | F1: 0.4371 | Hamming: 3.37 | Exact: 0.0925 | Time: 7.01s
Saved new best model at epoch 2 with validation loss 0.531829
Epoch 002 | Train Loss: 0.5806 | Val Loss: 0.5318 | Acc: 0.9852 | Prec: 0.4527 | Rec: 0.4555 | F1: 0.4541 | Hamming: 3.27 | Exact: 0.1045 | Time: 6.57s
Saved new best model at epoch 3 with validation loss 0.525049
Epoch 003 | Train Loss: 0.5590 | Val Loss: 0.5250 | Acc: 0.9853 | Prec: 0.4587 | Rec: 0.4615 | F1: 0.4601 | Hamming: 3.23 | Exact: 0.1134 | Time: 6.57s
Epoch 004 | Train Loss: 0.5574 | Val Loss: 0.5261 | Acc: 0.9852 | Prec: 0.4537 | Rec: 0.4565 | F1: 0.4551 | Hamming: 3.26 | Exact: 0.1194 | Time: 6.57s
Saved new best model at epoch 5 with validation loss 0.519072
Epoch 005 | Train Loss: 0.5489 | Val Loss: 0.5191 | Acc: 0.9853 | Prec: 0.4577 | Rec: 0.4605 | F1: 0.4591 | Hamming: 3.24 | Exact: 0.1075 | Time: 6.57s
Saved new best model at epoch 6 with validation loss 0.511859
Epoch 006 | Train Loss: 0.5353 | Val Loss: 0.5119 | Acc: 0.9852 | Prec: 0.4557 | Rec: 0.4585 | F1: 0.4571 | Hamming: 3.25 | Exact: 0.1045 | Time: 6.60s
Saved new best model at epoch 7 with validation loss 0.504754
Epoch 007 | Train Loss: 0.5277 | Val Loss: 0.5048 | Acc: 0.9853 | Prec: 0.4587 | Rec: 0.4615 | F1: 0.4601 | Hamming: 3.23 | Exact: 0.1104 | Time: 6.57s
Epoch 008 | Train Loss: 0.5239 | Val Loss: 0.5057 | Acc: 0.9851 | Prec: 0.4507 | Rec: 0.4535 | F1: 0.4521 | Hamming: 3.28 | Exact: 0.1075 | Time: 6.56s
Saved new best model at epoch 9 with validation loss 0.502282
Epoch 009 | Train Loss: 0.5194 | Val Loss: 0.5023 | Acc: 0.9854 | Prec: 0.4607 | Rec: 0.4635 | F1: 0.4621 | Hamming: 3.22 | Exact: 0.1164 | Time: 6.56s
Epoch 010 | Train Loss: 0.5096 | Val Loss: 0.5048 | Acc: 0.9854 | Prec: 0.4617 | Rec: 0.4645 | F1: 0.4631 | Hamming: 3.21 | Exact: 0.1194 | Time: 6.55s
Epoch 011 | Train Loss: 0.5047 | Val Loss: 0.5110 | Acc: 0.9856 | Prec: 0.4697 | Rec: 0.4725 | F1: 0.4711 | Hamming: 3.16 | Exact: 0.1104 | Time: 6.59s
Epoch 012 | Train Loss: 0.5062 | Val Loss: 0.5123 | Acc: 0.9856 | Prec: 0.4687 | Rec: 0.4715 | F1: 0.4701 | Hamming: 3.17 | Exact: 0.1104 | Time: 6.59s
Epoch 013 | Train Loss: 0.4954 | Val Loss: 0.5086 | Acc: 0.9855 | Prec: 0.4657 | Rec: 0.4685 | F1: 0.4671 | Hamming: 3.19 | Exact: 0.1164 | Time: 6.56s
Epoch 014 | Train Loss: 0.4875 | Val Loss: 0.5036 | Acc: 0.9855 | Prec: 0.4637 | Rec: 0.4665 | F1: 0.4651 | Hamming: 3.20 | Exact: 0.1075 | Time: 6.57s
Epoch 015 | Train Loss: 0.4836 | Val Loss: 0.5055 | Acc: 0.9855 | Prec: 0.4647 | Rec: 0.4675 | F1: 0.4661 | Hamming: 3.19 | Exact: 0.1045 | Time: 6.59s
Epoch 016 | Train Loss: 0.4770 | Val Loss: 0.5091 | Acc: 0.9856 | Prec: 0.4687 | Rec: 0.4715 | F1: 0.4701 | Hamming: 3.17 | Exact: 0.1104 | Time: 6.60s
Epoch 017 | Train Loss: 0.4709 | Val Loss: 0.5144 | Acc: 0.9856 | Prec: 0.4687 | Rec: 0.4715 | F1: 0.4701 | Hamming: 3.17 | Exact: 0.1164 | Time: 6.62s
Epoch 018 | Train Loss: 0.4677 | Val Loss: 0.5219 | Acc: 0.9858 | Prec: 0.4756 | Rec: 0.4785 | F1: 0.4770 | Hamming: 3.13 | Exact: 0.1164 | Time: 6.58s
Epoch 019 | Train Loss: 0.4647 | Val Loss: 0.5279 | Acc: 0.9858 | Prec: 0.4776 | Rec: 0.4805 | F1: 0.4790 | Hamming: 3.12 | Exact: 0.1164 | Time: 6.57s
Epoch 020 | Train Loss: 0.4556 | Val Loss: 0.5315 | Acc: 0.9858 | Prec: 0.4756 | Rec: 0.4785 | F1: 0.4770 | Hamming: 3.13 | Exact: 0.1224 | Time: 6.60s
Epoch 021 | Train Loss: 0.4505 | Val Loss: 0.5318 | Acc: 0.9859 | Prec: 0.4806 | Rec: 0.4835 | F1: 0.4820 | Hamming: 3.10 | Exact: 0.1224 | Time: 6.57s
Epoch 022 | Train Loss: 0.4480 | Val Loss: 0.5350 | Acc: 0.9860 | Prec: 0.4836 | Rec: 0.4865 | F1: 0.4850 | Hamming: 3.08 | Exact: 0.1313 | Time: 6.55s
Epoch 023 | Train Loss: 0.4396 | Val Loss: 0.5405 | Acc: 0.9861 | Prec: 0.4876 | Rec: 0.4905 | F1: 0.4890 | Hamming: 3.06 | Exact: 0.1284 | Time: 6.56s
Epoch 024 | Train Loss: 0.4361 | Val Loss: 0.5470 | Acc: 0.9862 | Prec: 0.4905 | Rec: 0.4935 | F1: 0.4920 | Hamming: 3.04 | Exact: 0.1313 | Time: 6.60s
Epoch 025 | Train Loss: 0.4342 | Val Loss: 0.5510 | Acc: 0.9860 | Prec: 0.4846 | Rec: 0.4875 | F1: 0.4860 | Hamming: 3.07 | Exact: 0.1284 | Time: 6.59s
Epoch 026 | Train Loss: 0.4200 | Val Loss: 0.5527 | Acc: 0.9860 | Prec: 0.4846 | Rec: 0.4875 | F1: 0.4860 | Hamming: 3.07 | Exact: 0.1284 | Time: 6.64s
Epoch 027 | Train Loss: 0.4204 | Val Loss: 0.5604 | Acc: 0.9861 | Prec: 0.4856 | Rec: 0.4885 | F1: 0.4870 | Hamming: 3.07 | Exact: 0.1284 | Time: 6.60s
Epoch 028 | Train Loss: 0.4129 | Val Loss: 0.5650 | Acc: 0.9862 | Prec: 0.4915 | Rec: 0.4945 | F1: 0.4930 | Hamming: 3.03 | Exact: 0.1313 | Time: 6.60s
Epoch 029 | Train Loss: 0.4094 | Val Loss: 0.5756 | Acc: 0.9862 | Prec: 0.4915 | Rec: 0.4945 | F1: 0.4930 | Hamming: 3.03 | Exact: 0.1313 | Time: 6.63s
Epoch 030 | Train Loss: 0.4049 | Val Loss: 0.5840 | Acc: 0.9862 | Prec: 0.4915 | Rec: 0.4945 | F1: 0.4930 | Hamming: 3.03 | Exact: 0.1313 | Time: 6.62s
Epoch 031 | Train Loss: 0.3989 | Val Loss: 0.5933 | Acc: 0.9862 | Prec: 0.4896 | Rec: 0.4925 | F1: 0.4910 | Hamming: 3.04 | Exact: 0.1313 | Time: 6.59s
Epoch 032 | Train Loss: 0.3910 | Val Loss: 0.6024 | Acc: 0.9861 | Prec: 0.4876 | Rec: 0.4905 | F1: 0.4890 | Hamming: 3.06 | Exact: 0.1254 | Time: 6.58s
Epoch 033 | Train Loss: 0.3851 | Val Loss: 0.6133 | Acc: 0.9862 | Prec: 0.4905 | Rec: 0.4935 | F1: 0.4920 | Hamming: 3.04 | Exact: 0.1254 | Time: 6.62s
Epoch 034 | Train Loss: 0.3794 | Val Loss: 0.6186 | Acc: 0.9861 | Prec: 0.4886 | Rec: 0.4915 | F1: 0.4900 | Hamming: 3.05 | Exact: 0.1254 | Time: 6.58s
Epoch 035 | Train Loss: 0.3750 | Val Loss: 0.6318 | Acc: 0.9861 | Prec: 0.4876 | Rec: 0.4905 | F1: 0.4890 | Hamming: 3.06 | Exact: 0.1224 | Time: 6.60s
Epoch 036 | Train Loss: 0.3712 | Val Loss: 0.6412 | Acc: 0.9861 | Prec: 0.4856 | Rec: 0.4885 | F1: 0.4870 | Hamming: 3.07 | Exact: 0.1224 | Time: 6.59s
Epoch 037 | Train Loss: 0.3701 | Val Loss: 0.6557 | Acc: 0.9860 | Prec: 0.4826 | Rec: 0.4855 | F1: 0.4840 | Hamming: 3.09 | Exact: 0.1224 | Time: 6.57s
Epoch 038 | Train Loss: 0.3684 | Val Loss: 0.6682 | Acc: 0.9858 | Prec: 0.4776 | Rec: 0.4805 | F1: 0.4790 | Hamming: 3.12 | Exact: 0.1134 | Time: 6.61s
Epoch 039 | Train Loss: 0.3620 | Val Loss: 0.6750 | Acc: 0.9858 | Prec: 0.4766 | Rec: 0.4795 | F1: 0.4780 | Hamming: 3.12 | Exact: 0.1134 | Time: 6.61s
Epoch 040 | Train Loss: 0.3507 | Val Loss: 0.6836 | Acc: 0.9858 | Prec: 0.4766 | Rec: 0.4795 | F1: 0.4780 | Hamming: 3.12 | Exact: 0.1224 | Time: 6.59s
Epoch 041 | Train Loss: 0.3477 | Val Loss: 0.6946 | Acc: 0.9858 | Prec: 0.4776 | Rec: 0.4805 | F1: 0.4790 | Hamming: 3.12 | Exact: 0.1164 | Time: 6.59s
Epoch 042 | Train Loss: 0.3475 | Val Loss: 0.7082 | Acc: 0.9859 | Prec: 0.4796 | Rec: 0.4825 | F1: 0.4810 | Hamming: 3.10 | Exact: 0.1164 | Time: 6.61s
Epoch 043 | Train Loss: 0.3447 | Val Loss: 0.7239 | Acc: 0.9859 | Prec: 0.4806 | Rec: 0.4835 | F1: 0.4820 | Hamming: 3.10 | Exact: 0.1164 | Time: 6.59s
Epoch 044 | Train Loss: 0.3322 | Val Loss: 0.7361 | Acc: 0.9859 | Prec: 0.4796 | Rec: 0.4825 | F1: 0.4810 | Hamming: 3.10 | Exact: 0.1164 | Time: 6.64s
Epoch 045 | Train Loss: 0.3343 | Val Loss: 0.7540 | Acc: 0.9859 | Prec: 0.4796 | Rec: 0.4825 | F1: 0.4810 | Hamming: 3.10 | Exact: 0.1164 | Time: 6.61s
Epoch 046 | Train Loss: 0.3233 | Val Loss: 0.7725 | Acc: 0.9858 | Prec: 0.4766 | Rec: 0.4795 | F1: 0.4780 | Hamming: 3.12 | Exact: 0.1134 | Time: 6.58s
Epoch 047 | Train Loss: 0.3277 | Val Loss: 0.7842 | Acc: 0.9859 | Prec: 0.4786 | Rec: 0.4815 | F1: 0.4800 | Hamming: 3.11 | Exact: 0.1134 | Time: 6.63s
Epoch 048 | Train Loss: 0.3153 | Val Loss: 0.7939 | Acc: 0.9857 | Prec: 0.4726 | Rec: 0.4755 | F1: 0.4741 | Hamming: 3.15 | Exact: 0.1104 | Time: 6.60s
Epoch 049 | Train Loss: 0.3200 | Val Loss: 0.8138 | Acc: 0.9856 | Prec: 0.4706 | Rec: 0.4735 | F1: 0.4721 | Hamming: 3.16 | Exact: 0.1164 | Time: 6.59s
Epoch 050 | Train Loss: 0.3073 | Val Loss: 0.8322 | Acc: 0.9856 | Prec: 0.4687 | Rec: 0.4715 | F1: 0.4701 | Hamming: 3.17 | Exact: 0.1104 | Time: 6.58s

Total training time for tropical_v2_shortest_path_v2_repeat5: 330.01 seconds
Average epoch time: 6.60 seconds
Best epoch: 9 | Best validation loss: 0.502282
Best model saved to: saved_models/tropical_v2_shortest_path_v2_repeat5_best_model.pt
Final model saved to: saved_models/tropical_v2_shortest_path_v2_repeat5_final_model.pt
Saved new best model at epoch 1 with validation loss 0.592714
Epoch 001 | Train Loss: 0.8636 | Val Loss: 0.5927 | Acc: 0.9848 | Prec: 0.4388 | Rec: 0.4414 | F1: 0.4401 | Hamming: 3.35 | Exact: 0.0955 | Time: 7.02s
Saved new best model at epoch 2 with validation loss 0.534178
Epoch 002 | Train Loss: 0.5823 | Val Loss: 0.5342 | Acc: 0.9852 | Prec: 0.4547 | Rec: 0.4575 | F1: 0.4561 | Hamming: 3.25 | Exact: 0.1015 | Time: 6.61s
Saved new best model at epoch 3 with validation loss 0.524366
Epoch 003 | Train Loss: 0.5564 | Val Loss: 0.5244 | Acc: 0.9852 | Prec: 0.4537 | Rec: 0.4565 | F1: 0.4551 | Hamming: 3.26 | Exact: 0.1075 | Time: 6.62s
Epoch 004 | Train Loss: 0.5566 | Val Loss: 0.5248 | Acc: 0.9852 | Prec: 0.4527 | Rec: 0.4555 | F1: 0.4541 | Hamming: 3.27 | Exact: 0.1134 | Time: 6.61s
Saved new best model at epoch 5 with validation loss 0.514112
Epoch 005 | Train Loss: 0.5467 | Val Loss: 0.5141 | Acc: 0.9853 | Prec: 0.4587 | Rec: 0.4615 | F1: 0.4601 | Hamming: 3.23 | Exact: 0.1164 | Time: 6.65s
Saved new best model at epoch 6 with validation loss 0.510361
Epoch 006 | Train Loss: 0.5361 | Val Loss: 0.5104 | Acc: 0.9853 | Prec: 0.4587 | Rec: 0.4615 | F1: 0.4601 | Hamming: 3.23 | Exact: 0.1075 | Time: 6.56s
Epoch 007 | Train Loss: 0.5308 | Val Loss: 0.5125 | Acc: 0.9854 | Prec: 0.4607 | Rec: 0.4635 | F1: 0.4621 | Hamming: 3.22 | Exact: 0.1194 | Time: 6.58s
Epoch 008 | Train Loss: 0.5244 | Val Loss: 0.5132 | Acc: 0.9854 | Prec: 0.4597 | Rec: 0.4625 | F1: 0.4611 | Hamming: 3.22 | Exact: 0.1104 | Time: 6.56s
Saved new best model at epoch 9 with validation loss 0.508201
Epoch 009 | Train Loss: 0.5244 | Val Loss: 0.5082 | Acc: 0.9854 | Prec: 0.4597 | Rec: 0.4625 | F1: 0.4611 | Hamming: 3.22 | Exact: 0.1075 | Time: 6.59s
Epoch 010 | Train Loss: 0.5115 | Val Loss: 0.5103 | Acc: 0.9854 | Prec: 0.4627 | Rec: 0.4655 | F1: 0.4641 | Hamming: 3.21 | Exact: 0.1075 | Time: 6.65s
Epoch 011 | Train Loss: 0.5090 | Val Loss: 0.5094 | Acc: 0.9855 | Prec: 0.4657 | Rec: 0.4685 | F1: 0.4671 | Hamming: 3.19 | Exact: 0.1075 | Time: 6.59s
Epoch 012 | Train Loss: 0.5076 | Val Loss: 0.5105 | Acc: 0.9855 | Prec: 0.4637 | Rec: 0.4665 | F1: 0.4651 | Hamming: 3.20 | Exact: 0.1015 | Time: 6.59s
Epoch 013 | Train Loss: 0.4995 | Val Loss: 0.5086 | Acc: 0.9856 | Prec: 0.4677 | Rec: 0.4705 | F1: 0.4691 | Hamming: 3.18 | Exact: 0.1045 | Time: 6.57s
Saved new best model at epoch 14 with validation loss 0.503581
Epoch 014 | Train Loss: 0.4920 | Val Loss: 0.5036 | Acc: 0.9858 | Prec: 0.4746 | Rec: 0.4775 | F1: 0.4760 | Hamming: 3.13 | Exact: 0.1134 | Time: 6.56s
Epoch 015 | Train Loss: 0.4857 | Val Loss: 0.5041 | Acc: 0.9859 | Prec: 0.4786 | Rec: 0.4815 | F1: 0.4800 | Hamming: 3.11 | Exact: 0.1075 | Time: 6.53s
Saved new best model at epoch 16 with validation loss 0.503246
Epoch 016 | Train Loss: 0.4834 | Val Loss: 0.5032 | Acc: 0.9860 | Prec: 0.4826 | Rec: 0.4855 | F1: 0.4840 | Hamming: 3.09 | Exact: 0.1194 | Time: 6.59s
Saved new best model at epoch 17 with validation loss 0.498844
Epoch 017 | Train Loss: 0.4792 | Val Loss: 0.4988 | Acc: 0.9861 | Prec: 0.4876 | Rec: 0.4905 | F1: 0.4890 | Hamming: 3.06 | Exact: 0.1134 | Time: 6.58s
Saved new best model at epoch 18 with validation loss 0.498570
Epoch 018 | Train Loss: 0.4708 | Val Loss: 0.4986 | Acc: 0.9864 | Prec: 0.4975 | Rec: 0.5005 | F1: 0.4990 | Hamming: 3.00 | Exact: 0.1194 | Time: 6.57s
Epoch 019 | Train Loss: 0.4714 | Val Loss: 0.4994 | Acc: 0.9864 | Prec: 0.4985 | Rec: 0.5015 | F1: 0.5000 | Hamming: 2.99 | Exact: 0.1224 | Time: 6.60s
Saved new best model at epoch 20 with validation loss 0.495082
Epoch 020 | Train Loss: 0.4632 | Val Loss: 0.4951 | Acc: 0.9863 | Prec: 0.4955 | Rec: 0.4985 | F1: 0.4970 | Hamming: 3.01 | Exact: 0.1224 | Time: 6.60s
Epoch 021 | Train Loss: 0.4588 | Val Loss: 0.4955 | Acc: 0.9862 | Prec: 0.4925 | Rec: 0.4955 | F1: 0.4940 | Hamming: 3.03 | Exact: 0.1254 | Time: 6.60s
Epoch 022 | Train Loss: 0.4538 | Val Loss: 0.5012 | Acc: 0.9863 | Prec: 0.4955 | Rec: 0.4985 | F1: 0.4970 | Hamming: 3.01 | Exact: 0.1254 | Time: 6.58s
Epoch 023 | Train Loss: 0.4477 | Val Loss: 0.5084 | Acc: 0.9864 | Prec: 0.4965 | Rec: 0.4995 | F1: 0.4980 | Hamming: 3.00 | Exact: 0.1224 | Time: 6.55s
Epoch 024 | Train Loss: 0.4470 | Val Loss: 0.5169 | Acc: 0.9864 | Prec: 0.4975 | Rec: 0.5005 | F1: 0.4990 | Hamming: 3.00 | Exact: 0.1224 | Time: 6.58s
Epoch 025 | Train Loss: 0.4408 | Val Loss: 0.5261 | Acc: 0.9864 | Prec: 0.4965 | Rec: 0.4995 | F1: 0.4980 | Hamming: 3.00 | Exact: 0.1313 | Time: 6.55s
Epoch 026 | Train Loss: 0.4249 | Val Loss: 0.5371 | Acc: 0.9864 | Prec: 0.4965 | Rec: 0.4995 | F1: 0.4980 | Hamming: 3.00 | Exact: 0.1313 | Time: 6.56s
Epoch 027 | Train Loss: 0.4289 | Val Loss: 0.5435 | Acc: 0.9863 | Prec: 0.4955 | Rec: 0.4985 | F1: 0.4970 | Hamming: 3.01 | Exact: 0.1403 | Time: 6.58s
Epoch 028 | Train Loss: 0.4262 | Val Loss: 0.5518 | Acc: 0.9863 | Prec: 0.4935 | Rec: 0.4965 | F1: 0.4950 | Hamming: 3.02 | Exact: 0.1284 | Time: 6.62s
Epoch 029 | Train Loss: 0.4155 | Val Loss: 0.5634 | Acc: 0.9862 | Prec: 0.4896 | Rec: 0.4925 | F1: 0.4910 | Hamming: 3.04 | Exact: 0.1313 | Time: 6.58s
Epoch 030 | Train Loss: 0.4119 | Val Loss: 0.5741 | Acc: 0.9861 | Prec: 0.4876 | Rec: 0.4905 | F1: 0.4890 | Hamming: 3.06 | Exact: 0.1343 | Time: 6.62s
Epoch 031 | Train Loss: 0.4084 | Val Loss: 0.5856 | Acc: 0.9860 | Prec: 0.4836 | Rec: 0.4865 | F1: 0.4850 | Hamming: 3.08 | Exact: 0.1373 | Time: 6.58s
Epoch 032 | Train Loss: 0.4030 | Val Loss: 0.5971 | Acc: 0.9860 | Prec: 0.4836 | Rec: 0.4865 | F1: 0.4850 | Hamming: 3.08 | Exact: 0.1403 | Time: 6.55s
Epoch 033 | Train Loss: 0.3979 | Val Loss: 0.6096 | Acc: 0.9860 | Prec: 0.4836 | Rec: 0.4865 | F1: 0.4850 | Hamming: 3.08 | Exact: 0.1373 | Time: 6.61s
Epoch 034 | Train Loss: 0.3936 | Val Loss: 0.6175 | Acc: 0.9860 | Prec: 0.4826 | Rec: 0.4855 | F1: 0.4840 | Hamming: 3.09 | Exact: 0.1343 | Time: 6.60s
Epoch 035 | Train Loss: 0.3890 | Val Loss: 0.6291 | Acc: 0.9861 | Prec: 0.4856 | Rec: 0.4885 | F1: 0.4870 | Hamming: 3.07 | Exact: 0.1373 | Time: 6.58s
Epoch 036 | Train Loss: 0.3885 | Val Loss: 0.6373 | Acc: 0.9861 | Prec: 0.4886 | Rec: 0.4915 | F1: 0.4900 | Hamming: 3.05 | Exact: 0.1403 | Time: 6.58s
Epoch 037 | Train Loss: 0.3791 | Val Loss: 0.6473 | Acc: 0.9860 | Prec: 0.4836 | Rec: 0.4865 | F1: 0.4850 | Hamming: 3.08 | Exact: 0.1343 | Time: 6.60s
Epoch 038 | Train Loss: 0.3764 | Val Loss: 0.6575 | Acc: 0.9859 | Prec: 0.4816 | Rec: 0.4845 | F1: 0.4830 | Hamming: 3.09 | Exact: 0.1373 | Time: 6.58s
Epoch 039 | Train Loss: 0.3657 | Val Loss: 0.6641 | Acc: 0.9859 | Prec: 0.4786 | Rec: 0.4815 | F1: 0.4800 | Hamming: 3.11 | Exact: 0.1313 | Time: 6.58s
Epoch 040 | Train Loss: 0.3618 | Val Loss: 0.6726 | Acc: 0.9858 | Prec: 0.4776 | Rec: 0.4805 | F1: 0.4790 | Hamming: 3.12 | Exact: 0.1313 | Time: 6.56s
Epoch 041 | Train Loss: 0.3649 | Val Loss: 0.6785 | Acc: 0.9859 | Prec: 0.4806 | Rec: 0.4835 | F1: 0.4820 | Hamming: 3.10 | Exact: 0.1343 | Time: 6.56s
Epoch 042 | Train Loss: 0.3554 | Val Loss: 0.6869 | Acc: 0.9858 | Prec: 0.4776 | Rec: 0.4805 | F1: 0.4790 | Hamming: 3.12 | Exact: 0.1343 | Time: 6.60s
Epoch 043 | Train Loss: 0.3563 | Val Loss: 0.6942 | Acc: 0.9858 | Prec: 0.4746 | Rec: 0.4775 | F1: 0.4760 | Hamming: 3.13 | Exact: 0.1343 | Time: 6.58s
Epoch 044 | Train Loss: 0.3504 | Val Loss: 0.7033 | Acc: 0.9858 | Prec: 0.4766 | Rec: 0.4795 | F1: 0.4780 | Hamming: 3.12 | Exact: 0.1403 | Time: 6.56s
Epoch 045 | Train Loss: 0.3478 | Val Loss: 0.7050 | Acc: 0.9857 | Prec: 0.4736 | Rec: 0.4765 | F1: 0.4750 | Hamming: 3.14 | Exact: 0.1373 | Time: 6.56s
Epoch 046 | Train Loss: 0.3417 | Val Loss: 0.7161 | Acc: 0.9858 | Prec: 0.4746 | Rec: 0.4775 | F1: 0.4760 | Hamming: 3.13 | Exact: 0.1343 | Time: 6.60s
Epoch 047 | Train Loss: 0.3386 | Val Loss: 0.7304 | Acc: 0.9857 | Prec: 0.4726 | Rec: 0.4755 | F1: 0.4741 | Hamming: 3.15 | Exact: 0.1343 | Time: 6.55s
Epoch 048 | Train Loss: 0.3349 | Val Loss: 0.7418 | Acc: 0.9856 | Prec: 0.4706 | Rec: 0.4735 | F1: 0.4721 | Hamming: 3.16 | Exact: 0.1343 | Time: 6.65s
Epoch 049 | Train Loss: 0.3315 | Val Loss: 0.7565 | Acc: 0.9856 | Prec: 0.4706 | Rec: 0.4735 | F1: 0.4721 | Hamming: 3.16 | Exact: 0.1343 | Time: 6.55s
Epoch 050 | Train Loss: 0.3294 | Val Loss: 0.7749 | Acc: 0.9856 | Prec: 0.4706 | Rec: 0.4735 | F1: 0.4721 | Hamming: 3.16 | Exact: 0.1403 | Time: 6.56s

Total training time for tropical_v2_shortest_path_v2_repeat6: 329.82 seconds
Average epoch time: 6.60 seconds
Best epoch: 20 | Best validation loss: 0.495082
Best model saved to: saved_models/tropical_v2_shortest_path_v2_repeat6_best_model.pt
Final model saved to: saved_models/tropical_v2_shortest_path_v2_repeat6_final_model.pt
Saved new best model at epoch 1 with validation loss 0.592786
Epoch 001 | Train Loss: 0.8631 | Val Loss: 0.5928 | Acc: 0.9848 | Prec: 0.4378 | Rec: 0.4404 | F1: 0.4391 | Hamming: 3.36 | Exact: 0.0955 | Time: 6.94s
Saved new best model at epoch 2 with validation loss 0.530071
Epoch 002 | Train Loss: 0.5810 | Val Loss: 0.5301 | Acc: 0.9851 | Prec: 0.4517 | Rec: 0.4545 | F1: 0.4531 | Hamming: 3.27 | Exact: 0.1104 | Time: 6.55s
Saved new best model at epoch 3 with validation loss 0.526054
Epoch 003 | Train Loss: 0.5597 | Val Loss: 0.5261 | Acc: 0.9852 | Prec: 0.4537 | Rec: 0.4565 | F1: 0.4551 | Hamming: 3.26 | Exact: 0.1045 | Time: 6.53s
Saved new best model at epoch 4 with validation loss 0.524131
Epoch 004 | Train Loss: 0.5583 | Val Loss: 0.5241 | Acc: 0.9850 | Prec: 0.4458 | Rec: 0.4484 | F1: 0.4471 | Hamming: 3.31 | Exact: 0.1015 | Time: 6.53s
Saved new best model at epoch 5 with validation loss 0.519098
Epoch 005 | Train Loss: 0.5491 | Val Loss: 0.5191 | Acc: 0.9855 | Prec: 0.4647 | Rec: 0.4675 | F1: 0.4661 | Hamming: 3.19 | Exact: 0.1164 | Time: 6.56s
Epoch 006 | Train Loss: 0.5351 | Val Loss: 0.5200 | Acc: 0.9852 | Prec: 0.4547 | Rec: 0.4575 | F1: 0.4561 | Hamming: 3.25 | Exact: 0.1045 | Time: 6.56s
Saved new best model at epoch 7 with validation loss 0.513922
Epoch 007 | Train Loss: 0.5301 | Val Loss: 0.5139 | Acc: 0.9853 | Prec: 0.4567 | Rec: 0.4595 | F1: 0.4581 | Hamming: 3.24 | Exact: 0.1164 | Time: 6.53s
Saved new best model at epoch 8 with validation loss 0.506709
Epoch 008 | Train Loss: 0.5240 | Val Loss: 0.5067 | Acc: 0.9855 | Prec: 0.4637 | Rec: 0.4665 | F1: 0.4651 | Hamming: 3.20 | Exact: 0.1164 | Time: 6.51s
Saved new best model at epoch 9 with validation loss 0.501253
Epoch 009 | Train Loss: 0.5213 | Val Loss: 0.5013 | Acc: 0.9854 | Prec: 0.4627 | Rec: 0.4655 | F1: 0.4641 | Hamming: 3.21 | Exact: 0.1224 | Time: 6.58s
Epoch 010 | Train Loss: 0.5114 | Val Loss: 0.5019 | Acc: 0.9856 | Prec: 0.4687 | Rec: 0.4715 | F1: 0.4701 | Hamming: 3.17 | Exact: 0.1224 | Time: 6.52s
Epoch 011 | Train Loss: 0.5057 | Val Loss: 0.5050 | Acc: 0.9858 | Prec: 0.4746 | Rec: 0.4775 | F1: 0.4760 | Hamming: 3.13 | Exact: 0.1194 | Time: 6.53s
Epoch 012 | Train Loss: 0.5049 | Val Loss: 0.5045 | Acc: 0.9858 | Prec: 0.4746 | Rec: 0.4775 | F1: 0.4760 | Hamming: 3.13 | Exact: 0.1194 | Time: 6.54s
Epoch 013 | Train Loss: 0.4947 | Val Loss: 0.5030 | Acc: 0.9859 | Prec: 0.4816 | Rec: 0.4845 | F1: 0.4830 | Hamming: 3.09 | Exact: 0.1194 | Time: 6.52s
Epoch 014 | Train Loss: 0.4840 | Val Loss: 0.5032 | Acc: 0.9861 | Prec: 0.4856 | Rec: 0.4885 | F1: 0.4870 | Hamming: 3.07 | Exact: 0.1224 | Time: 6.54s
Epoch 015 | Train Loss: 0.4816 | Val Loss: 0.5065 | Acc: 0.9860 | Prec: 0.4846 | Rec: 0.4875 | F1: 0.4860 | Hamming: 3.07 | Exact: 0.1164 | Time: 6.51s
Epoch 016 | Train Loss: 0.4787 | Val Loss: 0.5070 | Acc: 0.9861 | Prec: 0.4856 | Rec: 0.4885 | F1: 0.4870 | Hamming: 3.07 | Exact: 0.1254 | Time: 6.55s
Epoch 017 | Train Loss: 0.4763 | Val Loss: 0.5095 | Acc: 0.9860 | Prec: 0.4846 | Rec: 0.4875 | F1: 0.4860 | Hamming: 3.07 | Exact: 0.1194 | Time: 6.52s
Epoch 018 | Train Loss: 0.4722 | Val Loss: 0.5149 | Acc: 0.9860 | Prec: 0.4846 | Rec: 0.4875 | F1: 0.4860 | Hamming: 3.07 | Exact: 0.1164 | Time: 6.54s
Epoch 019 | Train Loss: 0.4679 | Val Loss: 0.5164 | Acc: 0.9859 | Prec: 0.4816 | Rec: 0.4845 | F1: 0.4830 | Hamming: 3.09 | Exact: 0.1164 | Time: 6.53s
Epoch 020 | Train Loss: 0.4638 | Val Loss: 0.5151 | Acc: 0.9859 | Prec: 0.4806 | Rec: 0.4835 | F1: 0.4820 | Hamming: 3.10 | Exact: 0.1194 | Time: 6.54s
Epoch 021 | Train Loss: 0.4582 | Val Loss: 0.5143 | Acc: 0.9860 | Prec: 0.4846 | Rec: 0.4875 | F1: 0.4860 | Hamming: 3.07 | Exact: 0.1254 | Time: 6.51s
Epoch 022 | Train Loss: 0.4569 | Val Loss: 0.5177 | Acc: 0.9861 | Prec: 0.4886 | Rec: 0.4915 | F1: 0.4900 | Hamming: 3.05 | Exact: 0.1254 | Time: 6.52s
Epoch 023 | Train Loss: 0.4488 | Val Loss: 0.5237 | Acc: 0.9861 | Prec: 0.4866 | Rec: 0.4895 | F1: 0.4880 | Hamming: 3.06 | Exact: 0.1194 | Time: 6.54s
Epoch 024 | Train Loss: 0.4459 | Val Loss: 0.5305 | Acc: 0.9861 | Prec: 0.4866 | Rec: 0.4895 | F1: 0.4880 | Hamming: 3.06 | Exact: 0.1194 | Time: 6.53s
Epoch 025 | Train Loss: 0.4428 | Val Loss: 0.5370 | Acc: 0.9860 | Prec: 0.4826 | Rec: 0.4855 | F1: 0.4840 | Hamming: 3.09 | Exact: 0.1224 | Time: 6.53s
Epoch 026 | Train Loss: 0.4350 | Val Loss: 0.5421 | Acc: 0.9859 | Prec: 0.4816 | Rec: 0.4845 | F1: 0.4830 | Hamming: 3.09 | Exact: 0.1224 | Time: 6.52s
Epoch 027 | Train Loss: 0.4336 | Val Loss: 0.5479 | Acc: 0.9859 | Prec: 0.4816 | Rec: 0.4845 | F1: 0.4830 | Hamming: 3.09 | Exact: 0.1224 | Time: 6.50s
Epoch 028 | Train Loss: 0.4258 | Val Loss: 0.5536 | Acc: 0.9858 | Prec: 0.4766 | Rec: 0.4795 | F1: 0.4780 | Hamming: 3.12 | Exact: 0.1194 | Time: 6.56s
Epoch 029 | Train Loss: 0.4192 | Val Loss: 0.5646 | Acc: 0.9857 | Prec: 0.4736 | Rec: 0.4765 | F1: 0.4750 | Hamming: 3.14 | Exact: 0.1194 | Time: 6.52s
Epoch 030 | Train Loss: 0.4135 | Val Loss: 0.5771 | Acc: 0.9857 | Prec: 0.4726 | Rec: 0.4755 | F1: 0.4741 | Hamming: 3.15 | Exact: 0.1254 | Time: 6.51s
Epoch 031 | Train Loss: 0.4178 | Val Loss: 0.5890 | Acc: 0.9857 | Prec: 0.4726 | Rec: 0.4755 | F1: 0.4741 | Hamming: 3.15 | Exact: 0.1254 | Time: 6.51s
Epoch 032 | Train Loss: 0.4091 | Val Loss: 0.5975 | Acc: 0.9856 | Prec: 0.4706 | Rec: 0.4735 | F1: 0.4721 | Hamming: 3.16 | Exact: 0.1224 | Time: 6.54s
Epoch 033 | Train Loss: 0.4003 | Val Loss: 0.6085 | Acc: 0.9855 | Prec: 0.4657 | Rec: 0.4685 | F1: 0.4671 | Hamming: 3.19 | Exact: 0.1164 | Time: 6.51s
Epoch 034 | Train Loss: 0.3927 | Val Loss: 0.6271 | Acc: 0.9855 | Prec: 0.4647 | Rec: 0.4675 | F1: 0.4661 | Hamming: 3.19 | Exact: 0.1164 | Time: 6.57s
Epoch 035 | Train Loss: 0.3865 | Val Loss: 0.6427 | Acc: 0.9854 | Prec: 0.4617 | Rec: 0.4645 | F1: 0.4631 | Hamming: 3.21 | Exact: 0.1164 | Time: 6.52s
Epoch 036 | Train Loss: 0.3814 | Val Loss: 0.6593 | Acc: 0.9855 | Prec: 0.4647 | Rec: 0.4675 | F1: 0.4661 | Hamming: 3.19 | Exact: 0.1194 | Time: 6.53s
Epoch 037 | Train Loss: 0.3837 | Val Loss: 0.6698 | Acc: 0.9855 | Prec: 0.4657 | Rec: 0.4685 | F1: 0.4671 | Hamming: 3.19 | Exact: 0.1224 | Time: 6.55s
Epoch 038 | Train Loss: 0.3764 | Val Loss: 0.6815 | Acc: 0.9855 | Prec: 0.4647 | Rec: 0.4675 | F1: 0.4661 | Hamming: 3.19 | Exact: 0.1164 | Time: 6.51s
Epoch 039 | Train Loss: 0.3652 | Val Loss: 0.6875 | Acc: 0.9854 | Prec: 0.4627 | Rec: 0.4655 | F1: 0.4641 | Hamming: 3.21 | Exact: 0.1224 | Time: 6.55s
Epoch 040 | Train Loss: 0.3623 | Val Loss: 0.6895 | Acc: 0.9855 | Prec: 0.4657 | Rec: 0.4685 | F1: 0.4671 | Hamming: 3.19 | Exact: 0.1254 | Time: 6.52s
Epoch 041 | Train Loss: 0.3618 | Val Loss: 0.6975 | Acc: 0.9855 | Prec: 0.4657 | Rec: 0.4685 | F1: 0.4671 | Hamming: 3.19 | Exact: 0.1284 | Time: 6.57s
Epoch 042 | Train Loss: 0.3550 | Val Loss: 0.7068 | Acc: 0.9856 | Prec: 0.4706 | Rec: 0.4735 | F1: 0.4721 | Hamming: 3.16 | Exact: 0.1284 | Time: 6.53s
Epoch 043 | Train Loss: 0.3488 | Val Loss: 0.7097 | Acc: 0.9856 | Prec: 0.4706 | Rec: 0.4735 | F1: 0.4721 | Hamming: 3.16 | Exact: 0.1284 | Time: 6.56s
Epoch 044 | Train Loss: 0.3476 | Val Loss: 0.7206 | Acc: 0.9856 | Prec: 0.4706 | Rec: 0.4735 | F1: 0.4721 | Hamming: 3.16 | Exact: 0.1284 | Time: 6.53s
Epoch 045 | Train Loss: 0.3385 | Val Loss: 0.7303 | Acc: 0.9856 | Prec: 0.4706 | Rec: 0.4735 | F1: 0.4721 | Hamming: 3.16 | Exact: 0.1313 | Time: 6.53s
Epoch 046 | Train Loss: 0.3376 | Val Loss: 0.7439 | Acc: 0.9859 | Prec: 0.4786 | Rec: 0.4815 | F1: 0.4800 | Hamming: 3.11 | Exact: 0.1343 | Time: 6.57s
Epoch 047 | Train Loss: 0.3265 | Val Loss: 0.7601 | Acc: 0.9858 | Prec: 0.4776 | Rec: 0.4805 | F1: 0.4790 | Hamming: 3.12 | Exact: 0.1373 | Time: 6.53s
Epoch 048 | Train Loss: 0.3265 | Val Loss: 0.7756 | Acc: 0.9859 | Prec: 0.4786 | Rec: 0.4815 | F1: 0.4800 | Hamming: 3.11 | Exact: 0.1403 | Time: 6.55s
Epoch 049 | Train Loss: 0.3299 | Val Loss: 0.7989 | Acc: 0.9859 | Prec: 0.4796 | Rec: 0.4825 | F1: 0.4810 | Hamming: 3.10 | Exact: 0.1373 | Time: 6.53s
Epoch 050 | Train Loss: 0.3149 | Val Loss: 0.8171 | Acc: 0.9858 | Prec: 0.4766 | Rec: 0.4795 | F1: 0.4780 | Hamming: 3.12 | Exact: 0.1284 | Time: 6.52s

Total training time for tropical_v2_shortest_path_v2_repeat7: 327.25 seconds
Average epoch time: 6.54 seconds
Best epoch: 9 | Best validation loss: 0.501253
Best model saved to: saved_models/tropical_v2_shortest_path_v2_repeat7_best_model.pt
Final model saved to: saved_models/tropical_v2_shortest_path_v2_repeat7_final_model.pt
Saved new best model at epoch 1 with validation loss 0.592379
Epoch 001 | Train Loss: 0.8628 | Val Loss: 0.5924 | Acc: 0.9847 | Prec: 0.4348 | Rec: 0.4374 | F1: 0.4361 | Hamming: 3.37 | Exact: 0.0955 | Time: 7.03s
Saved new best model at epoch 2 with validation loss 0.534465
Epoch 002 | Train Loss: 0.5817 | Val Loss: 0.5345 | Acc: 0.9852 | Prec: 0.4547 | Rec: 0.4575 | F1: 0.4561 | Hamming: 3.25 | Exact: 0.1134 | Time: 6.60s
Saved new best model at epoch 3 with validation loss 0.525579
Epoch 003 | Train Loss: 0.5583 | Val Loss: 0.5256 | Acc: 0.9851 | Prec: 0.4498 | Rec: 0.4525 | F1: 0.4511 | Hamming: 3.28 | Exact: 0.0955 | Time: 6.58s
Saved new best model at epoch 4 with validation loss 0.522971
Epoch 004 | Train Loss: 0.5558 | Val Loss: 0.5230 | Acc: 0.9852 | Prec: 0.4527 | Rec: 0.4555 | F1: 0.4541 | Hamming: 3.27 | Exact: 0.1045 | Time: 6.61s
Saved new best model at epoch 5 with validation loss 0.512981
Epoch 005 | Train Loss: 0.5449 | Val Loss: 0.5130 | Acc: 0.9851 | Prec: 0.4517 | Rec: 0.4545 | F1: 0.4531 | Hamming: 3.27 | Exact: 0.1075 | Time: 6.57s
Saved new best model at epoch 6 with validation loss 0.512808
Epoch 006 | Train Loss: 0.5345 | Val Loss: 0.5128 | Acc: 0.9853 | Prec: 0.4567 | Rec: 0.4595 | F1: 0.4581 | Hamming: 3.24 | Exact: 0.1104 | Time: 6.57s
Saved new best model at epoch 7 with validation loss 0.510036
Epoch 007 | Train Loss: 0.5284 | Val Loss: 0.5100 | Acc: 0.9855 | Prec: 0.4647 | Rec: 0.4675 | F1: 0.4661 | Hamming: 3.19 | Exact: 0.1254 | Time: 6.61s
Saved new best model at epoch 8 with validation loss 0.509544
Epoch 008 | Train Loss: 0.5220 | Val Loss: 0.5095 | Acc: 0.9854 | Prec: 0.4617 | Rec: 0.4645 | F1: 0.4631 | Hamming: 3.21 | Exact: 0.1164 | Time: 6.57s
Saved new best model at epoch 9 with validation loss 0.502394
Epoch 009 | Train Loss: 0.5182 | Val Loss: 0.5024 | Acc: 0.9855 | Prec: 0.4647 | Rec: 0.4675 | F1: 0.4661 | Hamming: 3.19 | Exact: 0.1075 | Time: 6.62s
Saved new best model at epoch 10 with validation loss 0.501090
Epoch 010 | Train Loss: 0.5090 | Val Loss: 0.5011 | Acc: 0.9854 | Prec: 0.4627 | Rec: 0.4655 | F1: 0.4641 | Hamming: 3.21 | Exact: 0.1104 | Time: 6.61s
Epoch 011 | Train Loss: 0.5081 | Val Loss: 0.5033 | Acc: 0.9854 | Prec: 0.4607 | Rec: 0.4635 | F1: 0.4621 | Hamming: 3.22 | Exact: 0.1045 | Time: 6.60s
Epoch 012 | Train Loss: 0.5058 | Val Loss: 0.5031 | Acc: 0.9854 | Prec: 0.4607 | Rec: 0.4635 | F1: 0.4621 | Hamming: 3.22 | Exact: 0.0985 | Time: 6.60s
Saved new best model at epoch 13 with validation loss 0.499164
Epoch 013 | Train Loss: 0.4884 | Val Loss: 0.4992 | Acc: 0.9855 | Prec: 0.4667 | Rec: 0.4695 | F1: 0.4681 | Hamming: 3.18 | Exact: 0.1134 | Time: 6.60s
Saved new best model at epoch 14 with validation loss 0.495742
Epoch 014 | Train Loss: 0.4810 | Val Loss: 0.4957 | Acc: 0.9857 | Prec: 0.4716 | Rec: 0.4745 | F1: 0.4731 | Hamming: 3.15 | Exact: 0.0985 | Time: 6.65s
Epoch 015 | Train Loss: 0.4778 | Val Loss: 0.4993 | Acc: 0.9858 | Prec: 0.4756 | Rec: 0.4785 | F1: 0.4770 | Hamming: 3.13 | Exact: 0.1045 | Time: 6.62s
Epoch 016 | Train Loss: 0.4696 | Val Loss: 0.4966 | Acc: 0.9860 | Prec: 0.4826 | Rec: 0.4855 | F1: 0.4840 | Hamming: 3.09 | Exact: 0.1045 | Time: 6.63s
Epoch 017 | Train Loss: 0.4668 | Val Loss: 0.4993 | Acc: 0.9861 | Prec: 0.4886 | Rec: 0.4915 | F1: 0.4900 | Hamming: 3.05 | Exact: 0.1134 | Time: 6.62s
Epoch 018 | Train Loss: 0.4597 | Val Loss: 0.4997 | Acc: 0.9862 | Prec: 0.4896 | Rec: 0.4925 | F1: 0.4910 | Hamming: 3.04 | Exact: 0.1194 | Time: 6.64s
Epoch 019 | Train Loss: 0.4560 | Val Loss: 0.5031 | Acc: 0.9862 | Prec: 0.4925 | Rec: 0.4955 | F1: 0.4940 | Hamming: 3.03 | Exact: 0.1254 | Time: 6.62s
Epoch 020 | Train Loss: 0.4459 | Val Loss: 0.5122 | Acc: 0.9862 | Prec: 0.4915 | Rec: 0.4945 | F1: 0.4930 | Hamming: 3.03 | Exact: 0.1224 | Time: 6.63s
Epoch 021 | Train Loss: 0.4463 | Val Loss: 0.5201 | Acc: 0.9862 | Prec: 0.4925 | Rec: 0.4955 | F1: 0.4940 | Hamming: 3.03 | Exact: 0.1284 | Time: 6.61s
Epoch 022 | Train Loss: 0.4399 | Val Loss: 0.5250 | Acc: 0.9863 | Prec: 0.4945 | Rec: 0.4975 | F1: 0.4960 | Hamming: 3.01 | Exact: 0.1343 | Time: 6.62s
Epoch 023 | Train Loss: 0.4293 | Val Loss: 0.5313 | Acc: 0.9865 | Prec: 0.5005 | Rec: 0.5035 | F1: 0.5020 | Hamming: 2.98 | Exact: 0.1343 | Time: 6.67s
Epoch 024 | Train Loss: 0.4202 | Val Loss: 0.5352 | Acc: 0.9865 | Prec: 0.5035 | Rec: 0.5065 | F1: 0.5050 | Hamming: 2.96 | Exact: 0.1373 | Time: 6.63s
Epoch 025 | Train Loss: 0.4231 | Val Loss: 0.5387 | Acc: 0.9864 | Prec: 0.4975 | Rec: 0.5005 | F1: 0.4990 | Hamming: 3.00 | Exact: 0.1343 | Time: 6.59s
Epoch 026 | Train Loss: 0.4167 | Val Loss: 0.5391 | Acc: 0.9865 | Prec: 0.5015 | Rec: 0.5045 | F1: 0.5030 | Hamming: 2.97 | Exact: 0.1373 | Time: 6.60s
Epoch 027 | Train Loss: 0.4095 | Val Loss: 0.5394 | Acc: 0.9867 | Prec: 0.5075 | Rec: 0.5105 | F1: 0.5090 | Hamming: 2.94 | Exact: 0.1433 | Time: 6.65s
Epoch 028 | Train Loss: 0.4018 | Val Loss: 0.5414 | Acc: 0.9867 | Prec: 0.5085 | Rec: 0.5115 | F1: 0.5100 | Hamming: 2.93 | Exact: 0.1343 | Time: 6.61s
Epoch 029 | Train Loss: 0.3980 | Val Loss: 0.5480 | Acc: 0.9866 | Prec: 0.5055 | Rec: 0.5085 | F1: 0.5070 | Hamming: 2.95 | Exact: 0.1373 | Time: 6.61s
Epoch 030 | Train Loss: 0.3947 | Val Loss: 0.5528 | Acc: 0.9865 | Prec: 0.5025 | Rec: 0.5055 | F1: 0.5040 | Hamming: 2.97 | Exact: 0.1403 | Time: 6.60s
Epoch 031 | Train Loss: 0.3856 | Val Loss: 0.5611 | Acc: 0.9865 | Prec: 0.5015 | Rec: 0.5045 | F1: 0.5030 | Hamming: 2.97 | Exact: 0.1373 | Time: 6.62s
Epoch 032 | Train Loss: 0.3794 | Val Loss: 0.5697 | Acc: 0.9864 | Prec: 0.4995 | Rec: 0.5025 | F1: 0.5010 | Hamming: 2.99 | Exact: 0.1403 | Time: 6.63s
Epoch 033 | Train Loss: 0.3738 | Val Loss: 0.5802 | Acc: 0.9864 | Prec: 0.4965 | Rec: 0.4995 | F1: 0.4980 | Hamming: 3.00 | Exact: 0.1403 | Time: 6.60s
Epoch 034 | Train Loss: 0.3700 | Val Loss: 0.5888 | Acc: 0.9862 | Prec: 0.4905 | Rec: 0.4935 | F1: 0.4920 | Hamming: 3.04 | Exact: 0.1313 | Time: 6.63s
Epoch 035 | Train Loss: 0.3659 | Val Loss: 0.6000 | Acc: 0.9862 | Prec: 0.4915 | Rec: 0.4945 | F1: 0.4930 | Hamming: 3.03 | Exact: 0.1284 | Time: 6.60s
Epoch 036 | Train Loss: 0.3590 | Val Loss: 0.6164 | Acc: 0.9863 | Prec: 0.4945 | Rec: 0.4975 | F1: 0.4960 | Hamming: 3.01 | Exact: 0.1254 | Time: 6.66s
Epoch 037 | Train Loss: 0.3552 | Val Loss: 0.6263 | Acc: 0.9862 | Prec: 0.4915 | Rec: 0.4945 | F1: 0.4930 | Hamming: 3.03 | Exact: 0.1254 | Time: 6.59s
Epoch 038 | Train Loss: 0.3527 | Val Loss: 0.6380 | Acc: 0.9862 | Prec: 0.4896 | Rec: 0.4925 | F1: 0.4910 | Hamming: 3.04 | Exact: 0.1343 | Time: 6.61s
Epoch 039 | Train Loss: 0.3463 | Val Loss: 0.6491 | Acc: 0.9861 | Prec: 0.4876 | Rec: 0.4905 | F1: 0.4890 | Hamming: 3.06 | Exact: 0.1313 | Time: 6.60s
Epoch 040 | Train Loss: 0.3413 | Val Loss: 0.6583 | Acc: 0.9861 | Prec: 0.4886 | Rec: 0.4915 | F1: 0.4900 | Hamming: 3.05 | Exact: 0.1284 | Time: 6.62s
Epoch 041 | Train Loss: 0.3316 | Val Loss: 0.6672 | Acc: 0.9862 | Prec: 0.4896 | Rec: 0.4925 | F1: 0.4910 | Hamming: 3.04 | Exact: 0.1284 | Time: 6.62s
Epoch 042 | Train Loss: 0.3297 | Val Loss: 0.6795 | Acc: 0.9860 | Prec: 0.4836 | Rec: 0.4865 | F1: 0.4850 | Hamming: 3.08 | Exact: 0.1284 | Time: 6.58s
Epoch 043 | Train Loss: 0.3246 | Val Loss: 0.6939 | Acc: 0.9861 | Prec: 0.4876 | Rec: 0.4905 | F1: 0.4890 | Hamming: 3.06 | Exact: 0.1284 | Time: 6.54s
Epoch 044 | Train Loss: 0.3206 | Val Loss: 0.7063 | Acc: 0.9860 | Prec: 0.4826 | Rec: 0.4855 | F1: 0.4840 | Hamming: 3.09 | Exact: 0.1254 | Time: 6.57s
Epoch 045 | Train Loss: 0.3180 | Val Loss: 0.7280 | Acc: 0.9861 | Prec: 0.4856 | Rec: 0.4885 | F1: 0.4870 | Hamming: 3.07 | Exact: 0.1254 | Time: 6.62s
Epoch 046 | Train Loss: 0.3183 | Val Loss: 0.7500 | Acc: 0.9861 | Prec: 0.4856 | Rec: 0.4885 | F1: 0.4870 | Hamming: 3.07 | Exact: 0.1284 | Time: 6.61s
Epoch 047 | Train Loss: 0.3076 | Val Loss: 0.7677 | Acc: 0.9861 | Prec: 0.4876 | Rec: 0.4905 | F1: 0.4890 | Hamming: 3.06 | Exact: 0.1313 | Time: 6.60s
Epoch 048 | Train Loss: 0.3015 | Val Loss: 0.7830 | Acc: 0.9860 | Prec: 0.4836 | Rec: 0.4865 | F1: 0.4850 | Hamming: 3.08 | Exact: 0.1284 | Time: 6.60s
Epoch 049 | Train Loss: 0.2909 | Val Loss: 0.8029 | Acc: 0.9859 | Prec: 0.4806 | Rec: 0.4835 | F1: 0.4820 | Hamming: 3.10 | Exact: 0.1254 | Time: 6.59s
Epoch 050 | Train Loss: 0.2874 | Val Loss: 0.8230 | Acc: 0.9860 | Prec: 0.4826 | Rec: 0.4855 | F1: 0.4840 | Hamming: 3.09 | Exact: 0.1254 | Time: 6.62s

Total training time for tropical_v2_shortest_path_v2_repeat8: 331.04 seconds
Average epoch time: 6.62 seconds
Best epoch: 14 | Best validation loss: 0.495742
Best model saved to: saved_models/tropical_v2_shortest_path_v2_repeat8_best_model.pt
Final model saved to: saved_models/tropical_v2_shortest_path_v2_repeat8_final_model.pt
Saved new best model at epoch 1 with validation loss 0.591543
Epoch 001 | Train Loss: 0.8632 | Val Loss: 0.5915 | Acc: 0.9847 | Prec: 0.4368 | Rec: 0.4394 | F1: 0.4381 | Hamming: 3.36 | Exact: 0.0955 | Time: 6.99s
Saved new best model at epoch 2 with validation loss 0.530618
Epoch 002 | Train Loss: 0.5809 | Val Loss: 0.5306 | Acc: 0.9852 | Prec: 0.4557 | Rec: 0.4585 | F1: 0.4571 | Hamming: 3.25 | Exact: 0.1104 | Time: 6.56s
Saved new best model at epoch 3 with validation loss 0.524583
Epoch 003 | Train Loss: 0.5565 | Val Loss: 0.5246 | Acc: 0.9851 | Prec: 0.4507 | Rec: 0.4535 | F1: 0.4521 | Hamming: 3.28 | Exact: 0.1104 | Time: 6.55s
Epoch 004 | Train Loss: 0.5546 | Val Loss: 0.5264 | Acc: 0.9851 | Prec: 0.4507 | Rec: 0.4535 | F1: 0.4521 | Hamming: 3.28 | Exact: 0.1134 | Time: 6.60s
Saved new best model at epoch 5 with validation loss 0.516199
Epoch 005 | Train Loss: 0.5485 | Val Loss: 0.5162 | Acc: 0.9850 | Prec: 0.4458 | Rec: 0.4484 | F1: 0.4471 | Hamming: 3.31 | Exact: 0.1104 | Time: 6.58s
Saved new best model at epoch 6 with validation loss 0.508072
Epoch 006 | Train Loss: 0.5374 | Val Loss: 0.5081 | Acc: 0.9850 | Prec: 0.4478 | Rec: 0.4505 | F1: 0.4491 | Hamming: 3.30 | Exact: 0.1015 | Time: 6.60s
Epoch 007 | Train Loss: 0.5323 | Val Loss: 0.5102 | Acc: 0.9853 | Prec: 0.4567 | Rec: 0.4595 | F1: 0.4581 | Hamming: 3.24 | Exact: 0.1075 | Time: 6.58s
Saved new best model at epoch 8 with validation loss 0.504883
Epoch 008 | Train Loss: 0.5228 | Val Loss: 0.5049 | Acc: 0.9852 | Prec: 0.4557 | Rec: 0.4585 | F1: 0.4571 | Hamming: 3.25 | Exact: 0.1015 | Time: 6.65s
Saved new best model at epoch 9 with validation loss 0.503353
Epoch 009 | Train Loss: 0.5186 | Val Loss: 0.5034 | Acc: 0.9851 | Prec: 0.4507 | Rec: 0.4535 | F1: 0.4521 | Hamming: 3.28 | Exact: 0.1075 | Time: 6.59s
Saved new best model at epoch 10 with validation loss 0.501753
Epoch 010 | Train Loss: 0.5057 | Val Loss: 0.5018 | Acc: 0.9854 | Prec: 0.4597 | Rec: 0.4625 | F1: 0.4611 | Hamming: 3.22 | Exact: 0.1045 | Time: 6.56s
Epoch 011 | Train Loss: 0.5020 | Val Loss: 0.5064 | Acc: 0.9856 | Prec: 0.4697 | Rec: 0.4725 | F1: 0.4711 | Hamming: 3.16 | Exact: 0.1075 | Time: 6.54s
Epoch 012 | Train Loss: 0.4994 | Val Loss: 0.5075 | Acc: 0.9856 | Prec: 0.4697 | Rec: 0.4725 | F1: 0.4711 | Hamming: 3.16 | Exact: 0.1045 | Time: 6.55s
Epoch 013 | Train Loss: 0.4909 | Val Loss: 0.5024 | Acc: 0.9857 | Prec: 0.4726 | Rec: 0.4755 | F1: 0.4741 | Hamming: 3.15 | Exact: 0.1045 | Time: 6.59s
Saved new best model at epoch 14 with validation loss 0.498277
Epoch 014 | Train Loss: 0.4810 | Val Loss: 0.4983 | Acc: 0.9856 | Prec: 0.4677 | Rec: 0.4705 | F1: 0.4691 | Hamming: 3.18 | Exact: 0.1075 | Time: 6.60s
Epoch 015 | Train Loss: 0.4826 | Val Loss: 0.4995 | Acc: 0.9857 | Prec: 0.4716 | Rec: 0.4745 | F1: 0.4731 | Hamming: 3.15 | Exact: 0.1164 | Time: 6.57s
Saved new best model at epoch 16 with validation loss 0.495112
Epoch 016 | Train Loss: 0.4783 | Val Loss: 0.4951 | Acc: 0.9857 | Prec: 0.4716 | Rec: 0.4745 | F1: 0.4731 | Hamming: 3.15 | Exact: 0.1134 | Time: 6.60s
Epoch 017 | Train Loss: 0.4731 | Val Loss: 0.4979 | Acc: 0.9858 | Prec: 0.4756 | Rec: 0.4785 | F1: 0.4770 | Hamming: 3.13 | Exact: 0.1134 | Time: 6.62s
Epoch 018 | Train Loss: 0.4626 | Val Loss: 0.4959 | Acc: 0.9859 | Prec: 0.4806 | Rec: 0.4835 | F1: 0.4820 | Hamming: 3.10 | Exact: 0.1134 | Time: 6.63s
Epoch 019 | Train Loss: 0.4585 | Val Loss: 0.4955 | Acc: 0.9859 | Prec: 0.4806 | Rec: 0.4835 | F1: 0.4820 | Hamming: 3.10 | Exact: 0.1134 | Time: 6.59s
Epoch 020 | Train Loss: 0.4574 | Val Loss: 0.4970 | Acc: 0.9862 | Prec: 0.4896 | Rec: 0.4925 | F1: 0.4910 | Hamming: 3.04 | Exact: 0.1224 | Time: 6.58s
Saved new best model at epoch 21 with validation loss 0.494595
Epoch 021 | Train Loss: 0.4486 | Val Loss: 0.4946 | Acc: 0.9862 | Prec: 0.4896 | Rec: 0.4925 | F1: 0.4910 | Hamming: 3.04 | Exact: 0.1224 | Time: 6.57s
Saved new best model at epoch 22 with validation loss 0.492145
Epoch 022 | Train Loss: 0.4469 | Val Loss: 0.4921 | Acc: 0.9860 | Prec: 0.4846 | Rec: 0.4875 | F1: 0.4860 | Hamming: 3.07 | Exact: 0.1164 | Time: 6.61s
Epoch 023 | Train Loss: 0.4435 | Val Loss: 0.4956 | Acc: 0.9861 | Prec: 0.4866 | Rec: 0.4895 | F1: 0.4880 | Hamming: 3.06 | Exact: 0.1164 | Time: 6.59s
Epoch 024 | Train Loss: 0.4322 | Val Loss: 0.5009 | Acc: 0.9861 | Prec: 0.4876 | Rec: 0.4905 | F1: 0.4890 | Hamming: 3.06 | Exact: 0.1164 | Time: 6.60s
Epoch 025 | Train Loss: 0.4303 | Val Loss: 0.5059 | Acc: 0.9861 | Prec: 0.4866 | Rec: 0.4895 | F1: 0.4880 | Hamming: 3.06 | Exact: 0.1194 | Time: 6.58s
Epoch 026 | Train Loss: 0.4252 | Val Loss: 0.5146 | Acc: 0.9860 | Prec: 0.4846 | Rec: 0.4875 | F1: 0.4860 | Hamming: 3.07 | Exact: 0.1254 | Time: 6.64s
Epoch 027 | Train Loss: 0.4238 | Val Loss: 0.5208 | Acc: 0.9860 | Prec: 0.4846 | Rec: 0.4875 | F1: 0.4860 | Hamming: 3.07 | Exact: 0.1284 | Time: 6.60s
Epoch 028 | Train Loss: 0.4190 | Val Loss: 0.5234 | Acc: 0.9861 | Prec: 0.4856 | Rec: 0.4885 | F1: 0.4870 | Hamming: 3.07 | Exact: 0.1254 | Time: 6.59s
Epoch 029 | Train Loss: 0.4072 | Val Loss: 0.5213 | Acc: 0.9860 | Prec: 0.4826 | Rec: 0.4855 | F1: 0.4840 | Hamming: 3.09 | Exact: 0.1254 | Time: 6.57s
Epoch 030 | Train Loss: 0.4006 | Val Loss: 0.5255 | Acc: 0.9860 | Prec: 0.4826 | Rec: 0.4855 | F1: 0.4840 | Hamming: 3.09 | Exact: 0.1254 | Time: 6.58s
Epoch 031 | Train Loss: 0.4007 | Val Loss: 0.5309 | Acc: 0.9859 | Prec: 0.4806 | Rec: 0.4835 | F1: 0.4820 | Hamming: 3.10 | Exact: 0.1284 | Time: 6.63s
Epoch 032 | Train Loss: 0.3981 | Val Loss: 0.5368 | Acc: 0.9859 | Prec: 0.4786 | Rec: 0.4815 | F1: 0.4800 | Hamming: 3.11 | Exact: 0.1313 | Time: 6.57s
Epoch 033 | Train Loss: 0.3923 | Val Loss: 0.5472 | Acc: 0.9859 | Prec: 0.4786 | Rec: 0.4815 | F1: 0.4800 | Hamming: 3.11 | Exact: 0.1284 | Time: 6.53s
Epoch 034 | Train Loss: 0.3858 | Val Loss: 0.5599 | Acc: 0.9859 | Prec: 0.4786 | Rec: 0.4815 | F1: 0.4800 | Hamming: 3.11 | Exact: 0.1313 | Time: 6.53s
Epoch 035 | Train Loss: 0.3785 | Val Loss: 0.5746 | Acc: 0.9859 | Prec: 0.4806 | Rec: 0.4835 | F1: 0.4820 | Hamming: 3.10 | Exact: 0.1343 | Time: 6.56s
Epoch 036 | Train Loss: 0.3737 | Val Loss: 0.5860 | Acc: 0.9860 | Prec: 0.4846 | Rec: 0.4875 | F1: 0.4860 | Hamming: 3.07 | Exact: 0.1343 | Time: 6.55s
Epoch 037 | Train Loss: 0.3742 | Val Loss: 0.5902 | Acc: 0.9859 | Prec: 0.4796 | Rec: 0.4825 | F1: 0.4810 | Hamming: 3.10 | Exact: 0.1343 | Time: 6.53s
Epoch 038 | Train Loss: 0.3659 | Val Loss: 0.5985 | Acc: 0.9859 | Prec: 0.4796 | Rec: 0.4825 | F1: 0.4810 | Hamming: 3.10 | Exact: 0.1343 | Time: 6.52s
Epoch 039 | Train Loss: 0.3611 | Val Loss: 0.6105 | Acc: 0.9858 | Prec: 0.4756 | Rec: 0.4785 | F1: 0.4770 | Hamming: 3.13 | Exact: 0.1343 | Time: 6.51s
Epoch 040 | Train Loss: 0.3544 | Val Loss: 0.6228 | Acc: 0.9857 | Prec: 0.4736 | Rec: 0.4765 | F1: 0.4750 | Hamming: 3.14 | Exact: 0.1373 | Time: 6.56s
Epoch 041 | Train Loss: 0.3564 | Val Loss: 0.6377 | Acc: 0.9857 | Prec: 0.4736 | Rec: 0.4765 | F1: 0.4750 | Hamming: 3.14 | Exact: 0.1403 | Time: 6.55s
Epoch 042 | Train Loss: 0.3450 | Val Loss: 0.6547 | Acc: 0.9857 | Prec: 0.4726 | Rec: 0.4755 | F1: 0.4741 | Hamming: 3.15 | Exact: 0.1373 | Time: 6.55s
Epoch 043 | Train Loss: 0.3389 | Val Loss: 0.6648 | Acc: 0.9858 | Prec: 0.4746 | Rec: 0.4775 | F1: 0.4760 | Hamming: 3.13 | Exact: 0.1343 | Time: 6.54s
Epoch 044 | Train Loss: 0.3383 | Val Loss: 0.6735 | Acc: 0.9858 | Prec: 0.4746 | Rec: 0.4775 | F1: 0.4760 | Hamming: 3.13 | Exact: 0.1373 | Time: 6.54s
Epoch 045 | Train Loss: 0.3336 | Val Loss: 0.6866 | Acc: 0.9857 | Prec: 0.4726 | Rec: 0.4755 | F1: 0.4741 | Hamming: 3.15 | Exact: 0.1373 | Time: 6.60s
Epoch 046 | Train Loss: 0.3283 | Val Loss: 0.7038 | Acc: 0.9857 | Prec: 0.4736 | Rec: 0.4765 | F1: 0.4750 | Hamming: 3.14 | Exact: 0.1373 | Time: 6.58s
Epoch 047 | Train Loss: 0.3178 | Val Loss: 0.7200 | Acc: 0.9857 | Prec: 0.4726 | Rec: 0.4755 | F1: 0.4741 | Hamming: 3.15 | Exact: 0.1373 | Time: 6.57s
Epoch 048 | Train Loss: 0.3165 | Val Loss: 0.7377 | Acc: 0.9857 | Prec: 0.4716 | Rec: 0.4745 | F1: 0.4731 | Hamming: 3.15 | Exact: 0.1373 | Time: 6.58s
Epoch 049 | Train Loss: 0.3171 | Val Loss: 0.7540 | Acc: 0.9856 | Prec: 0.4706 | Rec: 0.4735 | F1: 0.4721 | Hamming: 3.16 | Exact: 0.1373 | Time: 6.59s
Epoch 050 | Train Loss: 0.3200 | Val Loss: 0.7717 | Acc: 0.9856 | Prec: 0.4706 | Rec: 0.4735 | F1: 0.4721 | Hamming: 3.16 | Exact: 0.1343 | Time: 6.55s

Total training time for tropical_v2_shortest_path_v2_repeat9: 329.39 seconds
Average epoch time: 6.59 seconds
Best epoch: 22 | Best validation loss: 0.492145
Best model saved to: saved_models/tropical_v2_shortest_path_v2_repeat9_best_model.pt
Final model saved to: saved_models/tropical_v2_shortest_path_v2_repeat9_final_model.pt
Saved new best model at epoch 1 with validation loss 0.593586
Epoch 001 | Train Loss: 0.8634 | Val Loss: 0.5936 | Acc: 0.9846 | Prec: 0.4308 | Rec: 0.4334 | F1: 0.4321 | Hamming: 3.40 | Exact: 0.0925 | Time: 6.97s
Saved new best model at epoch 2 with validation loss 0.533212
Epoch 002 | Train Loss: 0.5829 | Val Loss: 0.5332 | Acc: 0.9850 | Prec: 0.4458 | Rec: 0.4484 | F1: 0.4471 | Hamming: 3.31 | Exact: 0.0985 | Time: 6.53s
Saved new best model at epoch 3 with validation loss 0.522395
Epoch 003 | Train Loss: 0.5565 | Val Loss: 0.5224 | Acc: 0.9851 | Prec: 0.4498 | Rec: 0.4525 | F1: 0.4511 | Hamming: 3.28 | Exact: 0.1015 | Time: 6.59s
Epoch 004 | Train Loss: 0.5577 | Val Loss: 0.5274 | Acc: 0.9852 | Prec: 0.4557 | Rec: 0.4585 | F1: 0.4571 | Hamming: 3.25 | Exact: 0.1134 | Time: 6.54s
Saved new best model at epoch 5 with validation loss 0.518243
Epoch 005 | Train Loss: 0.5457 | Val Loss: 0.5182 | Acc: 0.9855 | Prec: 0.4647 | Rec: 0.4675 | F1: 0.4661 | Hamming: 3.19 | Exact: 0.1194 | Time: 6.53s
Saved new best model at epoch 6 with validation loss 0.511963
Epoch 006 | Train Loss: 0.5387 | Val Loss: 0.5120 | Acc: 0.9853 | Prec: 0.4567 | Rec: 0.4595 | F1: 0.4581 | Hamming: 3.24 | Exact: 0.1104 | Time: 6.50s
Epoch 007 | Train Loss: 0.5286 | Val Loss: 0.5130 | Acc: 0.9854 | Prec: 0.4597 | Rec: 0.4625 | F1: 0.4611 | Hamming: 3.22 | Exact: 0.1104 | Time: 6.52s
Epoch 008 | Train Loss: 0.5235 | Val Loss: 0.5140 | Acc: 0.9855 | Prec: 0.4657 | Rec: 0.4685 | F1: 0.4671 | Hamming: 3.19 | Exact: 0.1075 | Time: 6.57s
Saved new best model at epoch 9 with validation loss 0.507579
Epoch 009 | Train Loss: 0.5217 | Val Loss: 0.5076 | Acc: 0.9856 | Prec: 0.4706 | Rec: 0.4735 | F1: 0.4721 | Hamming: 3.16 | Exact: 0.1104 | Time: 6.54s
Saved new best model at epoch 10 with validation loss 0.504990
Epoch 010 | Train Loss: 0.5098 | Val Loss: 0.5050 | Acc: 0.9856 | Prec: 0.4687 | Rec: 0.4715 | F1: 0.4701 | Hamming: 3.17 | Exact: 0.1134 | Time: 6.51s
Saved new best model at epoch 11 with validation loss 0.504846
Epoch 011 | Train Loss: 0.5079 | Val Loss: 0.5048 | Acc: 0.9857 | Prec: 0.4726 | Rec: 0.4755 | F1: 0.4741 | Hamming: 3.15 | Exact: 0.1134 | Time: 6.50s
Saved new best model at epoch 12 with validation loss 0.501021
Epoch 012 | Train Loss: 0.5051 | Val Loss: 0.5010 | Acc: 0.9856 | Prec: 0.4687 | Rec: 0.4715 | F1: 0.4701 | Hamming: 3.17 | Exact: 0.1134 | Time: 6.56s
Saved new best model at epoch 13 with validation loss 0.496082
Epoch 013 | Train Loss: 0.4934 | Val Loss: 0.4961 | Acc: 0.9859 | Prec: 0.4796 | Rec: 0.4825 | F1: 0.4810 | Hamming: 3.10 | Exact: 0.1134 | Time: 6.52s
Epoch 014 | Train Loss: 0.4803 | Val Loss: 0.4967 | Acc: 0.9861 | Prec: 0.4876 | Rec: 0.4905 | F1: 0.4890 | Hamming: 3.06 | Exact: 0.1104 | Time: 6.53s
Epoch 015 | Train Loss: 0.4810 | Val Loss: 0.5013 | Acc: 0.9862 | Prec: 0.4925 | Rec: 0.4955 | F1: 0.4940 | Hamming: 3.03 | Exact: 0.1164 | Time: 6.52s
Saved new best model at epoch 16 with validation loss 0.495033
Epoch 016 | Train Loss: 0.4747 | Val Loss: 0.4950 | Acc: 0.9862 | Prec: 0.4896 | Rec: 0.4925 | F1: 0.4910 | Hamming: 3.04 | Exact: 0.1224 | Time: 6.53s
Epoch 017 | Train Loss: 0.4705 | Val Loss: 0.4994 | Acc: 0.9862 | Prec: 0.4896 | Rec: 0.4925 | F1: 0.4910 | Hamming: 3.04 | Exact: 0.1224 | Time: 6.57s
Epoch 018 | Train Loss: 0.4653 | Val Loss: 0.5026 | Acc: 0.9862 | Prec: 0.4915 | Rec: 0.4945 | F1: 0.4930 | Hamming: 3.03 | Exact: 0.1224 | Time: 6.52s
Epoch 019 | Train Loss: 0.4558 | Val Loss: 0.5085 | Acc: 0.9864 | Prec: 0.4965 | Rec: 0.4995 | F1: 0.4980 | Hamming: 3.00 | Exact: 0.1284 | Time: 6.55s
Epoch 020 | Train Loss: 0.4555 | Val Loss: 0.5132 | Acc: 0.9865 | Prec: 0.5005 | Rec: 0.5035 | F1: 0.5020 | Hamming: 2.98 | Exact: 0.1254 | Time: 6.54s
Epoch 021 | Train Loss: 0.4481 | Val Loss: 0.5152 | Acc: 0.9863 | Prec: 0.4955 | Rec: 0.4985 | F1: 0.4970 | Hamming: 3.01 | Exact: 0.1164 | Time: 6.54s
Epoch 022 | Train Loss: 0.4425 | Val Loss: 0.5203 | Acc: 0.9863 | Prec: 0.4935 | Rec: 0.4965 | F1: 0.4950 | Hamming: 3.02 | Exact: 0.1134 | Time: 6.51s
Epoch 023 | Train Loss: 0.4377 | Val Loss: 0.5258 | Acc: 0.9862 | Prec: 0.4925 | Rec: 0.4955 | F1: 0.4940 | Hamming: 3.03 | Exact: 0.1164 | Time: 6.53s
Epoch 024 | Train Loss: 0.4331 | Val Loss: 0.5294 | Acc: 0.9862 | Prec: 0.4915 | Rec: 0.4945 | F1: 0.4930 | Hamming: 3.03 | Exact: 0.1104 | Time: 6.53s
Epoch 025 | Train Loss: 0.4265 | Val Loss: 0.5366 | Acc: 0.9862 | Prec: 0.4915 | Rec: 0.4945 | F1: 0.4930 | Hamming: 3.03 | Exact: 0.1224 | Time: 6.52s
Epoch 026 | Train Loss: 0.4229 | Val Loss: 0.5434 | Acc: 0.9862 | Prec: 0.4915 | Rec: 0.4945 | F1: 0.4930 | Hamming: 3.03 | Exact: 0.1224 | Time: 6.56s
Epoch 027 | Train Loss: 0.4140 | Val Loss: 0.5500 | Acc: 0.9862 | Prec: 0.4925 | Rec: 0.4955 | F1: 0.4940 | Hamming: 3.03 | Exact: 0.1284 | Time: 6.55s
Epoch 028 | Train Loss: 0.4114 | Val Loss: 0.5505 | Acc: 0.9863 | Prec: 0.4935 | Rec: 0.4965 | F1: 0.4950 | Hamming: 3.02 | Exact: 0.1373 | Time: 6.54s
Epoch 029 | Train Loss: 0.4033 | Val Loss: 0.5618 | Acc: 0.9862 | Prec: 0.4915 | Rec: 0.4945 | F1: 0.4930 | Hamming: 3.03 | Exact: 0.1313 | Time: 6.51s
Epoch 030 | Train Loss: 0.3988 | Val Loss: 0.5729 | Acc: 0.9863 | Prec: 0.4935 | Rec: 0.4965 | F1: 0.4950 | Hamming: 3.02 | Exact: 0.1343 | Time: 6.54s
Epoch 031 | Train Loss: 0.4006 | Val Loss: 0.5867 | Acc: 0.9861 | Prec: 0.4866 | Rec: 0.4895 | F1: 0.4880 | Hamming: 3.06 | Exact: 0.1284 | Time: 6.55s
Epoch 032 | Train Loss: 0.3928 | Val Loss: 0.5992 | Acc: 0.9861 | Prec: 0.4876 | Rec: 0.4905 | F1: 0.4890 | Hamming: 3.06 | Exact: 0.1343 | Time: 6.52s
Epoch 033 | Train Loss: 0.3865 | Val Loss: 0.6110 | Acc: 0.9860 | Prec: 0.4826 | Rec: 0.4855 | F1: 0.4840 | Hamming: 3.09 | Exact: 0.1343 | Time: 6.51s
Epoch 034 | Train Loss: 0.3815 | Val Loss: 0.6234 | Acc: 0.9859 | Prec: 0.4786 | Rec: 0.4815 | F1: 0.4800 | Hamming: 3.11 | Exact: 0.1284 | Time: 6.54s
Epoch 035 | Train Loss: 0.3728 | Val Loss: 0.6340 | Acc: 0.9859 | Prec: 0.4806 | Rec: 0.4835 | F1: 0.4820 | Hamming: 3.10 | Exact: 0.1373 | Time: 6.59s
Epoch 036 | Train Loss: 0.3666 | Val Loss: 0.6499 | Acc: 0.9858 | Prec: 0.4756 | Rec: 0.4785 | F1: 0.4770 | Hamming: 3.13 | Exact: 0.1313 | Time: 6.54s
Epoch 037 | Train Loss: 0.3615 | Val Loss: 0.6602 | Acc: 0.9858 | Prec: 0.4766 | Rec: 0.4795 | F1: 0.4780 | Hamming: 3.12 | Exact: 0.1313 | Time: 6.52s
Epoch 038 | Train Loss: 0.3566 | Val Loss: 0.6759 | Acc: 0.9858 | Prec: 0.4746 | Rec: 0.4775 | F1: 0.4760 | Hamming: 3.13 | Exact: 0.1313 | Time: 6.54s
Epoch 039 | Train Loss: 0.3497 | Val Loss: 0.6963 | Acc: 0.9857 | Prec: 0.4716 | Rec: 0.4745 | F1: 0.4731 | Hamming: 3.15 | Exact: 0.1254 | Time: 6.52s
Epoch 040 | Train Loss: 0.3487 | Val Loss: 0.7193 | Acc: 0.9858 | Prec: 0.4746 | Rec: 0.4775 | F1: 0.4760 | Hamming: 3.13 | Exact: 0.1343 | Time: 6.58s
Epoch 041 | Train Loss: 0.3382 | Val Loss: 0.7374 | Acc: 0.9858 | Prec: 0.4746 | Rec: 0.4775 | F1: 0.4760 | Hamming: 3.13 | Exact: 0.1313 | Time: 6.54s
Epoch 042 | Train Loss: 0.3399 | Val Loss: 0.7542 | Acc: 0.9857 | Prec: 0.4726 | Rec: 0.4755 | F1: 0.4741 | Hamming: 3.15 | Exact: 0.1313 | Time: 6.52s
Epoch 043 | Train Loss: 0.3365 | Val Loss: 0.7660 | Acc: 0.9858 | Prec: 0.4756 | Rec: 0.4785 | F1: 0.4770 | Hamming: 3.13 | Exact: 0.1373 | Time: 6.53s
Epoch 044 | Train Loss: 0.3262 | Val Loss: 0.7760 | Acc: 0.9858 | Prec: 0.4746 | Rec: 0.4775 | F1: 0.4760 | Hamming: 3.13 | Exact: 0.1373 | Time: 6.56s
Epoch 045 | Train Loss: 0.3224 | Val Loss: 0.7884 | Acc: 0.9858 | Prec: 0.4756 | Rec: 0.4785 | F1: 0.4770 | Hamming: 3.13 | Exact: 0.1343 | Time: 6.52s
Epoch 046 | Train Loss: 0.3232 | Val Loss: 0.8024 | Acc: 0.9857 | Prec: 0.4726 | Rec: 0.4755 | F1: 0.4741 | Hamming: 3.15 | Exact: 0.1373 | Time: 6.53s
Epoch 047 | Train Loss: 0.3142 | Val Loss: 0.8160 | Acc: 0.9857 | Prec: 0.4716 | Rec: 0.4745 | F1: 0.4731 | Hamming: 3.15 | Exact: 0.1343 | Time: 6.52s
Epoch 048 | Train Loss: 0.3061 | Val Loss: 0.8304 | Acc: 0.9858 | Prec: 0.4766 | Rec: 0.4795 | F1: 0.4780 | Hamming: 3.12 | Exact: 0.1373 | Time: 6.53s
Epoch 049 | Train Loss: 0.3077 | Val Loss: 0.8493 | Acc: 0.9859 | Prec: 0.4796 | Rec: 0.4825 | F1: 0.4810 | Hamming: 3.10 | Exact: 0.1403 | Time: 6.56s
Epoch 050 | Train Loss: 0.3111 | Val Loss: 0.8593 | Acc: 0.9858 | Prec: 0.4776 | Rec: 0.4805 | F1: 0.4790 | Hamming: 3.12 | Exact: 0.1433 | Time: 6.50s

Total training time for tropical_v2_shortest_path_v2_repeat10: 327.32 seconds
Average epoch time: 6.55 seconds
Best epoch: 16 | Best validation loss: 0.495033
Best model saved to: saved_models/tropical_v2_shortest_path_v2_repeat10_best_model.pt
Final model saved to: saved_models/tropical_v2_shortest_path_v2_repeat10_final_model.pt
