Fri Sep  4 07:46:48 2026       
+-----------------------------------------------------------------------------------------+
| NVIDIA-SMI 595.58.03              Driver Version: 595.58.03      CUDA Version: 13.2     |
+-----------------------------------------+------------------------+----------------------+
| GPU  Name                 Persistence-M | Bus-Id          Disp.A | Volatile Uncorr. ECC |
| Fan  Temp   Perf          Pwr:Usage/Cap |           Memory-Usage | GPU-Util  Compute M. |
|                                         |                        |               MIG M. |
|=========================================+========================+======================|
|   0  NVIDIA A40                     On  |   00000000:43:00.0 Off |                    0 |
|  0%   30C    P8             29W /  300W |       0MiB /  46068MiB |      0%      Default |
|                                         |                        |                  N/A |
+-----------------------------------------+------------------------+----------------------+

+-----------------------------------------------------------------------------------------+
| Processes:                                                                              |
|  GPU   GI   CI              PID   Type   Process name                        GPU Memory |
|        ID   ID                                                               Usage      |
|=========================================================================================|
|  No running processes found                                                             |
+-----------------------------------------------------------------------------------------+
Saved new best model at epoch 1 with validation loss 0.601887
Epoch 001 | Train Loss: 0.7989 | Val Loss: 0.6019 | Acc: 0.9831 | Prec: 0.4296 | Rec: 0.4742 | F1: 0.4508 | Hamming: 3.14 | Exact: 0.1044 | Time: 10.21s
Saved new best model at epoch 2 with validation loss 0.575738
Epoch 002 | Train Loss: 0.5483 | Val Loss: 0.5757 | Acc: 0.9832 | Prec: 0.4304 | Rec: 0.4751 | F1: 0.4516 | Hamming: 3.14 | Exact: 0.1156 | Time: 9.75s
Saved new best model at epoch 3 with validation loss 0.571305
Epoch 003 | Train Loss: 0.5378 | Val Loss: 0.5713 | Acc: 0.9830 | Prec: 0.4252 | Rec: 0.4693 | F1: 0.4462 | Hamming: 3.17 | Exact: 0.1044 | Time: 9.71s
Saved new best model at epoch 4 with validation loss 0.568964
Epoch 004 | Train Loss: 0.5325 | Val Loss: 0.5690 | Acc: 0.9832 | Prec: 0.4326 | Rec: 0.4775 | F1: 0.4539 | Hamming: 3.12 | Exact: 0.1200 | Time: 9.70s
Saved new best model at epoch 5 with validation loss 0.554786
Epoch 005 | Train Loss: 0.5217 | Val Loss: 0.5548 | Acc: 0.9832 | Prec: 0.4304 | Rec: 0.4751 | F1: 0.4516 | Hamming: 3.14 | Exact: 0.1156 | Time: 9.71s
Epoch 006 | Train Loss: 0.5146 | Val Loss: 0.5556 | Acc: 0.9834 | Prec: 0.4378 | Rec: 0.4832 | F1: 0.4594 | Hamming: 3.09 | Exact: 0.1089 | Time: 9.72s
Epoch 007 | Train Loss: 0.5007 | Val Loss: 0.5602 | Acc: 0.9834 | Prec: 0.4385 | Rec: 0.4841 | F1: 0.4602 | Hamming: 3.09 | Exact: 0.1111 | Time: 9.81s
Epoch 008 | Train Loss: 0.4956 | Val Loss: 0.5715 | Acc: 0.9836 | Prec: 0.4452 | Rec: 0.4914 | F1: 0.4672 | Hamming: 3.05 | Exact: 0.1067 | Time: 9.86s
Epoch 009 | Train Loss: 0.4937 | Val Loss: 0.5718 | Acc: 0.9838 | Prec: 0.4511 | Rec: 0.4980 | F1: 0.4734 | Hamming: 3.01 | Exact: 0.1156 | Time: 9.85s
Epoch 010 | Train Loss: 0.4880 | Val Loss: 0.5736 | Acc: 0.9837 | Prec: 0.4459 | Rec: 0.4922 | F1: 0.4679 | Hamming: 3.04 | Exact: 0.1178 | Time: 9.79s
Epoch 011 | Train Loss: 0.4785 | Val Loss: 0.5695 | Acc: 0.9838 | Prec: 0.4496 | Rec: 0.4963 | F1: 0.4718 | Hamming: 3.02 | Exact: 0.1200 | Time: 9.76s
Epoch 012 | Train Loss: 0.4763 | Val Loss: 0.5717 | Acc: 0.9840 | Prec: 0.4556 | Rec: 0.5029 | F1: 0.4780 | Hamming: 2.98 | Exact: 0.1267 | Time: 9.91s
Epoch 013 | Train Loss: 0.4751 | Val Loss: 0.5802 | Acc: 0.9839 | Prec: 0.4533 | Rec: 0.5004 | F1: 0.4757 | Hamming: 3.00 | Exact: 0.1244 | Time: 9.70s
Epoch 014 | Train Loss: 0.4710 | Val Loss: 0.5847 | Acc: 0.9839 | Prec: 0.4541 | Rec: 0.5012 | F1: 0.4765 | Hamming: 2.99 | Exact: 0.1267 | Time: 9.92s
Epoch 015 | Train Loss: 0.4648 | Val Loss: 0.5792 | Acc: 0.9841 | Prec: 0.4585 | Rec: 0.5061 | F1: 0.4812 | Hamming: 2.97 | Exact: 0.1400 | Time: 9.78s
Epoch 016 | Train Loss: 0.4648 | Val Loss: 0.5772 | Acc: 0.9842 | Prec: 0.4615 | Rec: 0.5094 | F1: 0.4843 | Hamming: 2.95 | Exact: 0.1400 | Time: 9.69s
Epoch 017 | Train Loss: 0.4592 | Val Loss: 0.5805 | Acc: 0.9842 | Prec: 0.4615 | Rec: 0.5094 | F1: 0.4843 | Hamming: 2.95 | Exact: 0.1356 | Time: 9.76s
Epoch 018 | Train Loss: 0.4519 | Val Loss: 0.5802 | Acc: 0.9842 | Prec: 0.4630 | Rec: 0.5110 | F1: 0.4858 | Hamming: 2.94 | Exact: 0.1378 | Time: 9.68s
Epoch 019 | Train Loss: 0.4522 | Val Loss: 0.5760 | Acc: 0.9842 | Prec: 0.4630 | Rec: 0.5110 | F1: 0.4858 | Hamming: 2.94 | Exact: 0.1422 | Time: 9.78s
Epoch 020 | Train Loss: 0.4458 | Val Loss: 0.5738 | Acc: 0.9843 | Prec: 0.4644 | Rec: 0.5127 | F1: 0.4874 | Hamming: 2.93 | Exact: 0.1444 | Time: 9.79s
Epoch 021 | Train Loss: 0.4400 | Val Loss: 0.5799 | Acc: 0.9843 | Prec: 0.4659 | Rec: 0.5143 | F1: 0.4889 | Hamming: 2.92 | Exact: 0.1489 | Time: 9.82s
Epoch 022 | Train Loss: 0.4402 | Val Loss: 0.5793 | Acc: 0.9843 | Prec: 0.4652 | Rec: 0.5135 | F1: 0.4881 | Hamming: 2.93 | Exact: 0.1444 | Time: 9.79s
Epoch 023 | Train Loss: 0.4309 | Val Loss: 0.5790 | Acc: 0.9844 | Prec: 0.4681 | Rec: 0.5168 | F1: 0.4913 | Hamming: 2.91 | Exact: 0.1444 | Time: 9.74s
Epoch 024 | Train Loss: 0.4265 | Val Loss: 0.5785 | Acc: 0.9843 | Prec: 0.4652 | Rec: 0.5135 | F1: 0.4881 | Hamming: 2.93 | Exact: 0.1444 | Time: 9.75s
Epoch 025 | Train Loss: 0.4213 | Val Loss: 0.5815 | Acc: 0.9843 | Prec: 0.4652 | Rec: 0.5135 | F1: 0.4881 | Hamming: 2.93 | Exact: 0.1467 | Time: 9.73s
Epoch 026 | Train Loss: 0.4202 | Val Loss: 0.5896 | Acc: 0.9843 | Prec: 0.4667 | Rec: 0.5151 | F1: 0.4897 | Hamming: 2.92 | Exact: 0.1444 | Time: 9.75s
Epoch 027 | Train Loss: 0.4128 | Val Loss: 0.5973 | Acc: 0.9844 | Prec: 0.4689 | Rec: 0.5176 | F1: 0.4920 | Hamming: 2.90 | Exact: 0.1422 | Time: 9.78s
Epoch 028 | Train Loss: 0.4087 | Val Loss: 0.6074 | Acc: 0.9844 | Prec: 0.4704 | Rec: 0.5192 | F1: 0.4936 | Hamming: 2.90 | Exact: 0.1422 | Time: 9.73s
Epoch 029 | Train Loss: 0.4036 | Val Loss: 0.6175 | Acc: 0.9844 | Prec: 0.4696 | Rec: 0.5184 | F1: 0.4928 | Hamming: 2.90 | Exact: 0.1400 | Time: 9.75s
Epoch 030 | Train Loss: 0.4041 | Val Loss: 0.6250 | Acc: 0.9845 | Prec: 0.4726 | Rec: 0.5217 | F1: 0.4959 | Hamming: 2.88 | Exact: 0.1400 | Time: 9.76s
Epoch 031 | Train Loss: 0.3974 | Val Loss: 0.6329 | Acc: 0.9846 | Prec: 0.4756 | Rec: 0.5249 | F1: 0.4990 | Hamming: 2.86 | Exact: 0.1467 | Time: 9.75s
Epoch 032 | Train Loss: 0.3954 | Val Loss: 0.6413 | Acc: 0.9847 | Prec: 0.4785 | Rec: 0.5282 | F1: 0.5021 | Hamming: 2.85 | Exact: 0.1489 | Time: 9.75s
Epoch 033 | Train Loss: 0.3879 | Val Loss: 0.6493 | Acc: 0.9847 | Prec: 0.4793 | Rec: 0.5290 | F1: 0.5029 | Hamming: 2.84 | Exact: 0.1556 | Time: 9.76s
Epoch 034 | Train Loss: 0.3788 | Val Loss: 0.6623 | Acc: 0.9848 | Prec: 0.4800 | Rec: 0.5298 | F1: 0.5037 | Hamming: 2.84 | Exact: 0.1578 | Time: 9.73s
Epoch 035 | Train Loss: 0.3856 | Val Loss: 0.6763 | Acc: 0.9848 | Prec: 0.4807 | Rec: 0.5307 | F1: 0.5045 | Hamming: 2.83 | Exact: 0.1556 | Time: 9.70s
Epoch 036 | Train Loss: 0.3764 | Val Loss: 0.6862 | Acc: 0.9847 | Prec: 0.4778 | Rec: 0.5274 | F1: 0.5014 | Hamming: 2.85 | Exact: 0.1556 | Time: 9.83s
Epoch 037 | Train Loss: 0.3758 | Val Loss: 0.6916 | Acc: 0.9848 | Prec: 0.4800 | Rec: 0.5298 | F1: 0.5037 | Hamming: 2.84 | Exact: 0.1533 | Time: 9.88s
Epoch 038 | Train Loss: 0.3712 | Val Loss: 0.7012 | Acc: 0.9847 | Prec: 0.4785 | Rec: 0.5282 | F1: 0.5021 | Hamming: 2.85 | Exact: 0.1511 | Time: 9.87s
Epoch 039 | Train Loss: 0.3640 | Val Loss: 0.7119 | Acc: 0.9847 | Prec: 0.4778 | Rec: 0.5274 | F1: 0.5014 | Hamming: 2.85 | Exact: 0.1489 | Time: 9.74s
Epoch 040 | Train Loss: 0.3582 | Val Loss: 0.7237 | Acc: 0.9848 | Prec: 0.4815 | Rec: 0.5315 | F1: 0.5052 | Hamming: 2.83 | Exact: 0.1533 | Time: 9.62s
Epoch 041 | Train Loss: 0.3592 | Val Loss: 0.7348 | Acc: 0.9847 | Prec: 0.4785 | Rec: 0.5282 | F1: 0.5021 | Hamming: 2.85 | Exact: 0.1511 | Time: 9.77s
Epoch 042 | Train Loss: 0.3498 | Val Loss: 0.7437 | Acc: 0.9847 | Prec: 0.4793 | Rec: 0.5290 | F1: 0.5029 | Hamming: 2.84 | Exact: 0.1489 | Time: 9.86s
Epoch 043 | Train Loss: 0.3500 | Val Loss: 0.7539 | Acc: 0.9846 | Prec: 0.4763 | Rec: 0.5258 | F1: 0.4998 | Hamming: 2.86 | Exact: 0.1467 | Time: 9.77s
Epoch 044 | Train Loss: 0.3425 | Val Loss: 0.7686 | Acc: 0.9847 | Prec: 0.4778 | Rec: 0.5274 | F1: 0.5014 | Hamming: 2.85 | Exact: 0.1511 | Time: 9.64s
Epoch 045 | Train Loss: 0.3400 | Val Loss: 0.7769 | Acc: 0.9846 | Prec: 0.4741 | Rec: 0.5233 | F1: 0.4975 | Hamming: 2.87 | Exact: 0.1489 | Time: 9.70s
Epoch 046 | Train Loss: 0.3323 | Val Loss: 0.7990 | Acc: 0.9846 | Prec: 0.4741 | Rec: 0.5233 | F1: 0.4975 | Hamming: 2.87 | Exact: 0.1489 | Time: 9.74s
Epoch 047 | Train Loss: 0.3323 | Val Loss: 0.8191 | Acc: 0.9846 | Prec: 0.4756 | Rec: 0.5249 | F1: 0.4990 | Hamming: 2.86 | Exact: 0.1444 | Time: 9.73s
Epoch 048 | Train Loss: 0.3305 | Val Loss: 0.8401 | Acc: 0.9845 | Prec: 0.4733 | Rec: 0.5225 | F1: 0.4967 | Hamming: 2.88 | Exact: 0.1444 | Time: 9.74s
Epoch 049 | Train Loss: 0.3278 | Val Loss: 0.8544 | Acc: 0.9845 | Prec: 0.4711 | Rec: 0.5200 | F1: 0.4944 | Hamming: 2.89 | Exact: 0.1422 | Time: 9.67s
Epoch 050 | Train Loss: 0.3236 | Val Loss: 0.8728 | Acc: 0.9846 | Prec: 0.4741 | Rec: 0.5233 | F1: 0.4975 | Hamming: 2.87 | Exact: 0.1422 | Time: 9.83s

Total training time for tropical_shortest_path_onein_final: 488.64 seconds
Average epoch time: 9.77 seconds
Best epoch: 5 | Best validation loss: 0.554786
Best model saved to: saved_models/tropical_shortest_path_onein_final_best_model.pt
Final model saved to: saved_models/tropical_shortest_path_onein_final_final_model.pt
Saved new best model at epoch 1 with validation loss 0.599626
Epoch 001 | Train Loss: 0.7985 | Val Loss: 0.5996 | Acc: 0.9831 | Prec: 0.4274 | Rec: 0.4718 | F1: 0.4485 | Hamming: 3.15 | Exact: 0.1133 | Time: 9.23s
Saved new best model at epoch 2 with validation loss 0.572634
Epoch 002 | Train Loss: 0.5470 | Val Loss: 0.5726 | Acc: 0.9832 | Prec: 0.4333 | Rec: 0.4783 | F1: 0.4547 | Hamming: 3.12 | Exact: 0.1156 | Time: 8.85s
Saved new best model at epoch 3 with validation loss 0.571061
Epoch 003 | Train Loss: 0.5360 | Val Loss: 0.5711 | Acc: 0.9830 | Prec: 0.4244 | Rec: 0.4685 | F1: 0.4454 | Hamming: 3.17 | Exact: 0.1133 | Time: 8.77s
Saved new best model at epoch 4 with validation loss 0.554167
Epoch 004 | Train Loss: 0.5264 | Val Loss: 0.5542 | Acc: 0.9835 | Prec: 0.4400 | Rec: 0.4857 | F1: 0.4617 | Hamming: 3.08 | Exact: 0.1178 | Time: 8.84s
Saved new best model at epoch 5 with validation loss 0.549199
Epoch 005 | Train Loss: 0.5210 | Val Loss: 0.5492 | Acc: 0.9836 | Prec: 0.4444 | Rec: 0.4906 | F1: 0.4664 | Hamming: 3.05 | Exact: 0.1178 | Time: 8.82s
Saved new best model at epoch 6 with validation loss 0.541257
Epoch 006 | Train Loss: 0.5121 | Val Loss: 0.5413 | Acc: 0.9837 | Prec: 0.4467 | Rec: 0.4930 | F1: 0.4687 | Hamming: 3.04 | Exact: 0.1222 | Time: 8.97s
Epoch 007 | Train Loss: 0.5045 | Val Loss: 0.5497 | Acc: 0.9839 | Prec: 0.4548 | Rec: 0.5020 | F1: 0.4773 | Hamming: 2.99 | Exact: 0.1333 | Time: 8.95s
Epoch 008 | Train Loss: 0.4969 | Val Loss: 0.5584 | Acc: 0.9839 | Prec: 0.4533 | Rec: 0.5004 | F1: 0.4757 | Hamming: 3.00 | Exact: 0.1311 | Time: 8.92s
Epoch 009 | Train Loss: 0.4919 | Val Loss: 0.5622 | Acc: 0.9842 | Prec: 0.4637 | Rec: 0.5119 | F1: 0.4866 | Hamming: 2.94 | Exact: 0.1400 | Time: 8.99s
Epoch 010 | Train Loss: 0.4879 | Val Loss: 0.5631 | Acc: 0.9842 | Prec: 0.4637 | Rec: 0.5119 | F1: 0.4866 | Hamming: 2.94 | Exact: 0.1378 | Time: 8.99s
Epoch 011 | Train Loss: 0.4776 | Val Loss: 0.5604 | Acc: 0.9844 | Prec: 0.4704 | Rec: 0.5192 | F1: 0.4936 | Hamming: 2.90 | Exact: 0.1356 | Time: 8.98s
Epoch 012 | Train Loss: 0.4768 | Val Loss: 0.5605 | Acc: 0.9842 | Prec: 0.4637 | Rec: 0.5119 | F1: 0.4866 | Hamming: 2.94 | Exact: 0.1333 | Time: 8.98s
Epoch 013 | Train Loss: 0.4729 | Val Loss: 0.5674 | Acc: 0.9843 | Prec: 0.4659 | Rec: 0.5143 | F1: 0.4889 | Hamming: 2.92 | Exact: 0.1422 | Time: 8.93s
Epoch 014 | Train Loss: 0.4703 | Val Loss: 0.5663 | Acc: 0.9845 | Prec: 0.4726 | Rec: 0.5217 | F1: 0.4959 | Hamming: 2.88 | Exact: 0.1511 | Time: 9.03s
Epoch 015 | Train Loss: 0.4668 | Val Loss: 0.5628 | Acc: 0.9843 | Prec: 0.4667 | Rec: 0.5151 | F1: 0.4897 | Hamming: 2.92 | Exact: 0.1400 | Time: 8.92s
Epoch 016 | Train Loss: 0.4646 | Val Loss: 0.5682 | Acc: 0.9843 | Prec: 0.4674 | Rec: 0.5159 | F1: 0.4905 | Hamming: 2.91 | Exact: 0.1400 | Time: 8.83s
Epoch 017 | Train Loss: 0.4603 | Val Loss: 0.5738 | Acc: 0.9845 | Prec: 0.4733 | Rec: 0.5225 | F1: 0.4967 | Hamming: 2.88 | Exact: 0.1467 | Time: 8.84s
Epoch 018 | Train Loss: 0.4534 | Val Loss: 0.5748 | Acc: 0.9845 | Prec: 0.4733 | Rec: 0.5225 | F1: 0.4967 | Hamming: 2.88 | Exact: 0.1467 | Time: 8.83s
Epoch 019 | Train Loss: 0.4527 | Val Loss: 0.5791 | Acc: 0.9845 | Prec: 0.4719 | Rec: 0.5209 | F1: 0.4951 | Hamming: 2.89 | Exact: 0.1467 | Time: 8.87s
Epoch 020 | Train Loss: 0.4424 | Val Loss: 0.5804 | Acc: 0.9846 | Prec: 0.4741 | Rec: 0.5233 | F1: 0.4975 | Hamming: 2.87 | Exact: 0.1511 | Time: 8.82s
Epoch 021 | Train Loss: 0.4403 | Val Loss: 0.5803 | Acc: 0.9846 | Prec: 0.4748 | Rec: 0.5241 | F1: 0.4983 | Hamming: 2.87 | Exact: 0.1467 | Time: 8.86s
Epoch 022 | Train Loss: 0.4349 | Val Loss: 0.5846 | Acc: 0.9845 | Prec: 0.4733 | Rec: 0.5225 | F1: 0.4967 | Hamming: 2.88 | Exact: 0.1444 | Time: 8.84s
Epoch 023 | Train Loss: 0.4301 | Val Loss: 0.5872 | Acc: 0.9845 | Prec: 0.4719 | Rec: 0.5209 | F1: 0.4951 | Hamming: 2.89 | Exact: 0.1511 | Time: 8.82s
Epoch 024 | Train Loss: 0.4280 | Val Loss: 0.5926 | Acc: 0.9845 | Prec: 0.4719 | Rec: 0.5209 | F1: 0.4951 | Hamming: 2.89 | Exact: 0.1378 | Time: 8.84s
Epoch 025 | Train Loss: 0.4173 | Val Loss: 0.5984 | Acc: 0.9844 | Prec: 0.4689 | Rec: 0.5176 | F1: 0.4920 | Hamming: 2.90 | Exact: 0.1356 | Time: 8.87s
Epoch 026 | Train Loss: 0.4223 | Val Loss: 0.6087 | Acc: 0.9844 | Prec: 0.4704 | Rec: 0.5192 | F1: 0.4936 | Hamming: 2.90 | Exact: 0.1378 | Time: 8.92s
Epoch 027 | Train Loss: 0.4165 | Val Loss: 0.6199 | Acc: 0.9845 | Prec: 0.4726 | Rec: 0.5217 | F1: 0.4959 | Hamming: 2.88 | Exact: 0.1333 | Time: 8.89s
Epoch 028 | Train Loss: 0.4134 | Val Loss: 0.6272 | Acc: 0.9846 | Prec: 0.4741 | Rec: 0.5233 | F1: 0.4975 | Hamming: 2.87 | Exact: 0.1333 | Time: 8.87s
Epoch 029 | Train Loss: 0.4099 | Val Loss: 0.6359 | Acc: 0.9846 | Prec: 0.4741 | Rec: 0.5233 | F1: 0.4975 | Hamming: 2.87 | Exact: 0.1356 | Time: 8.89s
Epoch 030 | Train Loss: 0.4028 | Val Loss: 0.6442 | Acc: 0.9846 | Prec: 0.4756 | Rec: 0.5249 | F1: 0.4990 | Hamming: 2.86 | Exact: 0.1400 | Time: 8.86s
Epoch 031 | Train Loss: 0.4001 | Val Loss: 0.6511 | Acc: 0.9845 | Prec: 0.4733 | Rec: 0.5225 | F1: 0.4967 | Hamming: 2.88 | Exact: 0.1378 | Time: 8.85s
Epoch 032 | Train Loss: 0.3979 | Val Loss: 0.6651 | Acc: 0.9845 | Prec: 0.4726 | Rec: 0.5217 | F1: 0.4959 | Hamming: 2.88 | Exact: 0.1422 | Time: 8.81s
Epoch 033 | Train Loss: 0.3953 | Val Loss: 0.6762 | Acc: 0.9846 | Prec: 0.4741 | Rec: 0.5233 | F1: 0.4975 | Hamming: 2.87 | Exact: 0.1400 | Time: 8.85s
Epoch 034 | Train Loss: 0.3850 | Val Loss: 0.6865 | Acc: 0.9845 | Prec: 0.4726 | Rec: 0.5217 | F1: 0.4959 | Hamming: 2.88 | Exact: 0.1356 | Time: 8.78s
Epoch 035 | Train Loss: 0.3830 | Val Loss: 0.6984 | Acc: 0.9846 | Prec: 0.4748 | Rec: 0.5241 | F1: 0.4983 | Hamming: 2.87 | Exact: 0.1378 | Time: 8.76s
Epoch 036 | Train Loss: 0.3833 | Val Loss: 0.7109 | Acc: 0.9846 | Prec: 0.4748 | Rec: 0.5241 | F1: 0.4983 | Hamming: 2.87 | Exact: 0.1400 | Time: 8.81s
Epoch 037 | Train Loss: 0.3783 | Val Loss: 0.7195 | Acc: 0.9846 | Prec: 0.4756 | Rec: 0.5249 | F1: 0.4990 | Hamming: 2.86 | Exact: 0.1422 | Time: 8.81s
Epoch 038 | Train Loss: 0.3715 | Val Loss: 0.7353 | Acc: 0.9847 | Prec: 0.4770 | Rec: 0.5266 | F1: 0.5006 | Hamming: 2.86 | Exact: 0.1422 | Time: 8.82s
Epoch 039 | Train Loss: 0.3707 | Val Loss: 0.7449 | Acc: 0.9846 | Prec: 0.4748 | Rec: 0.5241 | F1: 0.4983 | Hamming: 2.87 | Exact: 0.1444 | Time: 8.77s
Epoch 040 | Train Loss: 0.3637 | Val Loss: 0.7600 | Acc: 0.9848 | Prec: 0.4815 | Rec: 0.5315 | F1: 0.5052 | Hamming: 2.83 | Exact: 0.1444 | Time: 8.78s
Epoch 041 | Train Loss: 0.3657 | Val Loss: 0.7780 | Acc: 0.9848 | Prec: 0.4830 | Rec: 0.5331 | F1: 0.5068 | Hamming: 2.82 | Exact: 0.1444 | Time: 8.80s
Epoch 042 | Train Loss: 0.3621 | Val Loss: 0.7909 | Acc: 0.9849 | Prec: 0.4852 | Rec: 0.5356 | F1: 0.5091 | Hamming: 2.81 | Exact: 0.1422 | Time: 8.82s
Epoch 043 | Train Loss: 0.3549 | Val Loss: 0.8040 | Acc: 0.9848 | Prec: 0.4830 | Rec: 0.5331 | F1: 0.5068 | Hamming: 2.82 | Exact: 0.1422 | Time: 8.66s
Epoch 044 | Train Loss: 0.3504 | Val Loss: 0.8096 | Acc: 0.9849 | Prec: 0.4844 | Rec: 0.5348 | F1: 0.5084 | Hamming: 2.81 | Exact: 0.1467 | Time: 8.78s
Epoch 045 | Train Loss: 0.3473 | Val Loss: 0.8237 | Acc: 0.9848 | Prec: 0.4800 | Rec: 0.5298 | F1: 0.5037 | Hamming: 2.84 | Exact: 0.1444 | Time: 8.82s
Epoch 046 | Train Loss: 0.3472 | Val Loss: 0.8366 | Acc: 0.9847 | Prec: 0.4785 | Rec: 0.5282 | F1: 0.5021 | Hamming: 2.85 | Exact: 0.1444 | Time: 8.81s
Epoch 047 | Train Loss: 0.3397 | Val Loss: 0.8475 | Acc: 0.9848 | Prec: 0.4807 | Rec: 0.5307 | F1: 0.5045 | Hamming: 2.83 | Exact: 0.1422 | Time: 8.82s
Epoch 048 | Train Loss: 0.3350 | Val Loss: 0.8545 | Acc: 0.9849 | Prec: 0.4837 | Rec: 0.5339 | F1: 0.5076 | Hamming: 2.82 | Exact: 0.1422 | Time: 8.82s
Epoch 049 | Train Loss: 0.3303 | Val Loss: 0.8688 | Acc: 0.9848 | Prec: 0.4830 | Rec: 0.5331 | F1: 0.5068 | Hamming: 2.82 | Exact: 0.1467 | Time: 8.76s
Epoch 050 | Train Loss: 0.3346 | Val Loss: 0.8914 | Acc: 0.9850 | Prec: 0.4889 | Rec: 0.5397 | F1: 0.5130 | Hamming: 2.78 | Exact: 0.1467 | Time: 8.84s

Total training time for tropical_v2_shortest_path_onein_final: 443.10 seconds
Average epoch time: 8.86 seconds
Best epoch: 6 | Best validation loss: 0.541257
Best model saved to: saved_models/tropical_v2_shortest_path_onein_final_best_model.pt
Final model saved to: saved_models/tropical_v2_shortest_path_onein_final_final_model.pt
Saved new best model at epoch 1 with validation loss 0.743643
Epoch 001 | Train Loss: 0.8066 | Val Loss: 0.7436 | Acc: 0.9817 | Prec: 0.3867 | Rec: 0.4268 | F1: 0.4058 | Hamming: 3.40 | Exact: 0.1089 | Time: 5.66s
Saved new best model at epoch 2 with validation loss 0.732471
Epoch 002 | Train Loss: 0.6840 | Val Loss: 0.7325 | Acc: 0.9812 | Prec: 0.3689 | Rec: 0.4072 | F1: 0.3871 | Hamming: 3.50 | Exact: 0.0867 | Time: 5.41s
Saved new best model at epoch 3 with validation loss 0.731339
Epoch 003 | Train Loss: 0.6754 | Val Loss: 0.7313 | Acc: 0.9815 | Prec: 0.3785 | Rec: 0.4178 | F1: 0.3972 | Hamming: 3.45 | Exact: 0.0911 | Time: 5.73s
Saved new best model at epoch 4 with validation loss 0.722769
Epoch 004 | Train Loss: 0.6697 | Val Loss: 0.7228 | Acc: 0.9815 | Prec: 0.3778 | Rec: 0.4170 | F1: 0.3964 | Hamming: 3.45 | Exact: 0.0867 | Time: 5.74s
Saved new best model at epoch 5 with validation loss 0.721049
Epoch 005 | Train Loss: 0.6610 | Val Loss: 0.7210 | Acc: 0.9814 | Prec: 0.3770 | Rec: 0.4162 | F1: 0.3956 | Hamming: 3.46 | Exact: 0.0889 | Time: 5.64s
Epoch 006 | Train Loss: 0.6492 | Val Loss: 0.7281 | Acc: 0.9817 | Prec: 0.3852 | Rec: 0.4252 | F1: 0.4042 | Hamming: 3.41 | Exact: 0.0956 | Time: 5.56s
Epoch 007 | Train Loss: 0.6397 | Val Loss: 0.7399 | Acc: 0.9817 | Prec: 0.3867 | Rec: 0.4268 | F1: 0.4058 | Hamming: 3.40 | Exact: 0.0978 | Time: 5.55s
Epoch 008 | Train Loss: 0.6345 | Val Loss: 0.7397 | Acc: 0.9817 | Prec: 0.3844 | Rec: 0.4244 | F1: 0.4034 | Hamming: 3.41 | Exact: 0.0978 | Time: 5.57s
Epoch 009 | Train Loss: 0.6239 | Val Loss: 0.7333 | Acc: 0.9821 | Prec: 0.3978 | Rec: 0.4391 | F1: 0.4174 | Hamming: 3.33 | Exact: 0.1022 | Time: 5.74s
Epoch 010 | Train Loss: 0.6146 | Val Loss: 0.7385 | Acc: 0.9821 | Prec: 0.3993 | Rec: 0.4407 | F1: 0.4190 | Hamming: 3.32 | Exact: 0.1022 | Time: 5.74s
Epoch 011 | Train Loss: 0.6073 | Val Loss: 0.7498 | Acc: 0.9823 | Prec: 0.4044 | Rec: 0.4464 | F1: 0.4244 | Hamming: 3.29 | Exact: 0.1022 | Time: 5.51s
Epoch 012 | Train Loss: 0.5962 | Val Loss: 0.7531 | Acc: 0.9825 | Prec: 0.4111 | Rec: 0.4538 | F1: 0.4314 | Hamming: 3.25 | Exact: 0.1044 | Time: 5.76s
Epoch 013 | Train Loss: 0.5947 | Val Loss: 0.7600 | Acc: 0.9826 | Prec: 0.4119 | Rec: 0.4546 | F1: 0.4322 | Hamming: 3.25 | Exact: 0.1000 | Time: 5.70s
Epoch 014 | Train Loss: 0.5847 | Val Loss: 0.7664 | Acc: 0.9827 | Prec: 0.4156 | Rec: 0.4587 | F1: 0.4361 | Hamming: 3.22 | Exact: 0.1067 | Time: 5.69s
Epoch 015 | Train Loss: 0.5756 | Val Loss: 0.7708 | Acc: 0.9826 | Prec: 0.4133 | Rec: 0.4563 | F1: 0.4337 | Hamming: 3.24 | Exact: 0.1067 | Time: 5.60s
Epoch 016 | Train Loss: 0.5753 | Val Loss: 0.7712 | Acc: 0.9824 | Prec: 0.4081 | Rec: 0.4505 | F1: 0.4283 | Hamming: 3.27 | Exact: 0.1044 | Time: 5.69s
Epoch 017 | Train Loss: 0.5636 | Val Loss: 0.7845 | Acc: 0.9827 | Prec: 0.4170 | Rec: 0.4603 | F1: 0.4376 | Hamming: 3.22 | Exact: 0.1067 | Time: 5.67s
Epoch 018 | Train Loss: 0.5531 | Val Loss: 0.7944 | Acc: 0.9828 | Prec: 0.4185 | Rec: 0.4620 | F1: 0.4392 | Hamming: 3.21 | Exact: 0.1111 | Time: 5.69s
Epoch 019 | Train Loss: 0.5508 | Val Loss: 0.8105 | Acc: 0.9828 | Prec: 0.4185 | Rec: 0.4620 | F1: 0.4392 | Hamming: 3.21 | Exact: 0.1111 | Time: 5.73s
Epoch 020 | Train Loss: 0.5436 | Val Loss: 0.8248 | Acc: 0.9827 | Prec: 0.4178 | Rec: 0.4612 | F1: 0.4384 | Hamming: 3.21 | Exact: 0.1156 | Time: 5.81s
Epoch 021 | Train Loss: 0.5435 | Val Loss: 0.8350 | Acc: 0.9827 | Prec: 0.4178 | Rec: 0.4612 | F1: 0.4384 | Hamming: 3.21 | Exact: 0.1156 | Time: 5.74s
Epoch 022 | Train Loss: 0.5290 | Val Loss: 0.8517 | Acc: 0.9827 | Prec: 0.4156 | Rec: 0.4587 | F1: 0.4361 | Hamming: 3.22 | Exact: 0.1133 | Time: 5.61s
Epoch 023 | Train Loss: 0.5296 | Val Loss: 0.8726 | Acc: 0.9827 | Prec: 0.4163 | Rec: 0.4595 | F1: 0.4368 | Hamming: 3.22 | Exact: 0.1178 | Time: 5.72s
Epoch 024 | Train Loss: 0.5250 | Val Loss: 0.8892 | Acc: 0.9828 | Prec: 0.4193 | Rec: 0.4628 | F1: 0.4400 | Hamming: 3.20 | Exact: 0.1222 | Time: 5.69s
Epoch 025 | Train Loss: 0.5181 | Val Loss: 0.8964 | Acc: 0.9826 | Prec: 0.4141 | Rec: 0.4571 | F1: 0.4345 | Hamming: 3.23 | Exact: 0.1200 | Time: 5.60s
Epoch 026 | Train Loss: 0.5131 | Val Loss: 0.9073 | Acc: 0.9826 | Prec: 0.4141 | Rec: 0.4571 | F1: 0.4345 | Hamming: 3.23 | Exact: 0.1222 | Time: 5.67s
Epoch 027 | Train Loss: 0.5052 | Val Loss: 0.9168 | Acc: 0.9827 | Prec: 0.4163 | Rec: 0.4595 | F1: 0.4368 | Hamming: 3.22 | Exact: 0.1156 | Time: 5.69s
Epoch 028 | Train Loss: 0.5042 | Val Loss: 0.9255 | Acc: 0.9827 | Prec: 0.4163 | Rec: 0.4595 | F1: 0.4368 | Hamming: 3.22 | Exact: 0.1133 | Time: 5.77s
Epoch 029 | Train Loss: 0.4932 | Val Loss: 0.9371 | Acc: 0.9826 | Prec: 0.4126 | Rec: 0.4554 | F1: 0.4330 | Hamming: 3.24 | Exact: 0.1133 | Time: 5.69s
Epoch 030 | Train Loss: 0.4885 | Val Loss: 0.9546 | Acc: 0.9826 | Prec: 0.4126 | Rec: 0.4554 | F1: 0.4330 | Hamming: 3.24 | Exact: 0.1156 | Time: 5.60s
Epoch 031 | Train Loss: 0.4880 | Val Loss: 0.9710 | Acc: 0.9826 | Prec: 0.4141 | Rec: 0.4571 | F1: 0.4345 | Hamming: 3.23 | Exact: 0.1178 | Time: 5.58s
Epoch 032 | Train Loss: 0.4743 | Val Loss: 0.9931 | Acc: 0.9826 | Prec: 0.4133 | Rec: 0.4563 | F1: 0.4337 | Hamming: 3.24 | Exact: 0.1156 | Time: 5.63s
Epoch 033 | Train Loss: 0.4805 | Val Loss: 1.0101 | Acc: 0.9825 | Prec: 0.4111 | Rec: 0.4538 | F1: 0.4314 | Hamming: 3.25 | Exact: 0.1133 | Time: 5.59s
Epoch 034 | Train Loss: 0.4637 | Val Loss: 1.0287 | Acc: 0.9825 | Prec: 0.4111 | Rec: 0.4538 | F1: 0.4314 | Hamming: 3.25 | Exact: 0.1156 | Time: 5.68s
Epoch 035 | Train Loss: 0.4627 | Val Loss: 1.0441 | Acc: 0.9826 | Prec: 0.4126 | Rec: 0.4554 | F1: 0.4330 | Hamming: 3.24 | Exact: 0.1156 | Time: 5.62s
Epoch 036 | Train Loss: 0.4592 | Val Loss: 1.0584 | Acc: 0.9826 | Prec: 0.4126 | Rec: 0.4554 | F1: 0.4330 | Hamming: 3.24 | Exact: 0.1156 | Time: 5.61s
Epoch 037 | Train Loss: 0.4594 | Val Loss: 1.0708 | Acc: 0.9825 | Prec: 0.4089 | Rec: 0.4513 | F1: 0.4291 | Hamming: 3.26 | Exact: 0.1133 | Time: 5.64s
Epoch 038 | Train Loss: 0.4484 | Val Loss: 1.0814 | Acc: 0.9825 | Prec: 0.4096 | Rec: 0.4522 | F1: 0.4298 | Hamming: 3.26 | Exact: 0.1133 | Time: 5.76s
Epoch 039 | Train Loss: 0.4445 | Val Loss: 1.0924 | Acc: 0.9824 | Prec: 0.4081 | Rec: 0.4505 | F1: 0.4283 | Hamming: 3.27 | Exact: 0.1133 | Time: 5.58s
Epoch 040 | Train Loss: 0.4360 | Val Loss: 1.1053 | Acc: 0.9825 | Prec: 0.4089 | Rec: 0.4513 | F1: 0.4291 | Hamming: 3.26 | Exact: 0.1111 | Time: 5.30s
Epoch 041 | Train Loss: 0.4363 | Val Loss: 1.1151 | Acc: 0.9825 | Prec: 0.4096 | Rec: 0.4522 | F1: 0.4298 | Hamming: 3.26 | Exact: 0.1111 | Time: 5.55s
Epoch 042 | Train Loss: 0.4271 | Val Loss: 1.1272 | Acc: 0.9824 | Prec: 0.4074 | Rec: 0.4497 | F1: 0.4275 | Hamming: 3.27 | Exact: 0.1067 | Time: 5.67s
Epoch 043 | Train Loss: 0.4219 | Val Loss: 1.1461 | Acc: 0.9824 | Prec: 0.4059 | Rec: 0.4481 | F1: 0.4260 | Hamming: 3.28 | Exact: 0.1067 | Time: 5.69s
Epoch 044 | Train Loss: 0.4237 | Val Loss: 1.1665 | Acc: 0.9824 | Prec: 0.4059 | Rec: 0.4481 | F1: 0.4260 | Hamming: 3.28 | Exact: 0.1044 | Time: 5.65s
Epoch 045 | Train Loss: 0.4159 | Val Loss: 1.1855 | Acc: 0.9823 | Prec: 0.4044 | Rec: 0.4464 | F1: 0.4244 | Hamming: 3.29 | Exact: 0.1067 | Time: 5.66s
Epoch 046 | Train Loss: 0.4118 | Val Loss: 1.2114 | Acc: 0.9823 | Prec: 0.4037 | Rec: 0.4456 | F1: 0.4236 | Hamming: 3.30 | Exact: 0.1044 | Time: 5.69s
Epoch 047 | Train Loss: 0.4096 | Val Loss: 1.2340 | Acc: 0.9824 | Prec: 0.4059 | Rec: 0.4481 | F1: 0.4260 | Hamming: 3.28 | Exact: 0.1067 | Time: 5.71s
Epoch 048 | Train Loss: 0.4065 | Val Loss: 1.2602 | Acc: 0.9824 | Prec: 0.4067 | Rec: 0.4489 | F1: 0.4267 | Hamming: 3.28 | Exact: 0.1067 | Time: 5.77s
Epoch 049 | Train Loss: 0.4008 | Val Loss: 1.2822 | Acc: 0.9824 | Prec: 0.4067 | Rec: 0.4489 | F1: 0.4267 | Hamming: 3.28 | Exact: 0.1044 | Time: 5.59s
Epoch 050 | Train Loss: 0.4065 | Val Loss: 1.2995 | Acc: 0.9823 | Prec: 0.4052 | Rec: 0.4473 | F1: 0.4252 | Hamming: 3.29 | Exact: 0.1044 | Time: 5.63s

Total training time for transformer_shortest_path_onein_final: 282.61 seconds
Average epoch time: 5.65 seconds
Best epoch: 5 | Best validation loss: 0.721049
Best model saved to: saved_models/transformer_shortest_path_onein_final_best_model.pt
Final model saved to: saved_models/transformer_shortest_path_onein_final_final_model.pt
Saved new best model at epoch 1 with validation loss 0.745114
Epoch 001 | Train Loss: 0.8139 | Val Loss: 0.7451 | Acc: 0.9816 | Prec: 0.3837 | Rec: 0.4235 | F1: 0.4026 | Hamming: 3.42 | Exact: 0.1000 | Time: 6.28s
Saved new best model at epoch 2 with validation loss 0.734024
Epoch 002 | Train Loss: 0.6796 | Val Loss: 0.7340 | Acc: 0.9819 | Prec: 0.3904 | Rec: 0.4309 | F1: 0.4096 | Hamming: 3.38 | Exact: 0.0978 | Time: 5.86s
Saved new best model at epoch 3 with validation loss 0.725298
Epoch 003 | Train Loss: 0.6723 | Val Loss: 0.7253 | Acc: 0.9817 | Prec: 0.3844 | Rec: 0.4244 | F1: 0.4034 | Hamming: 3.41 | Exact: 0.0933 | Time: 5.79s
Saved new best model at epoch 4 with validation loss 0.711558
Epoch 004 | Train Loss: 0.6550 | Val Loss: 0.7116 | Acc: 0.9816 | Prec: 0.3837 | Rec: 0.4235 | F1: 0.4026 | Hamming: 3.42 | Exact: 0.0956 | Time: 5.79s
Saved new best model at epoch 5 with validation loss 0.696547
Epoch 005 | Train Loss: 0.6319 | Val Loss: 0.6965 | Acc: 0.9824 | Prec: 0.4067 | Rec: 0.4489 | F1: 0.4267 | Hamming: 3.28 | Exact: 0.1067 | Time: 5.64s
Saved new best model at epoch 6 with validation loss 0.686390
Epoch 006 | Train Loss: 0.6050 | Val Loss: 0.6864 | Acc: 0.9832 | Prec: 0.4333 | Rec: 0.4783 | F1: 0.4547 | Hamming: 3.12 | Exact: 0.1222 | Time: 5.81s
Saved new best model at epoch 7 with validation loss 0.669826
Epoch 007 | Train Loss: 0.5864 | Val Loss: 0.6698 | Acc: 0.9834 | Prec: 0.4385 | Rec: 0.4841 | F1: 0.4602 | Hamming: 3.09 | Exact: 0.1222 | Time: 5.81s
Saved new best model at epoch 8 with validation loss 0.662845
Epoch 008 | Train Loss: 0.5739 | Val Loss: 0.6628 | Acc: 0.9836 | Prec: 0.4444 | Rec: 0.4906 | F1: 0.4664 | Hamming: 3.05 | Exact: 0.1356 | Time: 5.67s
Saved new best model at epoch 9 with validation loss 0.658663
Epoch 009 | Train Loss: 0.5657 | Val Loss: 0.6587 | Acc: 0.9837 | Prec: 0.4467 | Rec: 0.4930 | F1: 0.4687 | Hamming: 3.04 | Exact: 0.1333 | Time: 5.75s
Epoch 010 | Train Loss: 0.5548 | Val Loss: 0.6593 | Acc: 0.9837 | Prec: 0.4474 | Rec: 0.4939 | F1: 0.4695 | Hamming: 3.03 | Exact: 0.1356 | Time: 5.80s
Epoch 011 | Train Loss: 0.5470 | Val Loss: 0.6611 | Acc: 0.9837 | Prec: 0.4459 | Rec: 0.4922 | F1: 0.4679 | Hamming: 3.04 | Exact: 0.1267 | Time: 5.73s
Epoch 012 | Train Loss: 0.5408 | Val Loss: 0.6591 | Acc: 0.9837 | Prec: 0.4489 | Rec: 0.4955 | F1: 0.4710 | Hamming: 3.02 | Exact: 0.1333 | Time: 5.85s
Epoch 013 | Train Loss: 0.5344 | Val Loss: 0.6631 | Acc: 0.9838 | Prec: 0.4519 | Rec: 0.4988 | F1: 0.4742 | Hamming: 3.01 | Exact: 0.1378 | Time: 5.74s
Epoch 014 | Train Loss: 0.5227 | Val Loss: 0.6681 | Acc: 0.9838 | Prec: 0.4511 | Rec: 0.4980 | F1: 0.4734 | Hamming: 3.01 | Exact: 0.1400 | Time: 5.64s
Epoch 015 | Train Loss: 0.5189 | Val Loss: 0.6768 | Acc: 0.9838 | Prec: 0.4504 | Rec: 0.4971 | F1: 0.4726 | Hamming: 3.02 | Exact: 0.1311 | Time: 5.81s
Epoch 016 | Train Loss: 0.5112 | Val Loss: 0.6861 | Acc: 0.9838 | Prec: 0.4511 | Rec: 0.4980 | F1: 0.4734 | Hamming: 3.01 | Exact: 0.1333 | Time: 5.72s
Epoch 017 | Train Loss: 0.5027 | Val Loss: 0.6935 | Acc: 0.9838 | Prec: 0.4511 | Rec: 0.4980 | F1: 0.4734 | Hamming: 3.01 | Exact: 0.1311 | Time: 5.82s
Epoch 018 | Train Loss: 0.4959 | Val Loss: 0.6982 | Acc: 0.9838 | Prec: 0.4496 | Rec: 0.4963 | F1: 0.4718 | Hamming: 3.02 | Exact: 0.1333 | Time: 5.77s
Epoch 019 | Train Loss: 0.4872 | Val Loss: 0.7081 | Acc: 0.9838 | Prec: 0.4511 | Rec: 0.4980 | F1: 0.4734 | Hamming: 3.01 | Exact: 0.1378 | Time: 5.89s
Epoch 020 | Train Loss: 0.4813 | Val Loss: 0.7161 | Acc: 0.9837 | Prec: 0.4489 | Rec: 0.4955 | F1: 0.4710 | Hamming: 3.02 | Exact: 0.1356 | Time: 5.80s
Epoch 021 | Train Loss: 0.4748 | Val Loss: 0.7336 | Acc: 0.9837 | Prec: 0.4481 | Rec: 0.4947 | F1: 0.4703 | Hamming: 3.03 | Exact: 0.1311 | Time: 5.73s
Epoch 022 | Train Loss: 0.4671 | Val Loss: 0.7477 | Acc: 0.9837 | Prec: 0.4474 | Rec: 0.4939 | F1: 0.4695 | Hamming: 3.03 | Exact: 0.1333 | Time: 5.83s
Epoch 023 | Train Loss: 0.4663 | Val Loss: 0.7578 | Acc: 0.9837 | Prec: 0.4467 | Rec: 0.4930 | F1: 0.4687 | Hamming: 3.04 | Exact: 0.1356 | Time: 5.66s
Epoch 024 | Train Loss: 0.4585 | Val Loss: 0.7693 | Acc: 0.9837 | Prec: 0.4459 | Rec: 0.4922 | F1: 0.4679 | Hamming: 3.04 | Exact: 0.1378 | Time: 5.57s
Epoch 025 | Train Loss: 0.4504 | Val Loss: 0.7820 | Acc: 0.9836 | Prec: 0.4444 | Rec: 0.4906 | F1: 0.4664 | Hamming: 3.05 | Exact: 0.1356 | Time: 5.76s
Epoch 026 | Train Loss: 0.4390 | Val Loss: 0.8008 | Acc: 0.9836 | Prec: 0.4444 | Rec: 0.4906 | F1: 0.4664 | Hamming: 3.05 | Exact: 0.1378 | Time: 5.76s
Epoch 027 | Train Loss: 0.4398 | Val Loss: 0.8191 | Acc: 0.9836 | Prec: 0.4430 | Rec: 0.4890 | F1: 0.4648 | Hamming: 3.06 | Exact: 0.1333 | Time: 5.89s
Epoch 028 | Train Loss: 0.4315 | Val Loss: 0.8434 | Acc: 0.9836 | Prec: 0.4430 | Rec: 0.4890 | F1: 0.4648 | Hamming: 3.06 | Exact: 0.1333 | Time: 5.79s
Epoch 029 | Train Loss: 0.4273 | Val Loss: 0.8664 | Acc: 0.9836 | Prec: 0.4430 | Rec: 0.4890 | F1: 0.4648 | Hamming: 3.06 | Exact: 0.1267 | Time: 5.80s
Epoch 030 | Train Loss: 0.4216 | Val Loss: 0.8873 | Acc: 0.9837 | Prec: 0.4459 | Rec: 0.4922 | F1: 0.4679 | Hamming: 3.04 | Exact: 0.1311 | Time: 5.79s
Epoch 031 | Train Loss: 0.4213 | Val Loss: 0.9065 | Acc: 0.9837 | Prec: 0.4459 | Rec: 0.4922 | F1: 0.4679 | Hamming: 3.04 | Exact: 0.1289 | Time: 5.72s
Epoch 032 | Train Loss: 0.4112 | Val Loss: 0.9300 | Acc: 0.9835 | Prec: 0.4407 | Rec: 0.4865 | F1: 0.4625 | Hamming: 3.07 | Exact: 0.1311 | Time: 5.84s
Epoch 033 | Train Loss: 0.4165 | Val Loss: 0.9513 | Acc: 0.9835 | Prec: 0.4407 | Rec: 0.4865 | F1: 0.4625 | Hamming: 3.07 | Exact: 0.1289 | Time: 5.79s
Epoch 034 | Train Loss: 0.4029 | Val Loss: 0.9707 | Acc: 0.9834 | Prec: 0.4393 | Rec: 0.4849 | F1: 0.4609 | Hamming: 3.08 | Exact: 0.1289 | Time: 5.86s
Epoch 035 | Train Loss: 0.4002 | Val Loss: 0.9874 | Acc: 0.9834 | Prec: 0.4385 | Rec: 0.4841 | F1: 0.4602 | Hamming: 3.09 | Exact: 0.1267 | Time: 5.77s
Epoch 036 | Train Loss: 0.3914 | Val Loss: 1.0076 | Acc: 0.9835 | Prec: 0.4407 | Rec: 0.4865 | F1: 0.4625 | Hamming: 3.07 | Exact: 0.1267 | Time: 5.69s
Epoch 037 | Train Loss: 0.3888 | Val Loss: 1.0291 | Acc: 0.9833 | Prec: 0.4363 | Rec: 0.4816 | F1: 0.4578 | Hamming: 3.10 | Exact: 0.1178 | Time: 5.76s
Epoch 038 | Train Loss: 0.3851 | Val Loss: 1.0523 | Acc: 0.9832 | Prec: 0.4319 | Rec: 0.4767 | F1: 0.4532 | Hamming: 3.13 | Exact: 0.1178 | Time: 5.76s
Epoch 039 | Train Loss: 0.3832 | Val Loss: 1.0704 | Acc: 0.9832 | Prec: 0.4311 | Rec: 0.4759 | F1: 0.4524 | Hamming: 3.13 | Exact: 0.1178 | Time: 5.78s
Epoch 040 | Train Loss: 0.3749 | Val Loss: 1.0952 | Acc: 0.9832 | Prec: 0.4311 | Rec: 0.4759 | F1: 0.4524 | Hamming: 3.13 | Exact: 0.1200 | Time: 5.82s
Epoch 041 | Train Loss: 0.3781 | Val Loss: 1.1163 | Acc: 0.9831 | Prec: 0.4296 | Rec: 0.4742 | F1: 0.4508 | Hamming: 3.14 | Exact: 0.1200 | Time: 5.75s
Epoch 042 | Train Loss: 0.3658 | Val Loss: 1.1309 | Acc: 0.9832 | Prec: 0.4311 | Rec: 0.4759 | F1: 0.4524 | Hamming: 3.13 | Exact: 0.1200 | Time: 5.84s
Epoch 043 | Train Loss: 0.3603 | Val Loss: 1.1609 | Acc: 0.9831 | Prec: 0.4274 | Rec: 0.4718 | F1: 0.4485 | Hamming: 3.15 | Exact: 0.1200 | Time: 5.90s
Epoch 044 | Train Loss: 0.3576 | Val Loss: 1.1907 | Acc: 0.9831 | Prec: 0.4274 | Rec: 0.4718 | F1: 0.4485 | Hamming: 3.15 | Exact: 0.1178 | Time: 5.70s
Epoch 045 | Train Loss: 0.3487 | Val Loss: 1.2207 | Acc: 0.9830 | Prec: 0.4259 | Rec: 0.4702 | F1: 0.4469 | Hamming: 3.16 | Exact: 0.1156 | Time: 5.85s
Epoch 046 | Train Loss: 0.3539 | Val Loss: 1.2472 | Acc: 0.9830 | Prec: 0.4252 | Rec: 0.4693 | F1: 0.4462 | Hamming: 3.17 | Exact: 0.1178 | Time: 5.83s
Epoch 047 | Train Loss: 0.3448 | Val Loss: 1.2708 | Acc: 0.9829 | Prec: 0.4230 | Rec: 0.4669 | F1: 0.4438 | Hamming: 3.18 | Exact: 0.1178 | Time: 5.78s
Epoch 048 | Train Loss: 0.3422 | Val Loss: 1.2983 | Acc: 0.9828 | Prec: 0.4193 | Rec: 0.4628 | F1: 0.4400 | Hamming: 3.20 | Exact: 0.1156 | Time: 5.81s
Epoch 049 | Train Loss: 0.3411 | Val Loss: 1.3233 | Acc: 0.9827 | Prec: 0.4156 | Rec: 0.4587 | F1: 0.4361 | Hamming: 3.22 | Exact: 0.1133 | Time: 5.76s
Epoch 050 | Train Loss: 0.3342 | Val Loss: 1.3506 | Acc: 0.9828 | Prec: 0.4193 | Rec: 0.4628 | F1: 0.4400 | Hamming: 3.20 | Exact: 0.1156 | Time: 5.74s

Total training time for edge_transformer_shortest_path_onein_final: 289.44 seconds
Average epoch time: 5.79 seconds
Best epoch: 9 | Best validation loss: 0.658663
Best model saved to: saved_models/edge_transformer_shortest_path_onein_final_best_model.pt
Final model saved to: saved_models/edge_transformer_shortest_path_onein_final_final_model.pt
Saved new best model at epoch 1 with validation loss 0.619344
Epoch 001 | Train Loss: 0.8507 | Val Loss: 0.6193 | Acc: 0.9827 | Prec: 0.4148 | Rec: 0.4579 | F1: 0.4353 | Hamming: 3.23 | Exact: 0.1000 | Time: 3.80s
Saved new best model at epoch 2 with validation loss 0.610718
Epoch 002 | Train Loss: 0.5849 | Val Loss: 0.6107 | Acc: 0.9825 | Prec: 0.4111 | Rec: 0.4538 | F1: 0.4314 | Hamming: 3.25 | Exact: 0.0978 | Time: 3.55s
Saved new best model at epoch 3 with validation loss 0.602074
Epoch 003 | Train Loss: 0.5729 | Val Loss: 0.6021 | Acc: 0.9825 | Prec: 0.4096 | Rec: 0.4522 | F1: 0.4298 | Hamming: 3.26 | Exact: 0.1044 | Time: 3.53s
Saved new best model at epoch 4 with validation loss 0.593148
Epoch 004 | Train Loss: 0.5682 | Val Loss: 0.5931 | Acc: 0.9830 | Prec: 0.4267 | Rec: 0.4710 | F1: 0.4477 | Hamming: 3.16 | Exact: 0.1156 | Time: 3.55s
Saved new best model at epoch 5 with validation loss 0.584279
Epoch 005 | Train Loss: 0.5565 | Val Loss: 0.5843 | Acc: 0.9833 | Prec: 0.4341 | Rec: 0.4791 | F1: 0.4555 | Hamming: 3.11 | Exact: 0.1178 | Time: 3.53s
Saved new best model at epoch 6 with validation loss 0.577130
Epoch 006 | Train Loss: 0.5480 | Val Loss: 0.5771 | Acc: 0.9835 | Prec: 0.4415 | Rec: 0.4873 | F1: 0.4633 | Hamming: 3.07 | Exact: 0.1111 | Time: 3.44s
Saved new best model at epoch 7 with validation loss 0.575892
Epoch 007 | Train Loss: 0.5409 | Val Loss: 0.5759 | Acc: 0.9835 | Prec: 0.4415 | Rec: 0.4873 | F1: 0.4633 | Hamming: 3.07 | Exact: 0.1156 | Time: 3.48s
Saved new best model at epoch 8 with validation loss 0.573801
Epoch 008 | Train Loss: 0.5357 | Val Loss: 0.5738 | Acc: 0.9834 | Prec: 0.4378 | Rec: 0.4832 | F1: 0.4594 | Hamming: 3.09 | Exact: 0.1067 | Time: 3.45s
Saved new best model at epoch 9 with validation loss 0.568985
Epoch 009 | Train Loss: 0.5274 | Val Loss: 0.5690 | Acc: 0.9834 | Prec: 0.4378 | Rec: 0.4832 | F1: 0.4594 | Hamming: 3.09 | Exact: 0.1067 | Time: 3.60s
Saved new best model at epoch 10 with validation loss 0.563160
Epoch 010 | Train Loss: 0.5212 | Val Loss: 0.5632 | Acc: 0.9835 | Prec: 0.4400 | Rec: 0.4857 | F1: 0.4617 | Hamming: 3.08 | Exact: 0.1111 | Time: 3.61s
Saved new best model at epoch 11 with validation loss 0.562029
Epoch 011 | Train Loss: 0.5163 | Val Loss: 0.5620 | Acc: 0.9834 | Prec: 0.4393 | Rec: 0.4849 | F1: 0.4609 | Hamming: 3.08 | Exact: 0.1156 | Time: 3.57s
Epoch 012 | Train Loss: 0.5140 | Val Loss: 0.5628 | Acc: 0.9835 | Prec: 0.4407 | Rec: 0.4865 | F1: 0.4625 | Hamming: 3.07 | Exact: 0.1200 | Time: 3.55s
Epoch 013 | Train Loss: 0.5134 | Val Loss: 0.5654 | Acc: 0.9835 | Prec: 0.4422 | Rec: 0.4881 | F1: 0.4640 | Hamming: 3.06 | Exact: 0.1222 | Time: 3.57s
Epoch 014 | Train Loss: 0.5115 | Val Loss: 0.5645 | Acc: 0.9835 | Prec: 0.4422 | Rec: 0.4881 | F1: 0.4640 | Hamming: 3.06 | Exact: 0.1200 | Time: 3.58s
Epoch 015 | Train Loss: 0.5087 | Val Loss: 0.5650 | Acc: 0.9835 | Prec: 0.4415 | Rec: 0.4873 | F1: 0.4633 | Hamming: 3.07 | Exact: 0.1222 | Time: 3.54s
Epoch 016 | Train Loss: 0.5066 | Val Loss: 0.5656 | Acc: 0.9833 | Prec: 0.4363 | Rec: 0.4816 | F1: 0.4578 | Hamming: 3.10 | Exact: 0.1156 | Time: 3.54s
Epoch 017 | Train Loss: 0.5042 | Val Loss: 0.5669 | Acc: 0.9834 | Prec: 0.4370 | Rec: 0.4824 | F1: 0.4586 | Hamming: 3.10 | Exact: 0.1178 | Time: 3.54s
Epoch 018 | Train Loss: 0.5022 | Val Loss: 0.5654 | Acc: 0.9834 | Prec: 0.4393 | Rec: 0.4849 | F1: 0.4609 | Hamming: 3.08 | Exact: 0.1156 | Time: 3.58s
Epoch 019 | Train Loss: 0.5000 | Val Loss: 0.5658 | Acc: 0.9834 | Prec: 0.4370 | Rec: 0.4824 | F1: 0.4586 | Hamming: 3.10 | Exact: 0.1156 | Time: 3.55s
Epoch 020 | Train Loss: 0.4989 | Val Loss: 0.5673 | Acc: 0.9833 | Prec: 0.4356 | Rec: 0.4808 | F1: 0.4571 | Hamming: 3.10 | Exact: 0.1156 | Time: 3.55s
Epoch 021 | Train Loss: 0.4956 | Val Loss: 0.5689 | Acc: 0.9832 | Prec: 0.4333 | Rec: 0.4783 | F1: 0.4547 | Hamming: 3.12 | Exact: 0.1156 | Time: 3.57s
Epoch 022 | Train Loss: 0.4942 | Val Loss: 0.5692 | Acc: 0.9833 | Prec: 0.4341 | Rec: 0.4791 | F1: 0.4555 | Hamming: 3.11 | Exact: 0.1133 | Time: 3.56s
Epoch 023 | Train Loss: 0.4898 | Val Loss: 0.5680 | Acc: 0.9832 | Prec: 0.4326 | Rec: 0.4775 | F1: 0.4539 | Hamming: 3.12 | Exact: 0.1133 | Time: 3.55s
Epoch 024 | Train Loss: 0.4880 | Val Loss: 0.5675 | Acc: 0.9833 | Prec: 0.4363 | Rec: 0.4816 | F1: 0.4578 | Hamming: 3.10 | Exact: 0.1178 | Time: 3.57s
Epoch 025 | Train Loss: 0.4872 | Val Loss: 0.5662 | Acc: 0.9832 | Prec: 0.4333 | Rec: 0.4783 | F1: 0.4547 | Hamming: 3.12 | Exact: 0.1111 | Time: 3.56s
Epoch 026 | Train Loss: 0.4840 | Val Loss: 0.5662 | Acc: 0.9833 | Prec: 0.4363 | Rec: 0.4816 | F1: 0.4578 | Hamming: 3.10 | Exact: 0.1156 | Time: 3.56s
Epoch 027 | Train Loss: 0.4818 | Val Loss: 0.5666 | Acc: 0.9834 | Prec: 0.4378 | Rec: 0.4832 | F1: 0.4594 | Hamming: 3.09 | Exact: 0.1178 | Time: 3.60s
Epoch 028 | Train Loss: 0.4798 | Val Loss: 0.5669 | Acc: 0.9834 | Prec: 0.4370 | Rec: 0.4824 | F1: 0.4586 | Hamming: 3.10 | Exact: 0.1156 | Time: 3.59s
Epoch 029 | Train Loss: 0.4798 | Val Loss: 0.5671 | Acc: 0.9833 | Prec: 0.4348 | Rec: 0.4800 | F1: 0.4563 | Hamming: 3.11 | Exact: 0.1133 | Time: 3.55s
Epoch 030 | Train Loss: 0.4807 | Val Loss: 0.5685 | Acc: 0.9832 | Prec: 0.4326 | Rec: 0.4775 | F1: 0.4539 | Hamming: 3.12 | Exact: 0.1133 | Time: 3.57s
Epoch 031 | Train Loss: 0.4773 | Val Loss: 0.5697 | Acc: 0.9832 | Prec: 0.4304 | Rec: 0.4751 | F1: 0.4516 | Hamming: 3.14 | Exact: 0.1133 | Time: 3.59s
Epoch 032 | Train Loss: 0.4734 | Val Loss: 0.5703 | Acc: 0.9831 | Prec: 0.4296 | Rec: 0.4742 | F1: 0.4508 | Hamming: 3.14 | Exact: 0.1089 | Time: 3.56s
Epoch 033 | Train Loss: 0.4733 | Val Loss: 0.5706 | Acc: 0.9831 | Prec: 0.4296 | Rec: 0.4742 | F1: 0.4508 | Hamming: 3.14 | Exact: 0.1089 | Time: 3.58s
Epoch 034 | Train Loss: 0.4705 | Val Loss: 0.5718 | Acc: 0.9831 | Prec: 0.4281 | Rec: 0.4726 | F1: 0.4493 | Hamming: 3.15 | Exact: 0.1044 | Time: 3.56s
Epoch 035 | Train Loss: 0.4706 | Val Loss: 0.5735 | Acc: 0.9831 | Prec: 0.4289 | Rec: 0.4734 | F1: 0.4501 | Hamming: 3.14 | Exact: 0.1000 | Time: 3.58s
Epoch 036 | Train Loss: 0.4683 | Val Loss: 0.5747 | Acc: 0.9832 | Prec: 0.4311 | Rec: 0.4759 | F1: 0.4524 | Hamming: 3.13 | Exact: 0.1022 | Time: 3.59s
Epoch 037 | Train Loss: 0.4667 | Val Loss: 0.5764 | Acc: 0.9832 | Prec: 0.4319 | Rec: 0.4767 | F1: 0.4532 | Hamming: 3.13 | Exact: 0.1044 | Time: 3.57s
Epoch 038 | Train Loss: 0.4626 | Val Loss: 0.5767 | Acc: 0.9833 | Prec: 0.4356 | Rec: 0.4808 | F1: 0.4571 | Hamming: 3.10 | Exact: 0.1044 | Time: 3.57s
Epoch 039 | Train Loss: 0.4621 | Val Loss: 0.5783 | Acc: 0.9833 | Prec: 0.4348 | Rec: 0.4800 | F1: 0.4563 | Hamming: 3.11 | Exact: 0.1044 | Time: 3.55s
Epoch 040 | Train Loss: 0.4606 | Val Loss: 0.5801 | Acc: 0.9833 | Prec: 0.4341 | Rec: 0.4791 | F1: 0.4555 | Hamming: 3.11 | Exact: 0.1044 | Time: 3.53s
Epoch 041 | Train Loss: 0.4581 | Val Loss: 0.5821 | Acc: 0.9833 | Prec: 0.4348 | Rec: 0.4800 | F1: 0.4563 | Hamming: 3.11 | Exact: 0.1022 | Time: 3.61s
Epoch 042 | Train Loss: 0.4553 | Val Loss: 0.5836 | Acc: 0.9833 | Prec: 0.4341 | Rec: 0.4791 | F1: 0.4555 | Hamming: 3.11 | Exact: 0.1067 | Time: 3.60s
Epoch 043 | Train Loss: 0.4563 | Val Loss: 0.5857 | Acc: 0.9833 | Prec: 0.4348 | Rec: 0.4800 | F1: 0.4563 | Hamming: 3.11 | Exact: 0.1067 | Time: 3.57s
Epoch 044 | Train Loss: 0.4525 | Val Loss: 0.5878 | Acc: 0.9833 | Prec: 0.4348 | Rec: 0.4800 | F1: 0.4563 | Hamming: 3.11 | Exact: 0.1067 | Time: 3.58s
Epoch 045 | Train Loss: 0.4528 | Val Loss: 0.5907 | Acc: 0.9833 | Prec: 0.4348 | Rec: 0.4800 | F1: 0.4563 | Hamming: 3.11 | Exact: 0.1067 | Time: 3.59s
Epoch 046 | Train Loss: 0.4546 | Val Loss: 0.5941 | Acc: 0.9833 | Prec: 0.4348 | Rec: 0.4800 | F1: 0.4563 | Hamming: 3.11 | Exact: 0.1067 | Time: 3.58s
Epoch 047 | Train Loss: 0.4479 | Val Loss: 0.5958 | Acc: 0.9833 | Prec: 0.4341 | Rec: 0.4791 | F1: 0.4555 | Hamming: 3.11 | Exact: 0.1067 | Time: 3.57s
Epoch 048 | Train Loss: 0.4462 | Val Loss: 0.5974 | Acc: 0.9832 | Prec: 0.4333 | Rec: 0.4783 | F1: 0.4547 | Hamming: 3.12 | Exact: 0.1067 | Time: 3.57s
Epoch 049 | Train Loss: 0.4457 | Val Loss: 0.5992 | Acc: 0.9832 | Prec: 0.4319 | Rec: 0.4767 | F1: 0.4532 | Hamming: 3.13 | Exact: 0.1067 | Time: 3.55s
Epoch 050 | Train Loss: 0.4431 | Val Loss: 0.6011 | Acc: 0.9832 | Prec: 0.4326 | Rec: 0.4775 | F1: 0.4539 | Hamming: 3.12 | Exact: 0.1089 | Time: 3.56s

Total training time for gnn_shortest_path_onein_final: 178.32 seconds
Average epoch time: 3.57 seconds
Best epoch: 11 | Best validation loss: 0.562029
Best model saved to: saved_models/gnn_shortest_path_onein_final_best_model.pt
Final model saved to: saved_models/gnn_shortest_path_onein_final_final_model.pt
