Traceback (most recent call last):
  File "/home/emma.allen/ED-Allen-NPS-Thesis/evaluation/evaluate.py", line 719, in <module>
    evaluate()
  File "/home/emma.allen/ED-Allen-NPS-Thesis/evaluation/evaluate.py", line 215, in evaluate
    with open(graph_path, "rb") as f:
         ^^^^^^^^^^^^^^^^^^^^^^
FileNotFoundError: [Errno 2] No such file or directory: 'evaluation_graphs/shortest_path_wood_graphs.pkl'
Traceback (most recent call last):
  File "/home/emma.allen/ED-Allen-NPS-Thesis/evaluation/evaluate.py", line 719, in <module>
    evaluate()
  File "/home/emma.allen/ED-Allen-NPS-Thesis/evaluation/evaluate.py", line 215, in evaluate
    with open(graph_path, "rb") as f:
         ^^^^^^^^^^^^^^^^^^^^^^
FileNotFoundError: [Errno 2] No such file or directory: 'evaluation_graphs/shortest_path_wood_graphs.pkl'
Traceback (most recent call last):
  File "/home/emma.allen/ED-Allen-NPS-Thesis/evaluation/evaluate.py", line 719, in <module>
    evaluate()
  File "/home/emma.allen/ED-Allen-NPS-Thesis/evaluation/evaluate.py", line 215, in evaluate
    with open(graph_path, "rb") as f:
         ^^^^^^^^^^^^^^^^^^^^^^
FileNotFoundError: [Errno 2] No such file or directory: 'evaluation_graphs/shortest_path_wood_graphs.pkl'
Traceback (most recent call last):
  File "/home/emma.allen/ED-Allen-NPS-Thesis/evaluation/evaluate.py", line 719, in <module>
    evaluate()
  File "/home/emma.allen/ED-Allen-NPS-Thesis/evaluation/evaluate.py", line 215, in evaluate
    with open(graph_path, "rb") as f:
         ^^^^^^^^^^^^^^^^^^^^^^
FileNotFoundError: [Errno 2] No such file or directory: 'evaluation_graphs/shortest_path_wood_graphs.pkl'
Traceback (most recent call last):
  File "/home/emma.allen/ED-Allen-NPS-Thesis/evaluation/evaluate.py", line 719, in <module>
    evaluate()
  File "/home/emma.allen/ED-Allen-NPS-Thesis/evaluation/evaluate.py", line 215, in evaluate
    with open(graph_path, "rb") as f:
         ^^^^^^^^^^^^^^^^^^^^^^
FileNotFoundError: [Errno 2] No such file or directory: 'evaluation_graphs/shortest_path_wood_graphs.pkl'
